Process-local Git default: master
Command: bash tests/fm-remote-secondmate-lifecycle-e2e.test.sh
ok - overlapping remote home provisioning serializes through publication and rollback
ok - remote seed rollback preserves serialized competing routes
ok - unknown readiness preserves its route and brief for reconciliation
ok - remote seeding checks, repairs, and re-checks readiness, then stops on a remaining gap
ok - remote seeding proceeds once the repair closes every gap
ok - remote seeding provisions a supplied origin without touching the primary project tree
ok - remote provisioning re-validates a supplied origin at the receiving host
ok - seeding carries bitbucket, self-hosted, and scp-like origins through to the remote clone
ok - remote seed registers the route and provisions the whole home and project clone on that host
ok - remote inheritance rejects incomplete and superseded payload generations
ok - mixed local and remote routes validate without migration
ok - remote spawn launches on the remote-local backend and records a host-qualified route
ok - legacy and mismatched remote endpoints fail closed before backend access
ok - non-herdr remote endpoints are refused without changing either route
ok - remote spawn serializes inheritance through launch publication
cannot retire terminal source; it remains registered: remote-reply-ios
ok - marked send and routed reply complete through the existing parent correlation owner
cannot retire terminal source; it remains registered: remote-reply-ios
ok - partial remote inheritance retains reread intent through bootstrap convergence
ok - config push and bootstrap serialize remote inheritance convergence
WARNING: watcher still down (same stale episode; last beat: 99s ago, grace 300s) - full banner already printed this episode.
cannot retire terminal source; it remains registered: remote-reply-ios
ok - remote inherited config retains and retries a failed live reread nudge
cannot retire terminal source; it remains registered: remote-reply-ios
cannot retire terminal source; it remains registered: remote-reply-ios
cannot retire terminal source; it remains registered: remote-reply-ios
ok - fleet snapshot projects mixed local and remote structured state
ok - remote update imports and fast-forwards the persistent home on its configured host
not ok - the host-local restart did not reach the control plane's own pre-stop checkpoint (missing: 'refusing to relaunch without a checkout whose unlanded work can be accounted for')
--- output ---
error: task ios's recorded worktree /Users/mremond/.no-mistakes/worktrees/acf4a767348a/01M20T4ZN7H0BNK630CKNGV56A/.no-mistakes/local-test-alpha/current-full-isolated-master/fm-remote-secondmate-e2e.uT0aKl/not-a-checkout is not a worktree root (root is /Users/mremond/.no-mistakes/worktrees/acf4a767348a/01M20T4ZN7H0BNK630CKNGV56A/.no-mistakes/local-test-alpha/current-full-isolated-master); refusing to relaunch against an ambiguous checkout

RUN_RESULT exit_code=1 elapsed_seconds=310.46
