[
  {
    "entrypoint": "fm-merge-local.sh",
    "observed_real_lock_wait": true,
    "record_change": "original-incarnation -> replacement-incarnation",
    "exit": 1,
    "stdout": "",
    "stderr": "\u25cf\u2501\u2501\u2501\u2501\u2501\u2501\u2501\u2501\u2501\u2501\u2501\u2501\u2501\u2501\u2501\u2501\u2501\u2501\u2501\u2501\u2501\u2501\u2501\u2501\u2501\u2501\u2501\u2501\u2501\u2501\u2501\u2501\u2501\u2501\u2501\u2501\u2501\u2501\u2501\u2501\u2501\u2501\u2501\u2501\u2501\u2501\u2501\u2501\u2501\u2501\u2501\u2501\u2501\u2501\u2501\u2501\u2501\u2501\u2501\u2501\u2501\u2501\u2501\u2501\u2501\u2501\u2501\u2501\u2501\u2501\u2501\n\u25cf  WATCHER DOWN - SUPERVISION IS OFF\n\u25cf  1 task(s) in flight, but no watcher has a fresh beacon (last beat: never, grace 300s).\n\u25cf  Trust the emitted supervision protocol for this harness; do not use shell & for watcher repair.\n\u25cf  This is a supervision warning only; the guarded operation WILL still run.\n\u25cf  repair missing watcher supervision with a foreground checkpoint: bin/fm-watch-checkpoint.sh --seconds 180.\n\u25cf\u2501\u2501\u2501\u2501\u2501\u2501\u2501\u2501\u2501\u2501\u2501\u2501\u2501\u2501\u2501\u2501\u2501\u2501\u2501\u2501\u2501\u2501\u2501\u2501\u2501\u2501\u2501\u2501\u2501\u2501\u2501\u2501\u2501\u2501\u2501\u2501\u2501\u2501\u2501\u2501\u2501\u2501\u2501\u2501\u2501\u2501\u2501\u2501\u2501\u2501\u2501\u2501\u2501\u2501\u2501\u2501\u2501\u2501\u2501\u2501\u2501\u2501\u2501\u2501\u2501\u2501\u2501\u2501\u2501\u2501\u2501\nerror: task same-id changed incarnation while waiting to merge; refusing\n",
    "replacement_metadata_preserved": true,
    "lock_released": true
  },
  {
    "entrypoint": "fm-pr-merge.sh",
    "observed_real_lock_wait": true,
    "record_change": "original-incarnation -> replacement-incarnation",
    "exit": 1,
    "stdout": "",
    "stderr": "error: task same-id changed incarnation while waiting to merge; refusing\n",
    "replacement_metadata_preserved": true,
    "lock_released": true
  }
]
