
COMMAND: FM_TEST_ONLY=test_busy_turn_at_unchanged_parked_gate_wakes_as_looping bash tests/fm-watch-triage.test.sh
ok - the structural parked-gate proxy wakes as looping and names its limitation

COMMAND: FM_TEST_ONLY=test_parked_loop_run_step_change_keeps_working bash tests/fm-watch-triage.test.sh
ok - a busy worker whose run-step changes keeps reading as working, never looping

COMMAND: FM_TEST_ONLY=test_parked_loop_worktree_write_keeps_working bash tests/fm-watch-triage.test.sh
ok - a busy worker writing its worktree at a parked gate keeps reading as working

COMMAND: FM_TEST_ONLY=test_parked_loop_completed_turn_ends_episode bash tests/fm-watch-triage.test.sh
ok - a worker that completes a turn at its parked gate does not read as looping

COMMAND: FM_TEST_ONLY=test_parked_loop_steer_still_resumes_worker bash tests/fm-watch-triage.test.sh
ok - a steer still reaches and resumes a looping worker, and the classification clears

COMMAND: FM_TEST_ONLY=test_parked_loop_inner_notifications_keep_episode bash tests/fm-watch-triage.test.sh
ok - Pi, pi-signed, and omp inner notifications do not reset or defer looping

COMMAND: FM_TEST_ONLY=test_parked_loop_busy_revisions_keep_episode bash tests/fm-watch-triage.test.sh
ok - OpenCode busy and retry revisions preserve episode identity and age

COMMAND: FM_TEST_ONLY=test_parked_loop_rearm_ends_episode bash tests/fm-watch-triage.test.sh
ok - a new busy generation clears looping even when its sequence repeats

COMMAND: FM_TEST_ONLY=test_parked_loop_default_and_zero_use_900_seconds bash tests/fm-watch-triage.test.sh
ok - default, zero, and invalid loop intervals use the positive 900s window

COMMAND: FM_TEST_ONLY=test_parked_loop_recordless_busy_wakes bash tests/fm-watch-triage.test.sh
ok - recordless transcript, session-log, rendered, and native busy sources qualify for looping

COMMAND: FM_TEST_ONLY=test_parked_loop_away_mode_wakes bash tests/fm-watch-triage.test.sh
ok - away and quiet notification churn preserves bounded looping checks and daemon escalation
