Commit: b1ad702fafdd03d94e5ce47cd4ba86e589ad33d6
Synthetic credentials only; no real account or server used.

$ FM_HOME=/Users/mremond/.no-mistakes/worktrees/acf4a767348a/01M25ATVD3PSSRADPY7RVSYKZM/.origin-cli-validation/base-two-credential-origin-mismatch/main /Users/mremond/.no-mistakes/worktrees/acf4a767348a/01M25ATVD3PSSRADPY7RVSYKZM/.origin-cli-validation/code-base/bin/fm-home-seed.sh origin-check /Users/mremond/.no-mistakes/worktrees/acf4a767348a/01M25ATVD3PSSRADPY7RVSYKZM/.origin-cli-validation/base-two-credential-origin-mismatch/seeded alpha
exit: 1
stdout:
(empty)

stderr:
error: seeded project alpha at /Users/mremond/.no-mistakes/worktrees/acf4a767348a/01M25ATVD3PSSRADPY7RVSYKZM/.origin-cli-validation/base-two-credential-origin-mismatch/seeded/projects/alpha has origin https://synthetic-destination-user:synthetic-destination-password@destination-host.invalid/destination-private-repo.git; expected https://synthetic-source-user:synthetic-source-password@source-host.invalid/source-private-repo.git

Checks:
{
  "label": "base",
  "name": "two-credential-origin-mismatch",
  "exit": 1,
  "command": "/Users/mremond/.no-mistakes/worktrees/acf4a767348a/01M25ATVD3PSSRADPY7RVSYKZM/.origin-cli-validation/code-base/bin/fm-home-seed.sh origin-check /Users/mremond/.no-mistakes/worktrees/acf4a767348a/01M25ATVD3PSSRADPY7RVSYKZM/.origin-cli-validation/base-two-credential-origin-mismatch/seeded alpha",
  "live": true,
  "passed": true,
  "synthetic_origin_components_in_output": [
    "synthetic-source-user",
    "synthetic-source-password",
    "source-host.invalid",
    "/source-private-repo.git",
    "synthetic-destination-user",
    "synthetic-destination-password",
    "destination-host.invalid",
    "/destination-private-repo.git"
  ],
  "source_and_destination_preserved": true,
  "expected_registry_and_markers": true,
  "useful_diagnostic": true
}
