Commit: 4c4f2553d3c36ff59d3d571bdd8608ddd88effca
Synthetic credentials only; no real account or server used.

$ FM_HOME=/Users/mremond/.no-mistakes/worktrees/acf4a767348a/01M25ATVD3PSSRADPY7RVSYKZM/.origin-cli-validation/target-matching-credential-origins/main /Users/mremond/.no-mistakes/worktrees/acf4a767348a/01M25ATVD3PSSRADPY7RVSYKZM/.origin-cli-validation/code-target/bin/fm-home-seed.sh origin-check /Users/mremond/.no-mistakes/worktrees/acf4a767348a/01M25ATVD3PSSRADPY7RVSYKZM/.origin-cli-validation/target-matching-credential-origins/seeded alpha
exit: 0
stdout:
home=/Users/mremond/.no-mistakes/worktrees/acf4a767348a/01M25ATVD3PSSRADPY7RVSYKZM/.origin-cli-validation/target-matching-credential-origins/seeded

stderr:
(empty)

Checks:
{
  "label": "target",
  "name": "matching-credential-origins",
  "exit": 0,
  "command": "/Users/mremond/.no-mistakes/worktrees/acf4a767348a/01M25ATVD3PSSRADPY7RVSYKZM/.origin-cli-validation/code-target/bin/fm-home-seed.sh origin-check /Users/mremond/.no-mistakes/worktrees/acf4a767348a/01M25ATVD3PSSRADPY7RVSYKZM/.origin-cli-validation/target-matching-credential-origins/seeded alpha",
  "live": true,
  "passed": true,
  "synthetic_origin_components_in_output": [],
  "source_and_destination_preserved": true,
  "expected_registry_and_markers": true,
  "useful_diagnostic": true
}

Persisted secondmate registry:
- origin-check - Synthetic origin validation (home: /Users/mremond/.no-mistakes/worktrees/acf4a767348a/01M25ATVD3PSSRADPY7RVSYKZM/.origin-cli-validation/target-matching-credential-origins/seeded; scope: Synthetic origin validation; projects: alpha; added 2026-09-10)

Persisted identity marker:
origin-check
