Commit: 4c4f2553d3c36ff59d3d571bdd8608ddd88effca
Synthetic credentials only; no real account or server used.

$ FM_HOME=/Users/mremond/.no-mistakes/worktrees/acf4a767348a/01M25ATVD3PSSRADPY7RVSYKZM/.origin-cli-validation/target-rejected-configured-origin/main /Users/mremond/.no-mistakes/worktrees/acf4a767348a/01M25ATVD3PSSRADPY7RVSYKZM/.origin-cli-validation/code-target/bin/fm-remote-home-seed.sh origin-check nonexistent-origin-validation-host /Users/mremond/.no-mistakes/worktrees/acf4a767348a/01M25ATVD3PSSRADPY7RVSYKZM/.origin-cli-validation/target-rejected-configured-origin/remote-code /Users/mremond/.no-mistakes/worktrees/acf4a767348a/01M25ATVD3PSSRADPY7RVSYKZM/.origin-cli-validation/target-rejected-configured-origin/remote-home alpha
exit: 1
stdout:
(empty)

stderr:
error: project alpha origin is not an accepted clone URL; inspect the origin of the clone at /Users/mremond/.no-mistakes/worktrees/acf4a767348a/01M25ATVD3PSSRADPY7RVSYKZM/.origin-cli-validation/target-rejected-configured-origin/main/projects/alpha, or pass an accepted one as alpha=<origin-url>

Checks:
{
  "label": "target",
  "name": "rejected-configured-origin",
  "exit": 1,
  "command": "/Users/mremond/.no-mistakes/worktrees/acf4a767348a/01M25ATVD3PSSRADPY7RVSYKZM/.origin-cli-validation/code-target/bin/fm-remote-home-seed.sh origin-check nonexistent-origin-validation-host /Users/mremond/.no-mistakes/worktrees/acf4a767348a/01M25ATVD3PSSRADPY7RVSYKZM/.origin-cli-validation/target-rejected-configured-origin/remote-code /Users/mremond/.no-mistakes/worktrees/acf4a767348a/01M25ATVD3PSSRADPY7RVSYKZM/.origin-cli-validation/target-rejected-configured-origin/remote-home alpha",
  "live": true,
  "passed": true,
  "synthetic_origin_components_in_output": [],
  "source_and_destination_preserved": true,
  "expected_registry_and_markers": true,
  "useful_diagnostic": true
}
