Target: fadcf45b24e4ea3d9103e6d118431222c8e2e6bf
Real tasks-axi 0.2.6; no fake CLI or backend.

$ /Users/mremond/.no-mistakes/worktrees/acf4a767348a/01M3W33QQYV7FCM041WC2819ZB/bin/fm-lab-home.sh create /Users/mremond/.no-mistakes/worktrees/acf4a767348a/01M3W33QQYV7FCM041WC2819ZB/.fm5712-live-153q4712/closed-inventory
/Users/mremond/.no-mistakes/worktrees/acf4a767348a/01M3W33QQYV7FCM041WC2819ZB/.fm5712-live-153q4712/closed-inventory
[exit 0]

$ /Users/mremond/.no-mistakes/worktrees/acf4a767348a/01M3W33QQYV7FCM041WC2819ZB/bin/fm-tasks-axi.sh add origin-a origin-a --kind scout
ok: added origin-a (scout) -> Queued
task:
  id: origin-a
  title: origin-a
  state: queued
  blocked: no
  blocked_by: none
  held: no
  hold_reason: "-"
  hold_kind: "-"
  hold_until: "-"
  kind: scout
  repo: "-"
  priority: "-"
  created: 2026-10-01
  closed: "-"
  deps: none
  links: none
  body: ""
help[2]:
  - Run `tasks-axi start origin-a` to move it to in flight
  - Run `tasks-axi block origin-a --by <other>` to record a dependency
[exit 0]

$ /Users/mremond/.no-mistakes/worktrees/acf4a767348a/01M3W33QQYV7FCM041WC2819ZB/bin/fm-tasks-axi.sh add origin-b origin-b --kind scout
ok: added origin-b (scout) -> Queued
task:
  id: origin-b
  title: origin-b
  state: queued
  blocked: no
  blocked_by: none
  held: no
  hold_reason: "-"
  hold_kind: "-"
  hold_until: "-"
  kind: scout
  repo: "-"
  priority: "-"
  created: 2026-10-01
  closed: "-"
  deps: none
  links: none
  body: ""
help[2]:
  - Run `tasks-axi start origin-b` to move it to in flight
  - Run `tasks-axi block origin-b --by <other>` to record a dependency
[exit 0]

$ /Users/mremond/.no-mistakes/worktrees/acf4a767348a/01M3W33QQYV7FCM041WC2819ZB/bin/fm-captain-hold.sh hold recorded --title 'Recorded call' --reason 'Choose (north)' --origin origin-a
recorded
[exit 0]

$ /Users/mremond/.no-mistakes/worktrees/acf4a767348a/01M3W33QQYV7FCM041WC2819ZB/bin/fm-captain-hold.sh answer recorded --decision-file /Users/mremond/.no-mistakes/worktrees/acf4a767348a/01M3W33QQYV7FCM041WC2819ZB/.fm5712-live-153q4712/closed-inventory/answer.txt
answered: recorded
[exit 0]

$ /Users/mremond/.no-mistakes/worktrees/acf4a767348a/01M3W33QQYV7FCM041WC2819ZB/bin/fm-tasks-axi.sh show recorded --full
task:
  id: recorded
  title: Recorded call
  state: done
  blocked: no
  blocked_by: none
  held: no
  hold_reason: "Choose (north)"
  hold_kind: captain
  hold_until: "-"
  kind: captain
  repo: firstmate
  priority: "-"
  created: "-"
  closed: 2026-10-01
  deps: none
  links: none
  body: "Resolution recorded by fm-captain-hold.\nDecision digest: c5d7673156a4334ac0eadb0ddb39382459e89aca55c08a86539ed4bde4e30dd1\nResolution mode: answered\n\nCaptain decision:\nUse north. Synthetic validation answer.\n\nCaptain hold origin: origin-a\n\nOrigin: origin-a"
[exit 0]

$ /Users/mremond/.no-mistakes/worktrees/acf4a767348a/01M3W33QQYV7FCM041WC2819ZB/bin/fm-captain-hold.sh complete origin-a recorded
complete: origin-a captain-call inventory reviewed (recorded)
[exit 0]

$ /Users/mremond/.no-mistakes/worktrees/acf4a767348a/01M3W33QQYV7FCM041WC2819ZB/bin/fm-captain-hold.sh verify origin-a
verified: origin-a captain-call inventory
[exit 0]

$ /Users/mremond/.no-mistakes/worktrees/acf4a767348a/01M3W33QQYV7FCM041WC2819ZB/bin/fm-captain-hold.sh complete origin-b recorded
stderr:
fm-captain-hold: captain-held task recorded was held for origin origin-a, not origin-b; hold a task for origin-b or list the right one
[exit 1]

$ /Users/mremond/.no-mistakes/worktrees/acf4a767348a/01M3W33QQYV7FCM041WC2819ZB/bin/fm-tasks-axi.sh add legacy 'Old call' --kind captain
ok: added legacy (captain) -> Queued
task:
  id: legacy
  title: Old call
  state: queued
  blocked: no
  blocked_by: none
  held: no
  hold_reason: "-"
  hold_kind: "-"
  hold_until: "-"
  kind: captain
  repo: "-"
  priority: "-"
  created: 2026-10-01
  closed: "-"
  deps: none
  links: none
  body: ""
help[2]:
  - Run `tasks-axi start legacy` to move it to in flight
  - Run `tasks-axi block legacy --by <other>` to record a dependency
[exit 0]

$ tasks-axi hold legacy --reason 'Old hold' --kind captain
ok: hold legacy -> held (captain)
task:
  id: legacy
  title: Old call
  state: queued
  blocked: no
  blocked_by: none
  held: yes
  hold_reason: Old hold
  hold_kind: captain
  hold_until: "-"
  kind: captain
  repo: "-"
  priority: "-"
  created: 2026-10-01
  closed: "-"
  deps: none
  links: none
  body: ""
help[2]:
  - Run `tasks-axi unhold legacy` to resume dispatch
  - Run `tasks-axi ready --include-held` to review paused work
[exit 0]

$ /Users/mremond/.no-mistakes/worktrees/acf4a767348a/01M3W33QQYV7FCM041WC2819ZB/bin/fm-captain-hold.sh answer legacy --decision-file /Users/mremond/.no-mistakes/worktrees/acf4a767348a/01M3W33QQYV7FCM041WC2819ZB/.fm5712-live-153q4712/closed-inventory/answer.txt
answered: legacy
[exit 0]

$ /Users/mremond/.no-mistakes/worktrees/acf4a767348a/01M3W33QQYV7FCM041WC2819ZB/bin/fm-captain-hold.sh complete origin-b legacy
complete: origin-b captain-call inventory reviewed (legacy) [no recorded origin on: legacy; not checked against origin-b]
[exit 0]

$ /Users/mremond/.no-mistakes/worktrees/acf4a767348a/01M3W33QQYV7FCM041WC2819ZB/bin/fm-captain-hold.sh verify origin-b
verified: origin-b captain-call inventory
[exit 0]

ASSERTION: Answered closed calls retain origin enforcement; an answered legacy call remains accepted with explicit fallback disclosure

