Target: fadcf45b24e4ea3d9103e6d118431222c8e2e6bf
Real tasks-axi 0.2.6; no fake CLI or backend.

$ /Users/mremond/.no-mistakes/worktrees/acf4a767348a/01M3W33QQYV7FCM041WC2819ZB/bin/fm-lab-home.sh create /Users/mremond/.no-mistakes/worktrees/acf4a767348a/01M3W33QQYV7FCM041WC2819ZB/.fm5712-live-v_y2kcd0/circular
/Users/mremond/.no-mistakes/worktrees/acf4a767348a/01M3W33QQYV7FCM041WC2819ZB/.fm5712-live-v_y2kcd0/circular
[exit 0]

$ /Users/mremond/.no-mistakes/worktrees/acf4a767348a/01M3W33QQYV7FCM041WC2819ZB/bin/fm-tasks-axi.sh add origin 'Origin investigation' --kind scout
ok: added origin (scout) -> Queued
task:
  id: origin
  title: Origin investigation
  state: queued
  blocked: no
  blocked_by: none
  held: no
  hold_reason: "-"
  hold_kind: "-"
  hold_until: "-"
  kind: scout
  repo: "-"
  priority: "-"
  created: 2026-10-01
  closed: "-"
  deps: none
  links: none
  body: ""
help[2]:
  - Run `tasks-axi start origin` to move it to in flight
  - Run `tasks-axi block origin --by <other>` to record a dependency
[exit 0]

$ /Users/mremond/.no-mistakes/worktrees/acf4a767348a/01M3W33QQYV7FCM041WC2819ZB/bin/fm-captain-hold.sh hold origin --reason ''
stderr:
fm-captain-hold: reason must not be empty
[exit 1]

$ /Users/mremond/.no-mistakes/worktrees/acf4a767348a/01M3W33QQYV7FCM041WC2819ZB/bin/fm-captain-hold.sh complete origin origin
stderr:
fm-captain-hold: origin origin cannot be its own captain-call inventory entry; hold a separate captain task for the call and list that task
[exit 1]

ASSERTION: failed hold: circular completion refused without recording an attestation

$ /Users/mremond/.no-mistakes/worktrees/acf4a767348a/01M3W33QQYV7FCM041WC2819ZB/bin/fm-captain-hold.sh hold origin --reason 'Choose a route'
origin
[exit 0]

$ /Users/mremond/.no-mistakes/worktrees/acf4a767348a/01M3W33QQYV7FCM041WC2819ZB/bin/fm-captain-hold.sh complete origin origin
stderr:
fm-captain-hold: origin origin cannot be its own captain-call inventory entry; hold a separate captain task for the call and list that task
[exit 1]

ASSERTION: durably held origin: circular completion refused without recording an attestation

$ /Users/mremond/.no-mistakes/worktrees/acf4a767348a/01M3W33QQYV7FCM041WC2819ZB/bin/fm-captain-hold.sh verify origin
stderr:
fm-captain-hold: origin origin cannot be its own captain-call inventory entry; historical decision_keys in /Users/mremond/.no-mistakes/worktrees/acf4a767348a/01M3W33QQYV7FCM041WC2819ZB/.fm5712-live-v_y2kcd0/circular/state/origin.meta still contains origin; hold a separate captain task with --origin origin, replace only origin in the final decision_keys= line with that task id while preserving all other entries, then re-run complete origin <task-id>
[exit 1]

$ /Users/mremond/.no-mistakes/worktrees/acf4a767348a/01M3W33QQYV7FCM041WC2819ZB/bin/fm-captain-hold.sh hold separate --title 'Separate captain call' --reason 'Choose route' --origin origin
separate
[exit 0]

$ /Users/mremond/.no-mistakes/worktrees/acf4a767348a/01M3W33QQYV7FCM041WC2819ZB/bin/fm-captain-hold.sh complete origin separate
stderr:
fm-captain-hold: origin origin cannot be its own captain-call inventory entry; historical decision_keys in /Users/mremond/.no-mistakes/worktrees/acf4a767348a/01M3W33QQYV7FCM041WC2819ZB/.fm5712-live-v_y2kcd0/circular/state/origin.meta still contains origin; hold a separate captain task with --origin origin, replace only origin in the final decision_keys= line with that task id while preserving all other entries, then re-run complete origin <task-id>
[exit 1]

$ /Users/mremond/.no-mistakes/worktrees/acf4a767348a/01M3W33QQYV7FCM041WC2819ZB/bin/fm-captain-hold.sh complete origin separate
complete: origin captain-call inventory reviewed (separate)
[exit 0]

$ /Users/mremond/.no-mistakes/worktrees/acf4a767348a/01M3W33QQYV7FCM041WC2819ZB/bin/fm-captain-hold.sh verify origin
verified: origin captain-call inventory
[exit 0]

ASSERTION: Historical self-inventory stayed refused until its entry was replaced with a separate held call, then completion and verify succeeded

