Target: fadcf45b24e4ea3d9103e6d118431222c8e2e6bf
Real tasks-axi 0.2.6; no fake CLI or backend.

$ /Users/mremond/.no-mistakes/worktrees/acf4a767348a/01M3W33QQYV7FCM041WC2819ZB/bin/fm-lab-home.sh create /Users/mremond/.no-mistakes/worktrees/acf4a767348a/01M3W33QQYV7FCM041WC2819ZB/.fm5712-live-pdggm82l/origins
/Users/mremond/.no-mistakes/worktrees/acf4a767348a/01M3W33QQYV7FCM041WC2819ZB/.fm5712-live-pdggm82l/origins
[exit 0]

$ /Users/mremond/.no-mistakes/worktrees/acf4a767348a/01M3W33QQYV7FCM041WC2819ZB/bin/fm-tasks-axi.sh add origin-a origin-a --kind scout
ok: added origin-a (scout) -> Queued
task:
  id: origin-a
  title: origin-a
  state: queued
  blocked: no
  blocked_by: none
  held: no
  hold_reason: "-"
  hold_kind: "-"
  hold_until: "-"
  kind: scout
  repo: "-"
  priority: "-"
  created: 2026-10-01
  closed: "-"
  deps: none
  links: none
  body: ""
help[2]:
  - Run `tasks-axi start origin-a` to move it to in flight
  - Run `tasks-axi block origin-a --by <other>` to record a dependency
[exit 0]

$ /Users/mremond/.no-mistakes/worktrees/acf4a767348a/01M3W33QQYV7FCM041WC2819ZB/bin/fm-tasks-axi.sh add origin-b origin-b --kind scout
ok: added origin-b (scout) -> Queued
task:
  id: origin-b
  title: origin-b
  state: queued
  blocked: no
  blocked_by: none
  held: no
  hold_reason: "-"
  hold_kind: "-"
  hold_until: "-"
  kind: scout
  repo: "-"
  priority: "-"
  created: 2026-10-01
  closed: "-"
  deps: none
  links: none
  body: ""
help[2]:
  - Run `tasks-axi start origin-b` to move it to in flight
  - Run `tasks-axi block origin-b --by <other>` to record a dependency
[exit 0]

$ /Users/mremond/.no-mistakes/worktrees/acf4a767348a/01M3W33QQYV7FCM041WC2819ZB/bin/fm-captain-hold.sh hold call-a --title 'Call for A' --reason 'Pick A' --origin origin-a
call-a
[exit 0]

$ /Users/mremond/.no-mistakes/worktrees/acf4a767348a/01M3W33QQYV7FCM041WC2819ZB/bin/fm-tasks-axi.sh show call-a --full
task:
  id: call-a
  title: Call for A
  state: queued
  blocked: no
  blocked_by: none
  held: yes
  hold_reason: "Pick A"
  hold_kind: captain
  hold_until: "-"
  kind: captain
  repo: firstmate
  priority: "-"
  created: 2026-10-01
  closed: "-"
  deps: none
  links: none
  body: "Captain hold set: 2026-10-01T17:15:33Z\nCaptain hold origin: origin-a\n\nOrigin: origin-a"
[exit 0]

$ /Users/mremond/.no-mistakes/worktrees/acf4a767348a/01M3W33QQYV7FCM041WC2819ZB/bin/fm-captain-hold.sh complete origin-b call-a
stderr:
fm-captain-hold: captain-held task call-a was held for origin origin-a, not origin-b; hold a task for origin-b or list the right one
[exit 1]

$ /Users/mremond/.no-mistakes/worktrees/acf4a767348a/01M3W33QQYV7FCM041WC2819ZB/bin/fm-captain-hold.sh verify origin-b
stderr:
fm-captain-hold: captain-held task call-a was held for origin origin-a, not origin-b; hold a task for origin-b or list the right one
[exit 1]

$ /Users/mremond/.no-mistakes/worktrees/acf4a767348a/01M3W33QQYV7FCM041WC2819ZB/bin/fm-captain-hold.sh complete origin-a call-a
complete: origin-a captain-call inventory reviewed (call-a)
[exit 0]

$ /Users/mremond/.no-mistakes/worktrees/acf4a767348a/01M3W33QQYV7FCM041WC2819ZB/bin/fm-captain-hold.sh verify origin-a
verified: origin-a captain-call inventory
[exit 0]

$ /Users/mremond/.no-mistakes/worktrees/acf4a767348a/01M3W33QQYV7FCM041WC2819ZB/bin/fm-captain-hold.sh answer call-a --decision-file /Users/mremond/.no-mistakes/worktrees/acf4a767348a/01M3W33QQYV7FCM041WC2819ZB/.fm5712-live-pdggm82l/origins/decision.txt --release
released: call-a
[exit 0]

$ /Users/mremond/.no-mistakes/worktrees/acf4a767348a/01M3W33QQYV7FCM041WC2819ZB/bin/fm-captain-hold.sh hold call-a --reason 'Now decide for B' --origin origin-b --until 2099-01-01
call-a
[exit 0]

$ /Users/mremond/.no-mistakes/worktrees/acf4a767348a/01M3W33QQYV7FCM041WC2819ZB/bin/fm-tasks-axi.sh show call-a --full
task:
  id: call-a
  title: Call for A
  state: queued
  blocked: no
  blocked_by: none
  held: yes
  hold_reason: "Now decide for B"
  hold_kind: captain
  hold_until: 2099-01-01
  kind: captain
  repo: firstmate
  priority: "-"
  created: 2026-10-01
  closed: "-"
  deps: none
  links: none
  body: "Captain hold set: 2026-10-01T17:15:40Z\nCaptain hold origin: origin-b\n\nResolution recorded by fm-captain-hold.\nDecision digest: d4f14d5a849ab9cb5c83abfc70a2a8aa3717ae31158bbb155c1013fafb35c3b8\nResolution mode: released\n\nCaptain decision:\nUse A. Synthetic validation answer.\n\n\nOrigin: origin-a"
[exit 0]

$ /Users/mremond/.no-mistakes/worktrees/acf4a767348a/01M3W33QQYV7FCM041WC2819ZB/bin/fm-captain-hold.sh complete origin-b call-a
complete: origin-b captain-call inventory reviewed (call-a)
[exit 0]

$ /Users/mremond/.no-mistakes/worktrees/acf4a767348a/01M3W33QQYV7FCM041WC2819ZB/bin/fm-captain-hold.sh verify origin-b
verified: origin-b captain-call inventory
[exit 0]

$ /Users/mremond/.no-mistakes/worktrees/acf4a767348a/01M3W33QQYV7FCM041WC2819ZB/bin/fm-captain-hold.sh complete origin-a call-a
stderr:
fm-captain-hold: captain-held task call-a was held for origin origin-b, not origin-a; hold a task for origin-a or list the right one
[exit 1]

$ /Users/mremond/.no-mistakes/worktrees/acf4a767348a/01M3W33QQYV7FCM041WC2819ZB/bin/fm-captain-hold.sh verify origin-a
stderr:
fm-captain-hold: captain-held task call-a was held for origin origin-b, not origin-a; hold a task for origin-a or list the right one
[exit 1]

ASSERTION: Correct-origin completion passes; wrong-origin complete/verify refuse; a released call re-held for B replaces A and verifies only for B

$ /Users/mremond/.no-mistakes/worktrees/acf4a767348a/01M3W33QQYV7FCM041WC2819ZB/bin/fm-captain-hold.sh hold call-a --reason 'Active hold now belongs to A' --origin origin-a
call-a
[exit 0]

$ /Users/mremond/.no-mistakes/worktrees/acf4a767348a/01M3W33QQYV7FCM041WC2819ZB/bin/fm-tasks-axi.sh show call-a --full
task:
  id: call-a
  title: Call for A
  state: queued
  blocked: no
  blocked_by: none
  held: yes
  hold_reason: "Active hold now belongs to A"
  hold_kind: captain
  hold_until: "-"
  kind: captain
  repo: firstmate
  priority: "-"
  created: 2026-10-01
  closed: "-"
  deps: none
  links: none
  body: "Captain hold set: 2026-10-01T17:15:40Z\nCaptain hold origin: origin-a\n\nResolution recorded by fm-captain-hold.\nDecision digest: d4f14d5a849ab9cb5c83abfc70a2a8aa3717ae31158bbb155c1013fafb35c3b8\nResolution mode: released\n\nCaptain decision:\nUse A. Synthetic validation answer.\n\n\nOrigin: origin-a"
[exit 0]

$ /Users/mremond/.no-mistakes/worktrees/acf4a767348a/01M3W33QQYV7FCM041WC2819ZB/bin/fm-captain-hold.sh complete origin-a call-a
complete: origin-a captain-call inventory reviewed (call-a)
[exit 0]

$ /Users/mremond/.no-mistakes/worktrees/acf4a767348a/01M3W33QQYV7FCM041WC2819ZB/bin/fm-captain-hold.sh verify origin-a
verified: origin-a captain-call inventory
[exit 0]

$ /Users/mremond/.no-mistakes/worktrees/acf4a767348a/01M3W33QQYV7FCM041WC2819ZB/bin/fm-captain-hold.sh verify origin-b
stderr:
fm-captain-hold: captain-held task call-a was held for origin origin-a, not origin-b; hold a task for origin-b or list the right one
[exit 1]

ASSERTION: An active re-hold also overwrites the old association

