Target: fadcf45b24e4ea3d9103e6d118431222c8e2e6bf
Real tasks-axi 0.2.6; no fake CLI or backend.

$ /Users/mremond/.no-mistakes/worktrees/acf4a767348a/01M3W33QQYV7FCM041WC2819ZB/bin/fm-lab-home.sh create /Users/mremond/.no-mistakes/worktrees/acf4a767348a/01M3W33QQYV7FCM041WC2819ZB/.fm5712-live-v_y2kcd0/failed-origin-write
/Users/mremond/.no-mistakes/worktrees/acf4a767348a/01M3W33QQYV7FCM041WC2819ZB/.fm5712-live-v_y2kcd0/failed-origin-write
[exit 0]

$ /Users/mremond/.no-mistakes/worktrees/acf4a767348a/01M3W33QQYV7FCM041WC2819ZB/bin/fm-tasks-axi.sh add origin Origin --kind scout
ok: added origin (scout) -> Queued
task:
  id: origin
  title: Origin
  state: queued
  blocked: no
  blocked_by: none
  held: no
  hold_reason: "-"
  hold_kind: "-"
  hold_until: "-"
  kind: scout
  repo: "-"
  priority: "-"
  created: 2026-10-01
  closed: "-"
  deps: none
  links: none
  body: ""
help[2]:
  - Run `tasks-axi start origin` to move it to in flight
  - Run `tasks-axi block origin --by <other>` to record a dependency
[exit 0]

$ /Users/mremond/.no-mistakes/worktrees/acf4a767348a/01M3W33QQYV7FCM041WC2819ZB/bin/fm-tasks-axi.sh add plain Call --kind captain --body 'Captain hold set: 2026-10-01T12:00:00Z'
ok: added plain (captain) -> Queued
task:
  id: plain
  title: Call
  state: queued
  blocked: no
  blocked_by: none
  held: no
  hold_reason: "-"
  hold_kind: "-"
  hold_until: "-"
  kind: captain
  repo: "-"
  priority: "-"
  created: 2026-10-01
  closed: "-"
  deps: none
  links: none
  body: "Captain hold set: 2026-10-01T12:00:00Z"
help[2]:
  - Run `tasks-axi start plain` to move it to in flight
  - Run `tasks-axi block plain --by <other>` to record a dependency
[exit 0]

$ /Users/mremond/.no-mistakes/worktrees/acf4a767348a/01M3W33QQYV7FCM041WC2819ZB/bin/fm-captain-hold.sh hold plain --reason Choose --origin origin
environment additions: {'FM_CAPTAIN_HOLD_NOW': '2026-10-01T12:00:00Z'}
process RLIMIT_FSIZE=184 bytes
stderr:
fm-captain-hold: could not record the hold origin on plain
[exit 1]

$ /Users/mremond/.no-mistakes/worktrees/acf4a767348a/01M3W33QQYV7FCM041WC2819ZB/bin/fm-tasks-axi.sh show plain --full
task:
  id: plain
  title: Call
  state: queued
  blocked: no
  blocked_by: none
  held: no
  hold_reason: "-"
  hold_kind: "-"
  hold_until: "-"
  kind: captain
  repo: "-"
  priority: "-"
  created: 2026-10-01
  closed: "-"
  deps: none
  links: none
  body: "Captain hold set: 2026-10-01T12:00:00Z"
[exit 0]

$ /Users/mremond/.no-mistakes/worktrees/acf4a767348a/01M3W33QQYV7FCM041WC2819ZB/bin/fm-captain-hold.sh complete origin plain
stderr:
fm-captain-hold: captain-held task plain is neither held for the captain nor closed with a recorded captain answer
[exit 1]

ASSERTION: plain: genuine origin-update storage failure leaves row unheld and cannot satisfy completion

$ /Users/mremond/.no-mistakes/worktrees/acf4a767348a/01M3W33QQYV7FCM041WC2819ZB/bin/fm-captain-hold.sh hold plain --reason Choose --origin origin
plain
[exit 0]

$ /Users/mremond/.no-mistakes/worktrees/acf4a767348a/01M3W33QQYV7FCM041WC2819ZB/bin/fm-captain-hold.sh complete origin plain
complete: origin captain-call inventory reviewed (plain)
[exit 0]

$ /Users/mremond/.no-mistakes/worktrees/acf4a767348a/01M3W33QQYV7FCM041WC2819ZB/bin/fm-captain-hold.sh verify origin
verified: origin captain-call inventory
[exit 0]

ASSERTION: plain: removing the local resource restriction lets the same hold complete and verify

$ /Users/mremond/.no-mistakes/worktrees/acf4a767348a/01M3W33QQYV7FCM041WC2819ZB/bin/fm-tasks-axi.sh add dated Call --kind captain --body 'Captain hold set: 2026-10-01T12:00:00Z'
ok: added dated (captain) -> Queued
task:
  id: dated
  title: Call
  state: queued
  blocked: no
  blocked_by: none
  held: no
  hold_reason: "-"
  hold_kind: "-"
  hold_until: "-"
  kind: captain
  repo: "-"
  priority: "-"
  created: 2026-10-01
  closed: "-"
  deps: none
  links: none
  body: "Captain hold set: 2026-10-01T12:00:00Z"
help[2]:
  - Run `tasks-axi start dated` to move it to in flight
  - Run `tasks-axi block dated --by <other>` to record a dependency
[exit 0]

$ /Users/mremond/.no-mistakes/worktrees/acf4a767348a/01M3W33QQYV7FCM041WC2819ZB/bin/fm-captain-hold.sh hold dated --reason Choose --origin origin --until 2099-01-01
environment additions: {'FM_CAPTAIN_HOLD_NOW': '2026-10-01T12:00:00Z'}
process RLIMIT_FSIZE=358 bytes
stderr:
fm-captain-hold: could not record the hold origin on dated
[exit 1]

$ /Users/mremond/.no-mistakes/worktrees/acf4a767348a/01M3W33QQYV7FCM041WC2819ZB/bin/fm-tasks-axi.sh show dated --full
task:
  id: dated
  title: Call
  state: queued
  blocked: no
  blocked_by: none
  held: no
  hold_reason: "-"
  hold_kind: "-"
  hold_until: "-"
  kind: captain
  repo: "-"
  priority: "-"
  created: 2026-10-01
  closed: "-"
  deps: none
  links: none
  body: "Captain hold set: 2026-10-01T12:00:00Z"
[exit 0]

$ /Users/mremond/.no-mistakes/worktrees/acf4a767348a/01M3W33QQYV7FCM041WC2819ZB/bin/fm-captain-hold.sh complete origin dated
stderr:
fm-captain-hold: captain-held task dated is neither held for the captain nor closed with a recorded captain answer
[exit 1]

ASSERTION: dated: genuine origin-update storage failure leaves row unheld and cannot satisfy completion

$ /Users/mremond/.no-mistakes/worktrees/acf4a767348a/01M3W33QQYV7FCM041WC2819ZB/bin/fm-captain-hold.sh hold dated --reason Choose --origin origin --until 2099-01-01
dated
[exit 0]

$ /Users/mremond/.no-mistakes/worktrees/acf4a767348a/01M3W33QQYV7FCM041WC2819ZB/bin/fm-captain-hold.sh complete origin dated
complete: origin captain-call inventory reviewed (dated,plain)
[exit 0]

$ /Users/mremond/.no-mistakes/worktrees/acf4a767348a/01M3W33QQYV7FCM041WC2819ZB/bin/fm-captain-hold.sh verify origin
verified: origin captain-call inventory
[exit 0]

ASSERTION: dated: removing the local resource restriction lets the same hold complete and verify

