FM_TEST_BEGIN 2026-10-01T10:32:50Z tests/fm-contributions.test.sh family=snapshot-bearings expected_gate_skip=optional-binary
ok - only required-captain contributions are rows; other actors are counted
ok - replaced-head verdict is stale and cannot create a captain requirement
ok - unchecked ownership is disclosed and cannot prove silence
ok - newest check with no verdict is distinct from passing and pending
ok - new maintainer comment wakes once and stays pending until acknowledged
ok - new maintainer review wakes once and stays pending until acknowledged
ok - new maintainer inline wakes once and stays pending until acknowledged
ok - ready-for-pr on a filed issue becomes a planning wake
ok - a fresh open issue remains measured maintainer triage
ok - an absent check lane remains missing across repeated observations
ok - mixed freshness retains measured captain work and discloses the gap
ok - malformed durable evidence cannot prove silence
ok - a transient ready-for-pr label wakes and its exact acknowledgement survives replay
ok - recorded judgment keeps its exact head and is stale immediately on a published replacement
ok - verdict help and refusal name exactly the actors the command accepts
ok - a current forge observation refreshes a verdict after a replacement
ok - an unavailable current head leaves verdict freshness unknown
ok - away yolo delivery is fleet work without granting merge authority
actionable: PR https://github.com/o/r/pull/8 is registered but its ready line did not reach the parent channel (rc=3)
not ok - cross-home away yolo delivery requiring a merge remained captain work
ok - retired ownership persists and unsupported forge remains visibly unmeasured
ok - unsupported forge coverage is disclosed without inventing fleet work
ok - held unsupported forge coverage remains unmeasured
ok - shared contribution signal wakes once while retaining both acknowledgements
ok - watcher keeps observer diagnostics separate from contribution wakes
not ok - expired child unsupported-forge coverage became fleet work
ok - watcher surfaces one newly durable contribution signal without re-ringing it
not ok - measured child coverage did not reach parent
ok - unreadable pending signals refuse an empty-inbox claim
ok - record task identity is the directory dirname/basename named
ok - snapshot and pending create nothing in a home without state
ok - budget exhausted mid-observation (exhaust) keeps the prior record and stays silent
ok - budget exhausted mid-observation (hang) keeps the prior record and stays silent
ok - a genuine forge failure inside the budget still records the error and wakes
ok - a URL owned by two tasks is observed once and every owner receives the result
ok - a merged or closed contribution settles once, is not re-read, and never wakes again
ok - a late owner inherits a terminal observation without a forge read or wake
ok - a retry converges every owner whose saved row is not terminal, keeping its own acknowledgement state
ok - an open PR linked from a done task keeps being observed
ok - a later URL waits when fewer than fifteen seconds remain for its observation
ok - eight 3-second PR reads complete fresh within one 20-second poll cycle
ok - a read killed at the five-second bound is budget refusal and stays silent
not ok - delivery was not refreshed within three consecutive slow polls at 2026-09-16T08:10:00Z
ok - the effective budget is cut down to the watcher per-check bound with margin
ok - generated checks enforce configured and inherited budgets at runtime
ok - a genuinely unavailable forge records an error and wakes once per failure episode
ok - a late owner does not restart a shared forge failure episode
not ok - 4 contribution regressions
FM_TEST_END 2026-10-01T10:40:25Z tests/fm-contributions.test.sh exit=1 duration_ms=452012 gate_skip=false
FM_TEST_SUMMARY total=1 failed=1 skipped_gate=0 duration_ms=456663
FM_TEST_SUMMARY_FAMILY family=snapshot-bearings count=1 duration_ms=452012 failed=1
FM_TEST_SLOWEST rank=1 script=tests/fm-contributions.test.sh duration_ms=452012
fm-test-run: wrote timing artifact: /Users/mremond/.no-mistakes/evidence/01M3VG1X6F50QPEEWXVJPGFS9T/contributions-suite.json
