+ set -u
++ dirname /Users/mremond/.no-mistakes/worktrees/acf4a767348a/01M22GJM13BYHFAZ319P7Z0YVF/.turnend-phase-plij5hg6/product/tests/selected.sh
+ . /Users/mremond/.no-mistakes/worktrees/acf4a767348a/01M22GJM13BYHFAZ319P7Z0YVF/.turnend-phase-plij5hg6/product/tests/lib.sh
++ '[' -n '' ']'
++ FM_TEST_LIB_SOURCED=1
++ umask 022
++ export FM_GATE_REFUSE_BYPASS=1
++ FM_GATE_REFUSE_BYPASS=1
++ unset FM_TASK_ID
++++ dirname /Users/mremond/.no-mistakes/worktrees/acf4a767348a/01M22GJM13BYHFAZ319P7Z0YVF/.turnend-phase-plij5hg6/product/tests/lib.sh
+++ cd /Users/mremond/.no-mistakes/worktrees/acf4a767348a/01M22GJM13BYHFAZ319P7Z0YVF/.turnend-phase-plij5hg6/product/tests/..
+++ pwd
++ ROOT=/Users/mremond/.no-mistakes/worktrees/acf4a767348a/01M22GJM13BYHFAZ319P7Z0YVF/.turnend-phase-plij5hg6/product
++ FM_TEST_CLEANUP_DIRS=()
+++ mktemp /Users/mremond/.no-mistakes/worktrees/acf4a767348a/01M22GJM13BYHFAZ319P7Z0YVF/.turnend-phase-plij5hg6/.fm-test-cleanup.13440.XXXXXX
++ FM_TEST_CLEANUP_REGISTRY=/Users/mremond/.no-mistakes/worktrees/acf4a767348a/01M22GJM13BYHFAZ319P7Z0YVF/.turnend-phase-plij5hg6/.fm-test-cleanup.13440.3GWtzI
+++ fm_test_pid_identity 13440
+++ local pid=13440
+++ FM_STATE_OVERRIDE=/Users/mremond/.no-mistakes/worktrees/acf4a767348a/01M22GJM13BYHFAZ319P7Z0YVF/.turnend-phase-plij5hg6
+++ bash -c '. "$1"; fm_pid_identity "$2"' _ /Users/mremond/.no-mistakes/worktrees/acf4a767348a/01M22GJM13BYHFAZ319P7Z0YVF/.turnend-phase-plij5hg6/product/bin/fm-wake-lib.sh 13440
++ FM_TEST_OWNER_IDENTITY='Wed Sep  9 09:26:39 2026     bash -x /Users/mremond/.no-mistakes/worktrees/acf4a767348a/01M22GJM13BYHFAZ319P7Z0YVF/.turnend-phase-plij5hg6/product/tests/selected.sh'
+++ mktemp /Users/mremond/.no-mistakes/worktrees/acf4a767348a/01M22GJM13BYHFAZ319P7Z0YVF/.turnend-phase-plij5hg6/.fm-test-procevent.13440.XXXXXX
++ FM_TEST_PROCEVENT_REGISTRY=/Users/mremond/.no-mistakes/worktrees/acf4a767348a/01M22GJM13BYHFAZ319P7Z0YVF/.turnend-phase-plij5hg6/.fm-test-procevent.13440.MM8hjW
++ FM_TEST_STUB_MAX_BLOCK_SECONDS=120
++ export FM_TEST_STUB_MAX_BLOCK_SECONDS
++ trap fm_test_cleanup EXIT
++ trap 'fm_test_cleanup; exit 130' INT
++ trap 'fm_test_cleanup; exit 143' TERM
++ trap 'fm_test_cleanup; exit 129' HUP
++ trap 'fm_test_cleanup; exit 131' QUIT
++ FM_TEST_ORPHAN_MAX_AGE_SECONDS=3600
++ '[' 0 '!=' 1 ']'
++ fm_test_reap_orphans
++ local marker dir mtime now owner_pid owner_identity current_identity
+++ date +%s
++ now=1788938799
++ for marker in "${TMPDIR:-/tmp}"/fm-*/.fm-test-fixture
++ '[' -e '/Users/mremond/.no-mistakes/worktrees/acf4a767348a/01M22GJM13BYHFAZ319P7Z0YVF/.turnend-phase-plij5hg6/fm-*/.fm-test-fixture' ']'
++ continue
+ . /Users/mremond/.no-mistakes/worktrees/acf4a767348a/01M22GJM13BYHFAZ319P7Z0YVF/.turnend-phase-plij5hg6/product/bin/fm-supervision-lib.sh
++ fm_test_tmproot fm-turnend-guard
++ local prefix=fm-turnend-guard root tmp_base
++ tmp_base=/Users/mremond/.no-mistakes/worktrees/acf4a767348a/01M22GJM13BYHFAZ319P7Z0YVF/.turnend-phase-plij5hg6
++ tmp_base=/Users/mremond/.no-mistakes/worktrees/acf4a767348a/01M22GJM13BYHFAZ319P7Z0YVF/.turnend-phase-plij5hg6
+++ mktemp -d /Users/mremond/.no-mistakes/worktrees/acf4a767348a/01M22GJM13BYHFAZ319P7Z0YVF/.turnend-phase-plij5hg6/fm-turnend-guard.XXXXXX
++ root=/Users/mremond/.no-mistakes/worktrees/acf4a767348a/01M22GJM13BYHFAZ319P7Z0YVF/.turnend-phase-plij5hg6/fm-turnend-guard.tOxWBz
+++ cd -P -- /Users/mremond/.no-mistakes/worktrees/acf4a767348a/01M22GJM13BYHFAZ319P7Z0YVF/.turnend-phase-plij5hg6/fm-turnend-guard.tOxWBz
+++ pwd -P
++ root=/Users/mremond/.no-mistakes/worktrees/acf4a767348a/01M22GJM13BYHFAZ319P7Z0YVF/.turnend-phase-plij5hg6/fm-turnend-guard.tOxWBz
++ printf '%s\n%s\n' 13440 'Wed Sep  9 09:26:39 2026     bash -x /Users/mremond/.no-mistakes/worktrees/acf4a767348a/01M22GJM13BYHFAZ319P7Z0YVF/.turnend-phase-plij5hg6/product/tests/selected.sh'
++ printf '%s\n' /Users/mremond/.no-mistakes/worktrees/acf4a767348a/01M22GJM13BYHFAZ319P7Z0YVF/.turnend-phase-plij5hg6/fm-turnend-guard.tOxWBz
++ printf '%s\n' /Users/mremond/.no-mistakes/worktrees/acf4a767348a/01M22GJM13BYHFAZ319P7Z0YVF/.turnend-phase-plij5hg6/fm-turnend-guard.tOxWBz
+ TMP_ROOT=/Users/mremond/.no-mistakes/worktrees/acf4a767348a/01M22GJM13BYHFAZ319P7Z0YVF/.turnend-phase-plij5hg6/fm-turnend-guard.tOxWBz
+ fm_git_identity fmtest fmtest@example.invalid
+ export GIT_AUTHOR_NAME=fmtest GIT_AUTHOR_EMAIL=fmtest@example.invalid
+ GIT_AUTHOR_NAME=fmtest
+ GIT_AUTHOR_EMAIL=fmtest@example.invalid
+ export GIT_COMMITTER_NAME=fmtest GIT_COMMITTER_EMAIL=fmtest@example.invalid
+ GIT_COMMITTER_NAME=fmtest
+ GIT_COMMITTER_EMAIL=fmtest@example.invalid
+ REQUIRED_REASON='watcher supervision needs Stop-owned automatic recovery; inspect the hook registration and startup status before ending the turn'
+ AWAY_REQUIRED_REASON='Away mode owns watcher supervision'
+ test_hook_no_afk_ignores_poll_derived_grace
+ local dir pid out status beat
++ make_away_home_between_cycles /Users/mremond/.no-mistakes/worktrees/acf4a767348a/01M22GJM13BYHFAZ319P7Z0YVF/.turnend-phase-plij5hg6/fm-turnend-guard.tOxWBz/hook-no-afk-poll-grace
++ local dir=/Users/mremond/.no-mistakes/worktrees/acf4a767348a/01M22GJM13BYHFAZ319P7Z0YVF/.turnend-phase-plij5hg6/fm-turnend-guard.tOxWBz/hook-no-afk-poll-grace
+++ make_primary_dir /Users/mremond/.no-mistakes/worktrees/acf4a767348a/01M22GJM13BYHFAZ319P7Z0YVF/.turnend-phase-plij5hg6/fm-turnend-guard.tOxWBz/hook-no-afk-poll-grace
+++ local dir=/Users/mremond/.no-mistakes/worktrees/acf4a767348a/01M22GJM13BYHFAZ319P7Z0YVF/.turnend-phase-plij5hg6/fm-turnend-guard.tOxWBz/hook-no-afk-poll-grace
+++ mkdir -p /Users/mremond/.no-mistakes/worktrees/acf4a767348a/01M22GJM13BYHFAZ319P7Z0YVF/.turnend-phase-plij5hg6/fm-turnend-guard.tOxWBz/hook-no-afk-poll-grace/state
+++ git init -q /Users/mremond/.no-mistakes/worktrees/acf4a767348a/01M22GJM13BYHFAZ319P7Z0YVF/.turnend-phase-plij5hg6/fm-turnend-guard.tOxWBz/hook-no-afk-poll-grace
+++ git -C /Users/mremond/.no-mistakes/worktrees/acf4a767348a/01M22GJM13BYHFAZ319P7Z0YVF/.turnend-phase-plij5hg6/fm-turnend-guard.tOxWBz/hook-no-afk-poll-grace commit -q --allow-empty -m init
+++ :
+++ install_guard_scripts /Users/mremond/.no-mistakes/worktrees/acf4a767348a/01M22GJM13BYHFAZ319P7Z0YVF/.turnend-phase-plij5hg6/fm-turnend-guard.tOxWBz/hook-no-afk-poll-grace
+++ local dir=/Users/mremond/.no-mistakes/worktrees/acf4a767348a/01M22GJM13BYHFAZ319P7Z0YVF/.turnend-phase-plij5hg6/fm-turnend-guard.tOxWBz/hook-no-afk-poll-grace
+++ mkdir -p /Users/mremond/.no-mistakes/worktrees/acf4a767348a/01M22GJM13BYHFAZ319P7Z0YVF/.turnend-phase-plij5hg6/fm-turnend-guard.tOxWBz/hook-no-afk-poll-grace/bin
+++ cp /Users/mremond/.no-mistakes/worktrees/acf4a767348a/01M22GJM13BYHFAZ319P7Z0YVF/.turnend-phase-plij5hg6/product/bin/fm-turnend-guard.sh /Users/mremond/.no-mistakes/worktrees/acf4a767348a/01M22GJM13BYHFAZ319P7Z0YVF/.turnend-phase-plij5hg6/fm-turnend-guard.tOxWBz/hook-no-afk-poll-grace/bin/fm-turnend-guard.sh
+++ cp /Users/mremond/.no-mistakes/worktrees/acf4a767348a/01M22GJM13BYHFAZ319P7Z0YVF/.turnend-phase-plij5hg6/product/bin/fm-turnend-guard-grok.sh /Users/mremond/.no-mistakes/worktrees/acf4a767348a/01M22GJM13BYHFAZ319P7Z0YVF/.turnend-phase-plij5hg6/fm-turnend-guard.tOxWBz/hook-no-afk-poll-grace/bin/fm-turnend-guard-grok.sh
+++ cp /Users/mremond/.no-mistakes/worktrees/acf4a767348a/01M22GJM13BYHFAZ319P7Z0YVF/.turnend-phase-plij5hg6/product/bin/fm-operational-input.sh /Users/mremond/.no-mistakes/worktrees/acf4a767348a/01M22GJM13BYHFAZ319P7Z0YVF/.turnend-phase-plij5hg6/fm-turnend-guard.tOxWBz/hook-no-afk-poll-grace/bin/fm-operational-input.sh
+++ cp /Users/mremond/.no-mistakes/worktrees/acf4a767348a/01M22GJM13BYHFAZ319P7Z0YVF/.turnend-phase-plij5hg6/product/bin/fm-supervision-instructions.sh /Users/mremond/.no-mistakes/worktrees/acf4a767348a/01M22GJM13BYHFAZ319P7Z0YVF/.turnend-phase-plij5hg6/fm-turnend-guard.tOxWBz/hook-no-afk-poll-grace/bin/fm-supervision-instructions.sh
+++ cp /Users/mremond/.no-mistakes/worktrees/acf4a767348a/01M22GJM13BYHFAZ319P7Z0YVF/.turnend-phase-plij5hg6/product/bin/fm-harness.sh /Users/mremond/.no-mistakes/worktrees/acf4a767348a/01M22GJM13BYHFAZ319P7Z0YVF/.turnend-phase-plij5hg6/fm-turnend-guard.tOxWBz/hook-no-afk-poll-grace/bin/fm-harness.sh
+++ cp /Users/mremond/.no-mistakes/worktrees/acf4a767348a/01M22GJM13BYHFAZ319P7Z0YVF/.turnend-phase-plij5hg6/product/bin/fm-primary-scope-lib.sh /Users/mremond/.no-mistakes/worktrees/acf4a767348a/01M22GJM13BYHFAZ319P7Z0YVF/.turnend-phase-plij5hg6/fm-turnend-guard.tOxWBz/hook-no-afk-poll-grace/bin/fm-primary-scope-lib.sh
+++ cp /Users/mremond/.no-mistakes/worktrees/acf4a767348a/01M22GJM13BYHFAZ319P7Z0YVF/.turnend-phase-plij5hg6/product/bin/fm-supervision-lib.sh /Users/mremond/.no-mistakes/worktrees/acf4a767348a/01M22GJM13BYHFAZ319P7Z0YVF/.turnend-phase-plij5hg6/fm-turnend-guard.tOxWBz/hook-no-afk-poll-grace/bin/fm-supervision-lib.sh
+++ cp /Users/mremond/.no-mistakes/worktrees/acf4a767348a/01M22GJM13BYHFAZ319P7Z0YVF/.turnend-phase-plij5hg6/product/bin/fm-wake-lib.sh /Users/mremond/.no-mistakes/worktrees/acf4a767348a/01M22GJM13BYHFAZ319P7Z0YVF/.turnend-phase-plij5hg6/fm-turnend-guard.tOxWBz/hook-no-afk-poll-grace/bin/fm-wake-lib.sh
+++ cp /Users/mremond/.no-mistakes/worktrees/acf4a767348a/01M22GJM13BYHFAZ319P7Z0YVF/.turnend-phase-plij5hg6/product/bin/fm-hook-host-lib.sh /Users/mremond/.no-mistakes/worktrees/acf4a767348a/01M22GJM13BYHFAZ319P7Z0YVF/.turnend-phase-plij5hg6/fm-turnend-guard.tOxWBz/hook-no-afk-poll-grace/bin/fm-hook-host-lib.sh
+++ mkdir -p /Users/mremond/.no-mistakes/worktrees/acf4a767348a/01M22GJM13BYHFAZ319P7Z0YVF/.turnend-phase-plij5hg6/fm-turnend-guard.tOxWBz/hook-no-afk-poll-grace/docs
+++ cp -R /Users/mremond/.no-mistakes/worktrees/acf4a767348a/01M22GJM13BYHFAZ319P7Z0YVF/.turnend-phase-plij5hg6/product/docs/supervision-protocols /Users/mremond/.no-mistakes/worktrees/acf4a767348a/01M22GJM13BYHFAZ319P7Z0YVF/.turnend-phase-plij5hg6/fm-turnend-guard.tOxWBz/hook-no-afk-poll-grace/docs/supervision-protocols
+++ chmod +x /Users/mremond/.no-mistakes/worktrees/acf4a767348a/01M22GJM13BYHFAZ319P7Z0YVF/.turnend-phase-plij5hg6/fm-turnend-guard.tOxWBz/hook-no-afk-poll-grace/bin/fm-turnend-guard.sh /Users/mremond/.no-mistakes/worktrees/acf4a767348a/01M22GJM13BYHFAZ319P7Z0YVF/.turnend-phase-plij5hg6/fm-turnend-guard.tOxWBz/hook-no-afk-poll-grace/bin/fm-turnend-guard-grok.sh /Users/mremond/.no-mistakes/worktrees/acf4a767348a/01M22GJM13BYHFAZ319P7Z0YVF/.turnend-phase-plij5hg6/fm-turnend-guard.tOxWBz/hook-no-afk-poll-grace/bin/fm-operational-input.sh /Users/mremond/.no-mistakes/worktrees/acf4a767348a/01M22GJM13BYHFAZ319P7Z0YVF/.turnend-phase-plij5hg6/fm-turnend-guard.tOxWBz/hook-no-afk-poll-grace/bin/fm-supervision-instructions.sh /Users/mremond/.no-mistakes/worktrees/acf4a767348a/01M22GJM13BYHFAZ319P7Z0YVF/.turnend-phase-plij5hg6/fm-turnend-guard.tOxWBz/hook-no-afk-poll-grace/bin/fm-harness.sh
+++ printf '%s\n' /Users/mremond/.no-mistakes/worktrees/acf4a767348a/01M22GJM13BYHFAZ319P7Z0YVF/.turnend-phase-plij5hg6/fm-turnend-guard.tOxWBz/hook-no-afk-poll-grace
++ dir=/Users/mremond/.no-mistakes/worktrees/acf4a767348a/01M22GJM13BYHFAZ319P7Z0YVF/.turnend-phase-plij5hg6/fm-turnend-guard.tOxWBz/hook-no-afk-poll-grace
++ :
++ :
++ touch /Users/mremond/.no-mistakes/worktrees/acf4a767348a/01M22GJM13BYHFAZ319P7Z0YVF/.turnend-phase-plij5hg6/fm-turnend-guard.tOxWBz/hook-no-afk-poll-grace/state/.last-watcher-beat
++ printf '%s\n' /Users/mremond/.no-mistakes/worktrees/acf4a767348a/01M22GJM13BYHFAZ319P7Z0YVF/.turnend-phase-plij5hg6/fm-turnend-guard.tOxWBz/hook-no-afk-poll-grace
+ dir=/Users/mremond/.no-mistakes/worktrees/acf4a767348a/01M22GJM13BYHFAZ319P7Z0YVF/.turnend-phase-plij5hg6/fm-turnend-guard.tOxWBz/hook-no-afk-poll-grace
+ rm -f /Users/mremond/.no-mistakes/worktrees/acf4a767348a/01M22GJM13BYHFAZ319P7Z0YVF/.turnend-phase-plij5hg6/fm-turnend-guard.tOxWBz/hook-no-afk-poll-grace/state/.afk
+ pid=13708
+ record_daemon_lock /Users/mremond/.no-mistakes/worktrees/acf4a767348a/01M22GJM13BYHFAZ319P7Z0YVF/.turnend-phase-plij5hg6/fm-turnend-guard.tOxWBz/hook-no-afk-poll-grace 13708
+ local dir=/Users/mremond/.no-mistakes/worktrees/acf4a767348a/01M22GJM13BYHFAZ319P7Z0YVF/.turnend-phase-plij5hg6/fm-turnend-guard.tOxWBz/hook-no-afk-poll-grace pid=13708 identity= lockdir
+ '[' -z '' ']'
+ sleep 60
++ watcher_identity /Users/mremond/.no-mistakes/worktrees/acf4a767348a/01M22GJM13BYHFAZ319P7Z0YVF/.turnend-phase-plij5hg6/fm-turnend-guard.tOxWBz/hook-no-afk-poll-grace 13708
++ local dir=/Users/mremond/.no-mistakes/worktrees/acf4a767348a/01M22GJM13BYHFAZ319P7Z0YVF/.turnend-phase-plij5hg6/fm-turnend-guard.tOxWBz/hook-no-afk-poll-grace pid=13708
++ FM_STATE_OVERRIDE=/Users/mremond/.no-mistakes/worktrees/acf4a767348a/01M22GJM13BYHFAZ319P7Z0YVF/.turnend-phase-plij5hg6/fm-turnend-guard.tOxWBz/hook-no-afk-poll-grace/state
++ bash -c '. "$1"; fm_pid_identity "$2"' _ /Users/mremond/.no-mistakes/worktrees/acf4a767348a/01M22GJM13BYHFAZ319P7Z0YVF/.turnend-phase-plij5hg6/fm-turnend-guard.tOxWBz/hook-no-afk-poll-grace/bin/fm-wake-lib.sh 13708
+ identity='Wed Sep  9 09:26:39 2026     sleep 60'
+ lockdir=/Users/mremond/.no-mistakes/worktrees/acf4a767348a/01M22GJM13BYHFAZ319P7Z0YVF/.turnend-phase-plij5hg6/fm-turnend-guard.tOxWBz/hook-no-afk-poll-grace/state/.supervise-daemon.lock
+ mkdir -p /Users/mremond/.no-mistakes/worktrees/acf4a767348a/01M22GJM13BYHFAZ319P7Z0YVF/.turnend-phase-plij5hg6/fm-turnend-guard.tOxWBz/hook-no-afk-poll-grace/state/.supervise-daemon.lock
+ printf '%s\n' 13708
+ printf '%s\n' 'Wed Sep  9 09:26:39 2026     sleep 60'
++ date +%s
+ beat=1788938399
+ fm_touch_epoch 1788938399 /Users/mremond/.no-mistakes/worktrees/acf4a767348a/01M22GJM13BYHFAZ319P7Z0YVF/.turnend-phase-plij5hg6/fm-turnend-guard.tOxWBz/hook-no-afk-poll-grace/state/.last-watcher-beat
+ local epoch=1788938399 stamp
+ shift
++ TZ=UTC0
++ date -d @1788938399 +%Y%m%d%H%M.%S
+ stamp=
++ TZ=UTC0
++ date -r 1788938399 +%Y%m%d%H%M.%S
+ stamp=202609090719.59
+ TZ=UTC0
+ touch -t 202609090719.59 /Users/mremond/.no-mistakes/worktrees/acf4a767348a/01M22GJM13BYHFAZ319P7Z0YVF/.turnend-phase-plij5hg6/fm-turnend-guard.tOxWBz/hook-no-afk-poll-grace/state/.last-watcher-beat
++ FM_GUARD_GRACE=
++ FM_POLL=600
++ run_hook /Users/mremond/.no-mistakes/worktrees/acf4a767348a/01M22GJM13BYHFAZ319P7Z0YVF/.turnend-phase-plij5hg6/fm-turnend-guard.tOxWBz/hook-no-afk-poll-grace false
++ local dir=/Users/mremond/.no-mistakes/worktrees/acf4a767348a/01M22GJM13BYHFAZ319P7Z0YVF/.turnend-phase-plij5hg6/fm-turnend-guard.tOxWBz/hook-no-afk-poll-grace stop_active=false home
+++ cd /Users/mremond/.no-mistakes/worktrees/acf4a767348a/01M22GJM13BYHFAZ319P7Z0YVF/.turnend-phase-plij5hg6/fm-turnend-guard.tOxWBz/hook-no-afk-poll-grace
+++ pwd
++ home=/Users/mremond/.no-mistakes/worktrees/acf4a767348a/01M22GJM13BYHFAZ319P7Z0YVF/.turnend-phase-plij5hg6/fm-turnend-guard.tOxWBz/hook-no-afk-poll-grace
++ printf '{"stop_hook_active":%s}' false
++ CLAUDECODE=1
++ FM_HOME=/Users/mremond/.no-mistakes/worktrees/acf4a767348a/01M22GJM13BYHFAZ319P7Z0YVF/.turnend-phase-plij5hg6/fm-turnend-guard.tOxWBz/hook-no-afk-poll-grace
++ bash /Users/mremond/.no-mistakes/worktrees/acf4a767348a/01M22GJM13BYHFAZ319P7Z0YVF/.turnend-phase-plij5hg6/fm-turnend-guard.tOxWBz/hook-no-afk-poll-grace/bin/fm-turnend-guard.sh
+ out=$'●━━━━━━━━━━━━━━━━━━━━━━━━━━━━━━━━━━━━━━━━━━━━━━━━━━━━━━━━━━━━━━━━━━━━━━━\n●  TURN WOULD END BLIND - SUPERVISION IS OFF\n●  1 task(s) in flight, but no live watcher holds this home lock (last beat: 400s ago).\n●  watcher supervision needs Stop-owned automatic recovery; inspect the hook registration and startup status before ending the turn.\n●━━━━━━━━━━━━━━━━━━━━━━━━━━━━━━━━━━━━━━━━━━━━━━━━━━━━━━━━━━━━━━━━━━━━━━━'
+ status=2
+ kill 13708
+ wait 13708
+ true
+ expect_code 2 2 'without .afk, FM_POLL must not widen the strict watcher predicate'\''s grace'
+ local expected=2 actual=2 'label=without .afk, FM_POLL must not widen the strict watcher predicate'\''s grace'
+ '[' 2 = 2 ']'
+ assert_contains $'●━━━━━━━━━━━━━━━━━━━━━━━━━━━━━━━━━━━━━━━━━━━━━━━━━━━━━━━━━━━━━━━━━━━━━━━\n●  TURN WOULD END BLIND - SUPERVISION IS OFF\n●  1 task(s) in flight, but no live watcher holds this home lock (last beat: 400s ago).\n●  watcher supervision needs Stop-owned automatic recovery; inspect the hook registration and startup status before ending the turn.\n●━━━━━━━━━━━━━━━━━━━━━━━━━━━━━━━━━━━━━━━━━━━━━━━━━━━━━━━━━━━━━━━━━━━━━━━' 'watcher supervision needs Stop-owned automatic recovery; inspect the hook registration and startup status before ending the turn' 'block reason must contain the exact required instruction'
+ case "$1" in
+ :
+ pass 'fm-turnend-guard: with away mode off, the poll-derived grace never applies'
+ printf 'ok - %s\n' 'fm-turnend-guard: with away mode off, the poll-derived grace never applies'
+ fm_test_cleanup
+ local d
+ fm_test_reap_procevent_homes
+ local home claim_root $'seen=\n'
+ '[' -f /Users/mremond/.no-mistakes/worktrees/acf4a767348a/01M22GJM13BYHFAZ319P7Z0YVF/.turnend-phase-plij5hg6/.fm-test-procevent.13440.MM8hjW ']'
+ IFS=$'\t'
+ read -r home claim_root
+ rm -f /Users/mremond/.no-mistakes/worktrees/acf4a767348a/01M22GJM13BYHFAZ319P7Z0YVF/.turnend-phase-plij5hg6/.fm-test-procevent.13440.MM8hjW
+ for d in "${FM_TEST_CLEANUP_DIRS[@]:-}"
+ '[' -n '' ']'
+ '[' -f /Users/mremond/.no-mistakes/worktrees/acf4a767348a/01M22GJM13BYHFAZ319P7Z0YVF/.turnend-phase-plij5hg6/.fm-test-cleanup.13440.3GWtzI ']'
+ IFS=
+ read -r d
+ '[' -n /Users/mremond/.no-mistakes/worktrees/acf4a767348a/01M22GJM13BYHFAZ319P7Z0YVF/.turnend-phase-plij5hg6/fm-turnend-guard.tOxWBz ']'
+ rm -rf /Users/mremond/.no-mistakes/worktrees/acf4a767348a/01M22GJM13BYHFAZ319P7Z0YVF/.turnend-phase-plij5hg6/fm-turnend-guard.tOxWBz
+ IFS=
+ read -r d
+ rm -f /Users/mremond/.no-mistakes/worktrees/acf4a767348a/01M22GJM13BYHFAZ319P7Z0YVF/.turnend-phase-plij5hg6/.fm-test-cleanup.13440.3GWtzI
