=== old-fixture-age-contrast: expected exit 0, actual 0 ===
old fixture: beacon_age=0 away=off daemon_lock=present watcher_lock=absent exit=2
●━━━━━━━━━━━━━━━━━━━━━━━━━━━━━━━━━━━━━━━━━━━━━━━━━━━━━━━━━━━━━━━━━━━━━━━
●  TURN WOULD END BLIND - SUPERVISION IS OFF
●  1 task(s) in flight, but no live watcher holds this home lock (last beat: 0s ago).
●  watcher supervision needs Stop-owned automatic recovery; inspect the hook registration and startup status before ending the turn.
●━━━━━━━━━━━━━━━━━━━━━━━━━━━━━━━━━━━━━━━━━━━━━━━━━━━━━━━━━━━━━━━━━━━━━━━
old fixture: beacon_age=400 away=off daemon_lock=present watcher_lock=absent exit=2
●━━━━━━━━━━━━━━━━━━━━━━━━━━━━━━━━━━━━━━━━━━━━━━━━━━━━━━━━━━━━━━━━━━━━━━━
●  TURN WOULD END BLIND - SUPERVISION IS OFF
●  1 task(s) in flight, but no live watcher holds this home lock (last beat: 400s ago).
●  watcher supervision needs Stop-owned automatic recovery; inspect the hook registration and startup status before ending the turn.
●━━━━━━━━━━━━━━━━━━━━━━━━━━━━━━━━━━━━━━━━━━━━━━━━━━━━━━━━━━━━━━━━━━━━━━━

=== base-pristine: expected exit 0, actual 0 ===
ok - fm-turnend-guard: with away mode off, the poll-derived grace never applies

=== base-age-rejection-removed: expected exit 0, actual 0 ===
ok - fm-turnend-guard: with away mode off, the poll-derived grace never applies

=== target-age-rejection-removed: expected exit 1, actual 1 ===
not ok - without .afk, FM_POLL must not widen the strict watcher predicate's grace: expected exit 2, got 0

=== target-wrong-660-second-grace: expected exit 1, actual 1 ===
not ok - without .afk, FM_POLL must not widen the strict watcher predicate's grace: expected exit 2, got 0

=== target-missing-watcher-control: expected exit 1, actual 1 ===
not ok - without .afk, a live watcher with a fresh beacon must allow before aging: expected exit 0, got 2

=== target-pristine: expected exit 0, actual 0 ===
ok - fm-turnend-guard: with away mode off, the poll-derived grace never applies

=== target-adjacent-boundaries: expected exit 0, actual 0 ===
ok - fm-turnend-guard: silent no-op with a live watcher lock and fresh beacon
ok - fm-turnend-guard: blocks on a live watcher lock with an ancient beacon
ok - fm-turnend-guard: a daemon lock proves nothing while away mode is off
ok - fm-turnend-guard: away-mode beacon freshness uses the poll-derived grace, not the flat default
ok - fm-turnend-guard: a dead away-mode daemon still blocks under the poll-derived grace
ok - fm-turnend-guard: the poll-derived grace is bounded, not unlimited
