+ set -u
++ dirname /Users/mremond/.no-mistakes/worktrees/acf4a767348a/01M22GJM13BYHFAZ319P7Z0YVF/.turnend-phase-plij5hg6/product/tests/selected.sh
+ . /Users/mremond/.no-mistakes/worktrees/acf4a767348a/01M22GJM13BYHFAZ319P7Z0YVF/.turnend-phase-plij5hg6/product/tests/lib.sh
++ '[' -n '' ']'
++ FM_TEST_LIB_SOURCED=1
++ umask 022
++ export FM_GATE_REFUSE_BYPASS=1
++ FM_GATE_REFUSE_BYPASS=1
++ unset FM_TASK_ID
++++ dirname /Users/mremond/.no-mistakes/worktrees/acf4a767348a/01M22GJM13BYHFAZ319P7Z0YVF/.turnend-phase-plij5hg6/product/tests/lib.sh
+++ cd /Users/mremond/.no-mistakes/worktrees/acf4a767348a/01M22GJM13BYHFAZ319P7Z0YVF/.turnend-phase-plij5hg6/product/tests/..
+++ pwd
++ ROOT=/Users/mremond/.no-mistakes/worktrees/acf4a767348a/01M22GJM13BYHFAZ319P7Z0YVF/.turnend-phase-plij5hg6/product
++ FM_TEST_CLEANUP_DIRS=()
+++ mktemp /Users/mremond/.no-mistakes/worktrees/acf4a767348a/01M22GJM13BYHFAZ319P7Z0YVF/.turnend-phase-plij5hg6/.fm-test-cleanup.10939.XXXXXX
++ FM_TEST_CLEANUP_REGISTRY=/Users/mremond/.no-mistakes/worktrees/acf4a767348a/01M22GJM13BYHFAZ319P7Z0YVF/.turnend-phase-plij5hg6/.fm-test-cleanup.10939.SjPAoL
+++ fm_test_pid_identity 10939
+++ local pid=10939
+++ FM_STATE_OVERRIDE=/Users/mremond/.no-mistakes/worktrees/acf4a767348a/01M22GJM13BYHFAZ319P7Z0YVF/.turnend-phase-plij5hg6
+++ bash -c '. "$1"; fm_pid_identity "$2"' _ /Users/mremond/.no-mistakes/worktrees/acf4a767348a/01M22GJM13BYHFAZ319P7Z0YVF/.turnend-phase-plij5hg6/product/bin/fm-wake-lib.sh 10939
++ FM_TEST_OWNER_IDENTITY='Wed Sep  9 09:26:37 2026     bash -x /Users/mremond/.no-mistakes/worktrees/acf4a767348a/01M22GJM13BYHFAZ319P7Z0YVF/.turnend-phase-plij5hg6/product/tests/selected.sh'
+++ mktemp /Users/mremond/.no-mistakes/worktrees/acf4a767348a/01M22GJM13BYHFAZ319P7Z0YVF/.turnend-phase-plij5hg6/.fm-test-procevent.10939.XXXXXX
++ FM_TEST_PROCEVENT_REGISTRY=/Users/mremond/.no-mistakes/worktrees/acf4a767348a/01M22GJM13BYHFAZ319P7Z0YVF/.turnend-phase-plij5hg6/.fm-test-procevent.10939.lygcHN
++ FM_TEST_STUB_MAX_BLOCK_SECONDS=120
++ export FM_TEST_STUB_MAX_BLOCK_SECONDS
++ trap fm_test_cleanup EXIT
++ trap 'fm_test_cleanup; exit 130' INT
++ trap 'fm_test_cleanup; exit 143' TERM
++ trap 'fm_test_cleanup; exit 129' HUP
++ trap 'fm_test_cleanup; exit 131' QUIT
++ FM_TEST_ORPHAN_MAX_AGE_SECONDS=3600
++ '[' 0 '!=' 1 ']'
++ fm_test_reap_orphans
++ local marker dir mtime now owner_pid owner_identity current_identity
+++ date +%s
++ now=1788938797
++ for marker in "${TMPDIR:-/tmp}"/fm-*/.fm-test-fixture
++ '[' -e '/Users/mremond/.no-mistakes/worktrees/acf4a767348a/01M22GJM13BYHFAZ319P7Z0YVF/.turnend-phase-plij5hg6/fm-*/.fm-test-fixture' ']'
++ continue
+ . /Users/mremond/.no-mistakes/worktrees/acf4a767348a/01M22GJM13BYHFAZ319P7Z0YVF/.turnend-phase-plij5hg6/product/bin/fm-supervision-lib.sh
++ fm_test_tmproot fm-turnend-guard
++ local prefix=fm-turnend-guard root tmp_base
++ tmp_base=/Users/mremond/.no-mistakes/worktrees/acf4a767348a/01M22GJM13BYHFAZ319P7Z0YVF/.turnend-phase-plij5hg6
++ tmp_base=/Users/mremond/.no-mistakes/worktrees/acf4a767348a/01M22GJM13BYHFAZ319P7Z0YVF/.turnend-phase-plij5hg6
+++ mktemp -d /Users/mremond/.no-mistakes/worktrees/acf4a767348a/01M22GJM13BYHFAZ319P7Z0YVF/.turnend-phase-plij5hg6/fm-turnend-guard.XXXXXX
++ root=/Users/mremond/.no-mistakes/worktrees/acf4a767348a/01M22GJM13BYHFAZ319P7Z0YVF/.turnend-phase-plij5hg6/fm-turnend-guard.gapiBk
+++ cd -P -- /Users/mremond/.no-mistakes/worktrees/acf4a767348a/01M22GJM13BYHFAZ319P7Z0YVF/.turnend-phase-plij5hg6/fm-turnend-guard.gapiBk
+++ pwd -P
++ root=/Users/mremond/.no-mistakes/worktrees/acf4a767348a/01M22GJM13BYHFAZ319P7Z0YVF/.turnend-phase-plij5hg6/fm-turnend-guard.gapiBk
++ printf '%s\n%s\n' 10939 'Wed Sep  9 09:26:37 2026     bash -x /Users/mremond/.no-mistakes/worktrees/acf4a767348a/01M22GJM13BYHFAZ319P7Z0YVF/.turnend-phase-plij5hg6/product/tests/selected.sh'
++ printf '%s\n' /Users/mremond/.no-mistakes/worktrees/acf4a767348a/01M22GJM13BYHFAZ319P7Z0YVF/.turnend-phase-plij5hg6/fm-turnend-guard.gapiBk
++ printf '%s\n' /Users/mremond/.no-mistakes/worktrees/acf4a767348a/01M22GJM13BYHFAZ319P7Z0YVF/.turnend-phase-plij5hg6/fm-turnend-guard.gapiBk
+ TMP_ROOT=/Users/mremond/.no-mistakes/worktrees/acf4a767348a/01M22GJM13BYHFAZ319P7Z0YVF/.turnend-phase-plij5hg6/fm-turnend-guard.gapiBk
+ fm_git_identity fmtest fmtest@example.invalid
+ export GIT_AUTHOR_NAME=fmtest GIT_AUTHOR_EMAIL=fmtest@example.invalid
+ GIT_AUTHOR_NAME=fmtest
+ GIT_AUTHOR_EMAIL=fmtest@example.invalid
+ export GIT_COMMITTER_NAME=fmtest GIT_COMMITTER_EMAIL=fmtest@example.invalid
+ GIT_COMMITTER_NAME=fmtest
+ GIT_COMMITTER_EMAIL=fmtest@example.invalid
+ REQUIRED_REASON='watcher supervision needs Stop-owned automatic recovery; inspect the hook registration and startup status before ending the turn'
+ AWAY_REQUIRED_REASON='Away mode owns watcher supervision'
++ make_away_home_between_cycles /Users/mremond/.no-mistakes/worktrees/acf4a767348a/01M22GJM13BYHFAZ319P7Z0YVF/.turnend-phase-plij5hg6/fm-turnend-guard.gapiBk/old-contrast
++ local dir=/Users/mremond/.no-mistakes/worktrees/acf4a767348a/01M22GJM13BYHFAZ319P7Z0YVF/.turnend-phase-plij5hg6/fm-turnend-guard.gapiBk/old-contrast
+++ make_primary_dir /Users/mremond/.no-mistakes/worktrees/acf4a767348a/01M22GJM13BYHFAZ319P7Z0YVF/.turnend-phase-plij5hg6/fm-turnend-guard.gapiBk/old-contrast
+++ local dir=/Users/mremond/.no-mistakes/worktrees/acf4a767348a/01M22GJM13BYHFAZ319P7Z0YVF/.turnend-phase-plij5hg6/fm-turnend-guard.gapiBk/old-contrast
+++ mkdir -p /Users/mremond/.no-mistakes/worktrees/acf4a767348a/01M22GJM13BYHFAZ319P7Z0YVF/.turnend-phase-plij5hg6/fm-turnend-guard.gapiBk/old-contrast/state
+++ git init -q /Users/mremond/.no-mistakes/worktrees/acf4a767348a/01M22GJM13BYHFAZ319P7Z0YVF/.turnend-phase-plij5hg6/fm-turnend-guard.gapiBk/old-contrast
+++ git -C /Users/mremond/.no-mistakes/worktrees/acf4a767348a/01M22GJM13BYHFAZ319P7Z0YVF/.turnend-phase-plij5hg6/fm-turnend-guard.gapiBk/old-contrast commit -q --allow-empty -m init
+++ :
+++ install_guard_scripts /Users/mremond/.no-mistakes/worktrees/acf4a767348a/01M22GJM13BYHFAZ319P7Z0YVF/.turnend-phase-plij5hg6/fm-turnend-guard.gapiBk/old-contrast
+++ local dir=/Users/mremond/.no-mistakes/worktrees/acf4a767348a/01M22GJM13BYHFAZ319P7Z0YVF/.turnend-phase-plij5hg6/fm-turnend-guard.gapiBk/old-contrast
+++ mkdir -p /Users/mremond/.no-mistakes/worktrees/acf4a767348a/01M22GJM13BYHFAZ319P7Z0YVF/.turnend-phase-plij5hg6/fm-turnend-guard.gapiBk/old-contrast/bin
+++ cp /Users/mremond/.no-mistakes/worktrees/acf4a767348a/01M22GJM13BYHFAZ319P7Z0YVF/.turnend-phase-plij5hg6/product/bin/fm-turnend-guard.sh /Users/mremond/.no-mistakes/worktrees/acf4a767348a/01M22GJM13BYHFAZ319P7Z0YVF/.turnend-phase-plij5hg6/fm-turnend-guard.gapiBk/old-contrast/bin/fm-turnend-guard.sh
+++ cp /Users/mremond/.no-mistakes/worktrees/acf4a767348a/01M22GJM13BYHFAZ319P7Z0YVF/.turnend-phase-plij5hg6/product/bin/fm-turnend-guard-grok.sh /Users/mremond/.no-mistakes/worktrees/acf4a767348a/01M22GJM13BYHFAZ319P7Z0YVF/.turnend-phase-plij5hg6/fm-turnend-guard.gapiBk/old-contrast/bin/fm-turnend-guard-grok.sh
+++ cp /Users/mremond/.no-mistakes/worktrees/acf4a767348a/01M22GJM13BYHFAZ319P7Z0YVF/.turnend-phase-plij5hg6/product/bin/fm-operational-input.sh /Users/mremond/.no-mistakes/worktrees/acf4a767348a/01M22GJM13BYHFAZ319P7Z0YVF/.turnend-phase-plij5hg6/fm-turnend-guard.gapiBk/old-contrast/bin/fm-operational-input.sh
+++ cp /Users/mremond/.no-mistakes/worktrees/acf4a767348a/01M22GJM13BYHFAZ319P7Z0YVF/.turnend-phase-plij5hg6/product/bin/fm-supervision-instructions.sh /Users/mremond/.no-mistakes/worktrees/acf4a767348a/01M22GJM13BYHFAZ319P7Z0YVF/.turnend-phase-plij5hg6/fm-turnend-guard.gapiBk/old-contrast/bin/fm-supervision-instructions.sh
+++ cp /Users/mremond/.no-mistakes/worktrees/acf4a767348a/01M22GJM13BYHFAZ319P7Z0YVF/.turnend-phase-plij5hg6/product/bin/fm-harness.sh /Users/mremond/.no-mistakes/worktrees/acf4a767348a/01M22GJM13BYHFAZ319P7Z0YVF/.turnend-phase-plij5hg6/fm-turnend-guard.gapiBk/old-contrast/bin/fm-harness.sh
+++ cp /Users/mremond/.no-mistakes/worktrees/acf4a767348a/01M22GJM13BYHFAZ319P7Z0YVF/.turnend-phase-plij5hg6/product/bin/fm-primary-scope-lib.sh /Users/mremond/.no-mistakes/worktrees/acf4a767348a/01M22GJM13BYHFAZ319P7Z0YVF/.turnend-phase-plij5hg6/fm-turnend-guard.gapiBk/old-contrast/bin/fm-primary-scope-lib.sh
+++ cp /Users/mremond/.no-mistakes/worktrees/acf4a767348a/01M22GJM13BYHFAZ319P7Z0YVF/.turnend-phase-plij5hg6/product/bin/fm-supervision-lib.sh /Users/mremond/.no-mistakes/worktrees/acf4a767348a/01M22GJM13BYHFAZ319P7Z0YVF/.turnend-phase-plij5hg6/fm-turnend-guard.gapiBk/old-contrast/bin/fm-supervision-lib.sh
+++ cp /Users/mremond/.no-mistakes/worktrees/acf4a767348a/01M22GJM13BYHFAZ319P7Z0YVF/.turnend-phase-plij5hg6/product/bin/fm-wake-lib.sh /Users/mremond/.no-mistakes/worktrees/acf4a767348a/01M22GJM13BYHFAZ319P7Z0YVF/.turnend-phase-plij5hg6/fm-turnend-guard.gapiBk/old-contrast/bin/fm-wake-lib.sh
+++ cp /Users/mremond/.no-mistakes/worktrees/acf4a767348a/01M22GJM13BYHFAZ319P7Z0YVF/.turnend-phase-plij5hg6/product/bin/fm-hook-host-lib.sh /Users/mremond/.no-mistakes/worktrees/acf4a767348a/01M22GJM13BYHFAZ319P7Z0YVF/.turnend-phase-plij5hg6/fm-turnend-guard.gapiBk/old-contrast/bin/fm-hook-host-lib.sh
+++ mkdir -p /Users/mremond/.no-mistakes/worktrees/acf4a767348a/01M22GJM13BYHFAZ319P7Z0YVF/.turnend-phase-plij5hg6/fm-turnend-guard.gapiBk/old-contrast/docs
+++ cp -R /Users/mremond/.no-mistakes/worktrees/acf4a767348a/01M22GJM13BYHFAZ319P7Z0YVF/.turnend-phase-plij5hg6/product/docs/supervision-protocols /Users/mremond/.no-mistakes/worktrees/acf4a767348a/01M22GJM13BYHFAZ319P7Z0YVF/.turnend-phase-plij5hg6/fm-turnend-guard.gapiBk/old-contrast/docs/supervision-protocols
+++ chmod +x /Users/mremond/.no-mistakes/worktrees/acf4a767348a/01M22GJM13BYHFAZ319P7Z0YVF/.turnend-phase-plij5hg6/fm-turnend-guard.gapiBk/old-contrast/bin/fm-turnend-guard.sh /Users/mremond/.no-mistakes/worktrees/acf4a767348a/01M22GJM13BYHFAZ319P7Z0YVF/.turnend-phase-plij5hg6/fm-turnend-guard.gapiBk/old-contrast/bin/fm-turnend-guard-grok.sh /Users/mremond/.no-mistakes/worktrees/acf4a767348a/01M22GJM13BYHFAZ319P7Z0YVF/.turnend-phase-plij5hg6/fm-turnend-guard.gapiBk/old-contrast/bin/fm-operational-input.sh /Users/mremond/.no-mistakes/worktrees/acf4a767348a/01M22GJM13BYHFAZ319P7Z0YVF/.turnend-phase-plij5hg6/fm-turnend-guard.gapiBk/old-contrast/bin/fm-supervision-instructions.sh /Users/mremond/.no-mistakes/worktrees/acf4a767348a/01M22GJM13BYHFAZ319P7Z0YVF/.turnend-phase-plij5hg6/fm-turnend-guard.gapiBk/old-contrast/bin/fm-harness.sh
+++ printf '%s\n' /Users/mremond/.no-mistakes/worktrees/acf4a767348a/01M22GJM13BYHFAZ319P7Z0YVF/.turnend-phase-plij5hg6/fm-turnend-guard.gapiBk/old-contrast
++ dir=/Users/mremond/.no-mistakes/worktrees/acf4a767348a/01M22GJM13BYHFAZ319P7Z0YVF/.turnend-phase-plij5hg6/fm-turnend-guard.gapiBk/old-contrast
++ :
++ :
++ touch /Users/mremond/.no-mistakes/worktrees/acf4a767348a/01M22GJM13BYHFAZ319P7Z0YVF/.turnend-phase-plij5hg6/fm-turnend-guard.gapiBk/old-contrast/state/.last-watcher-beat
++ printf '%s\n' /Users/mremond/.no-mistakes/worktrees/acf4a767348a/01M22GJM13BYHFAZ319P7Z0YVF/.turnend-phase-plij5hg6/fm-turnend-guard.gapiBk/old-contrast
+ dir=/Users/mremond/.no-mistakes/worktrees/acf4a767348a/01M22GJM13BYHFAZ319P7Z0YVF/.turnend-phase-plij5hg6/fm-turnend-guard.gapiBk/old-contrast
+ rm -f /Users/mremond/.no-mistakes/worktrees/acf4a767348a/01M22GJM13BYHFAZ319P7Z0YVF/.turnend-phase-plij5hg6/fm-turnend-guard.gapiBk/old-contrast/state/.afk
+ pid=11190
+ record_daemon_lock /Users/mremond/.no-mistakes/worktrees/acf4a767348a/01M22GJM13BYHFAZ319P7Z0YVF/.turnend-phase-plij5hg6/fm-turnend-guard.gapiBk/old-contrast 11190
+ local dir=/Users/mremond/.no-mistakes/worktrees/acf4a767348a/01M22GJM13BYHFAZ319P7Z0YVF/.turnend-phase-plij5hg6/fm-turnend-guard.gapiBk/old-contrast pid=11190 identity= lockdir
+ '[' -z '' ']'
+ sleep 60
++ watcher_identity /Users/mremond/.no-mistakes/worktrees/acf4a767348a/01M22GJM13BYHFAZ319P7Z0YVF/.turnend-phase-plij5hg6/fm-turnend-guard.gapiBk/old-contrast 11190
++ local dir=/Users/mremond/.no-mistakes/worktrees/acf4a767348a/01M22GJM13BYHFAZ319P7Z0YVF/.turnend-phase-plij5hg6/fm-turnend-guard.gapiBk/old-contrast pid=11190
++ FM_STATE_OVERRIDE=/Users/mremond/.no-mistakes/worktrees/acf4a767348a/01M22GJM13BYHFAZ319P7Z0YVF/.turnend-phase-plij5hg6/fm-turnend-guard.gapiBk/old-contrast/state
++ bash -c '. "$1"; fm_pid_identity "$2"' _ /Users/mremond/.no-mistakes/worktrees/acf4a767348a/01M22GJM13BYHFAZ319P7Z0YVF/.turnend-phase-plij5hg6/fm-turnend-guard.gapiBk/old-contrast/bin/fm-wake-lib.sh 11190
+ identity='Wed Sep  9 09:26:37 2026     sleep 60'
+ lockdir=/Users/mremond/.no-mistakes/worktrees/acf4a767348a/01M22GJM13BYHFAZ319P7Z0YVF/.turnend-phase-plij5hg6/fm-turnend-guard.gapiBk/old-contrast/state/.supervise-daemon.lock
+ mkdir -p /Users/mremond/.no-mistakes/worktrees/acf4a767348a/01M22GJM13BYHFAZ319P7Z0YVF/.turnend-phase-plij5hg6/fm-turnend-guard.gapiBk/old-contrast/state/.supervise-daemon.lock
+ printf '%s\n' 11190
+ printf '%s\n' 'Wed Sep  9 09:26:37 2026     sleep 60'
+ for age in 0 400
++ date +%s
+ fm_touch_epoch 1788938797 /Users/mremond/.no-mistakes/worktrees/acf4a767348a/01M22GJM13BYHFAZ319P7Z0YVF/.turnend-phase-plij5hg6/fm-turnend-guard.gapiBk/old-contrast/state/.last-watcher-beat
+ local epoch=1788938797 stamp
+ shift
++ TZ=UTC0
++ date -d @1788938797 +%Y%m%d%H%M.%S
+ stamp=
++ TZ=UTC0
++ date -r 1788938797 +%Y%m%d%H%M.%S
+ stamp=202609090726.37
+ TZ=UTC0
+ touch -t 202609090726.37 /Users/mremond/.no-mistakes/worktrees/acf4a767348a/01M22GJM13BYHFAZ319P7Z0YVF/.turnend-phase-plij5hg6/fm-turnend-guard.gapiBk/old-contrast/state/.last-watcher-beat
++ FM_GUARD_GRACE=
++ FM_POLL=600
++ run_hook /Users/mremond/.no-mistakes/worktrees/acf4a767348a/01M22GJM13BYHFAZ319P7Z0YVF/.turnend-phase-plij5hg6/fm-turnend-guard.gapiBk/old-contrast false
++ local dir=/Users/mremond/.no-mistakes/worktrees/acf4a767348a/01M22GJM13BYHFAZ319P7Z0YVF/.turnend-phase-plij5hg6/fm-turnend-guard.gapiBk/old-contrast stop_active=false home
+++ cd /Users/mremond/.no-mistakes/worktrees/acf4a767348a/01M22GJM13BYHFAZ319P7Z0YVF/.turnend-phase-plij5hg6/fm-turnend-guard.gapiBk/old-contrast
+++ pwd
++ home=/Users/mremond/.no-mistakes/worktrees/acf4a767348a/01M22GJM13BYHFAZ319P7Z0YVF/.turnend-phase-plij5hg6/fm-turnend-guard.gapiBk/old-contrast
++ printf '{"stop_hook_active":%s}' false
++ CLAUDECODE=1
++ FM_HOME=/Users/mremond/.no-mistakes/worktrees/acf4a767348a/01M22GJM13BYHFAZ319P7Z0YVF/.turnend-phase-plij5hg6/fm-turnend-guard.gapiBk/old-contrast
++ bash /Users/mremond/.no-mistakes/worktrees/acf4a767348a/01M22GJM13BYHFAZ319P7Z0YVF/.turnend-phase-plij5hg6/fm-turnend-guard.gapiBk/old-contrast/bin/fm-turnend-guard.sh
+ out=$'●━━━━━━━━━━━━━━━━━━━━━━━━━━━━━━━━━━━━━━━━━━━━━━━━━━━━━━━━━━━━━━━━━━━━━━━\n●  TURN WOULD END BLIND - SUPERVISION IS OFF\n●  1 task(s) in flight, but no live watcher holds this home lock (last beat: 0s ago).\n●  watcher supervision needs Stop-owned automatic recovery; inspect the hook registration and startup status before ending the turn.\n●━━━━━━━━━━━━━━━━━━━━━━━━━━━━━━━━━━━━━━━━━━━━━━━━━━━━━━━━━━━━━━━━━━━━━━━'
+ status=2
+ printf 'old fixture: beacon_age=%s away=off daemon_lock=present watcher_lock=absent exit=%s\n%s\n' 0 2 $'●━━━━━━━━━━━━━━━━━━━━━━━━━━━━━━━━━━━━━━━━━━━━━━━━━━━━━━━━━━━━━━━━━━━━━━━\n●  TURN WOULD END BLIND - SUPERVISION IS OFF\n●  1 task(s) in flight, but no live watcher holds this home lock (last beat: 0s ago).\n●  watcher supervision needs Stop-owned automatic recovery; inspect the hook registration and startup status before ending the turn.\n●━━━━━━━━━━━━━━━━━━━━━━━━━━━━━━━━━━━━━━━━━━━━━━━━━━━━━━━━━━━━━━━━━━━━━━━'
+ expect_code 2 2 'old fixture blocks regardless of beacon age'
+ local expected=2 actual=2 'label=old fixture blocks regardless of beacon age'
+ '[' 2 = 2 ']'
+ for age in 0 400
++ date +%s
+ fm_touch_epoch 1788938398 /Users/mremond/.no-mistakes/worktrees/acf4a767348a/01M22GJM13BYHFAZ319P7Z0YVF/.turnend-phase-plij5hg6/fm-turnend-guard.gapiBk/old-contrast/state/.last-watcher-beat
+ local epoch=1788938398 stamp
+ shift
++ TZ=UTC0
++ date -d @1788938398 +%Y%m%d%H%M.%S
+ stamp=
++ TZ=UTC0
++ date -r 1788938398 +%Y%m%d%H%M.%S
+ stamp=202609090719.58
+ TZ=UTC0
+ touch -t 202609090719.58 /Users/mremond/.no-mistakes/worktrees/acf4a767348a/01M22GJM13BYHFAZ319P7Z0YVF/.turnend-phase-plij5hg6/fm-turnend-guard.gapiBk/old-contrast/state/.last-watcher-beat
++ FM_GUARD_GRACE=
++ FM_POLL=600
++ run_hook /Users/mremond/.no-mistakes/worktrees/acf4a767348a/01M22GJM13BYHFAZ319P7Z0YVF/.turnend-phase-plij5hg6/fm-turnend-guard.gapiBk/old-contrast false
++ local dir=/Users/mremond/.no-mistakes/worktrees/acf4a767348a/01M22GJM13BYHFAZ319P7Z0YVF/.turnend-phase-plij5hg6/fm-turnend-guard.gapiBk/old-contrast stop_active=false home
+++ cd /Users/mremond/.no-mistakes/worktrees/acf4a767348a/01M22GJM13BYHFAZ319P7Z0YVF/.turnend-phase-plij5hg6/fm-turnend-guard.gapiBk/old-contrast
+++ pwd
++ home=/Users/mremond/.no-mistakes/worktrees/acf4a767348a/01M22GJM13BYHFAZ319P7Z0YVF/.turnend-phase-plij5hg6/fm-turnend-guard.gapiBk/old-contrast
++ printf '{"stop_hook_active":%s}' false
++ CLAUDECODE=1
++ FM_HOME=/Users/mremond/.no-mistakes/worktrees/acf4a767348a/01M22GJM13BYHFAZ319P7Z0YVF/.turnend-phase-plij5hg6/fm-turnend-guard.gapiBk/old-contrast
++ bash /Users/mremond/.no-mistakes/worktrees/acf4a767348a/01M22GJM13BYHFAZ319P7Z0YVF/.turnend-phase-plij5hg6/fm-turnend-guard.gapiBk/old-contrast/bin/fm-turnend-guard.sh
+ out=$'●━━━━━━━━━━━━━━━━━━━━━━━━━━━━━━━━━━━━━━━━━━━━━━━━━━━━━━━━━━━━━━━━━━━━━━━\n●  TURN WOULD END BLIND - SUPERVISION IS OFF\n●  1 task(s) in flight, but no live watcher holds this home lock (last beat: 400s ago).\n●  watcher supervision needs Stop-owned automatic recovery; inspect the hook registration and startup status before ending the turn.\n●━━━━━━━━━━━━━━━━━━━━━━━━━━━━━━━━━━━━━━━━━━━━━━━━━━━━━━━━━━━━━━━━━━━━━━━'
+ status=2
+ printf 'old fixture: beacon_age=%s away=off daemon_lock=present watcher_lock=absent exit=%s\n%s\n' 400 2 $'●━━━━━━━━━━━━━━━━━━━━━━━━━━━━━━━━━━━━━━━━━━━━━━━━━━━━━━━━━━━━━━━━━━━━━━━\n●  TURN WOULD END BLIND - SUPERVISION IS OFF\n●  1 task(s) in flight, but no live watcher holds this home lock (last beat: 400s ago).\n●  watcher supervision needs Stop-owned automatic recovery; inspect the hook registration and startup status before ending the turn.\n●━━━━━━━━━━━━━━━━━━━━━━━━━━━━━━━━━━━━━━━━━━━━━━━━━━━━━━━━━━━━━━━━━━━━━━━'
+ expect_code 2 2 'old fixture blocks regardless of beacon age'
+ local expected=2 actual=2 'label=old fixture blocks regardless of beacon age'
+ '[' 2 = 2 ']'
+ kill 11190
+ wait 11190
+ true
+ fm_test_cleanup
+ local d
+ fm_test_reap_procevent_homes
+ local home claim_root $'seen=\n'
+ '[' -f /Users/mremond/.no-mistakes/worktrees/acf4a767348a/01M22GJM13BYHFAZ319P7Z0YVF/.turnend-phase-plij5hg6/.fm-test-procevent.10939.lygcHN ']'
+ IFS=$'\t'
+ read -r home claim_root
+ rm -f /Users/mremond/.no-mistakes/worktrees/acf4a767348a/01M22GJM13BYHFAZ319P7Z0YVF/.turnend-phase-plij5hg6/.fm-test-procevent.10939.lygcHN
+ for d in "${FM_TEST_CLEANUP_DIRS[@]:-}"
+ '[' -n '' ']'
+ '[' -f /Users/mremond/.no-mistakes/worktrees/acf4a767348a/01M22GJM13BYHFAZ319P7Z0YVF/.turnend-phase-plij5hg6/.fm-test-cleanup.10939.SjPAoL ']'
+ IFS=
+ read -r d
+ '[' -n /Users/mremond/.no-mistakes/worktrees/acf4a767348a/01M22GJM13BYHFAZ319P7Z0YVF/.turnend-phase-plij5hg6/fm-turnend-guard.gapiBk ']'
+ rm -rf /Users/mremond/.no-mistakes/worktrees/acf4a767348a/01M22GJM13BYHFAZ319P7Z0YVF/.turnend-phase-plij5hg6/fm-turnend-guard.gapiBk
+ IFS=
+ read -r d
+ rm -f /Users/mremond/.no-mistakes/worktrees/acf4a767348a/01M22GJM13BYHFAZ319P7Z0YVF/.turnend-phase-plij5hg6/.fm-test-cleanup.10939.SjPAoL
