
SCENARIO TERM stops the watcher, publishes downtime, and releases the singleton
normal-stop: running watcher 43392 43205 43205 S    bash /Users/mremond/.no-mistakes/worktrees/acf4a767348a/01M2FG7SEEP1VBZ3B5SX35BJ6Q/bin/fm-watch.sh
normal-stop: TERM -> exit=1, elapsed=0.256s; (pid absent)
Persisted recovery marker:
pending:downtime:44545.1789376355.0JHaGZ

SCENARIO Held marker lock cannot prevent stop; holder is preserved and the next watcher recovers
held-marker: running watcher 44815 43205 43205 S    bash /Users/mremond/.no-mistakes/worktrees/acf4a767348a/01M2FG7SEEP1VBZ3B5SX35BJ6Q/bin/fm-watch.sh
Live marker holder 45623 43205 43205 S    sleep 60
held-marker: TERM -> exit=1, elapsed=4.520s; (pid absent)
watcher: recovery state could not be persisted within 5s (marker lock held by pid 45623); stopping and retaining stale lock evidence
Preserved singleton owner=44815; marker holder=45623 still running; ambient 999s values ignored.
Next watcher exit=0, stdout:
check: rearm-resurface

SCENARIO Unwritable state makes acquisition return and watcher shutdown reach its deadline
resource-stop: running watcher 49106 43205 43205 R    bash /Users/mremond/.no-mistakes/worktrees/acf4a767348a/01M2FG7SEEP1VBZ3B5SX35BJ6Q/bin/fm-watch.sh
$ bash -c . "$1"; if fm_lock_owner_dir "$2"; then exit 10; fi; printf "owner-directory failure established uid=%s\n" "$(id -u)"; if fm_lock_try_acquire "$2"; then rc=0; else rc=$?; fi; printf "acquire returned=%s\n" "$rc"; exit "$rc"
owner-directory failure established uid=501
acquire returned=1
exit=1
resource-stop: TERM -> exit=1, elapsed=4.869s; (pid absent)
watcher: recovery state could not be persisted within 5s (marker lock held by pid unknown); stopping and retaining stale lock evidence
State mode=0555; owner creation really failed; acquisition returned; singleton PID evidence retained.

SCENARIO A stealer killed after removal is reclaimed and watcher startup still works
Primary removed, before replacement: 50239 43205 43205 T    /opt/homebrew/bin/bash -c set -T\012. "$1"\012primary=$2\012ready=$3\012barrier='fm_lock_try_create "$lockdir" "$steal_owner"'\012trap 'if [[ "$BASH_COMMAND" == "$barrier" && "$lockdir" == "$primary" ]]; then printf "%s\n" "$BASHPID" > "$ready"; kill -STOP "$BASHPID"; fi' DEBUG\012fm_lock_try_acquire "$primary"\012 _ /Users/mremond/.no-mistakes/worktrees/acf4a767348a/01M2FG7SEEP1VBZ3B5SX35BJ6Q/bin/fm-wake-lib.sh /Users/mremond/.no-mistakes/worktrees/acf4a767348a/01M2FG7SEEP1VBZ3B5SX35BJ6Q/.test-phase/live-r2/abandoned-steal/state/.watch.lock /Users/mremond/.no-mistakes/worktrees/acf4a767348a/01M2FG7SEEP1VBZ3B5SX35BJ6Q/.test-phase/live-r2/abandoned-steal/removed.ready
Remaining .steal PID=50239
Killed stealer: (pid absent)
$ bash -c . "$1"; if fm_lock_try_acquire "$2"; then printf "acquired primary=%s owner=%s self=%s\n" "$2" "$(cat "$2/pid")" "$BASHPID"; fm_lock_release "$2"; else exit 1; fi
acquired primary=/Users/mremond/.no-mistakes/worktrees/acf4a767348a/01M2FG7SEEP1VBZ3B5SX35BJ6Q/.test-phase/live-r2/abandoned-steal/state/.watch.lock owner=50326 self=50326
exit=0
Watcher startup after recovery exit=0:
check: rearm-resurface

SCENARIO Returned authenticated check descendant is drained by the real fallback timeout path
registered: state/custom.check.sh
Direct check returned, recorded descendant: (pid absent)
returned-descendant: TERM -> exit=1, elapsed=0.070s; (pid absent)
Descendant after watcher stop: (pid absent)
Sentinel absent after its scheduled write time; private custom snapshots absent.
