# is_live_non_zombie: ps reported no state for present pid 78954; UNKNOWN, not live
# is_live_non_zombie: ps reported no state for present pid 78954; UNKNOWN, not live
# is_live_non_zombie: ps reported no state for present pid 78954; UNKNOWN, not live
# is_live_non_zombie: ps reported no state for present pid 78954; UNKNOWN, not live
# is_live_non_zombie: ps reported no state for present pid 78954; UNKNOWN, not live
# is_live_non_zombie: ps reported no state for present pid 78954; UNKNOWN, not live
# is_live_non_zombie: ps reported no state for present pid 78954; UNKNOWN, not live
# is_live_non_zombie: ps reported no state for present pid 78954; UNKNOWN, not live
# is_live_non_zombie: ps reported no state for present pid 78954; UNKNOWN, not live
# is_live_non_zombie: ps reported no state for present pid 78954; UNKNOWN, not live
# is_live_non_zombie: ps reported no state for present pid 78954; UNKNOWN, not live
# is_live_non_zombie: ps reported no state for present pid 78954; UNKNOWN, not live
# is_live_non_zombie: ps reported no state for present pid 78954; UNKNOWN, not live
# is_live_non_zombie: ps reported no state for present pid 78954; UNKNOWN, not live
# is_live_non_zombie: ps reported no state for present pid 78954; UNKNOWN, not live
# is_live_non_zombie: ps reported no state for present pid 78954; UNKNOWN, not live
# is_live_non_zombie: ps reported no state for present pid 78954; UNKNOWN, not live
# is_live_non_zombie: ps reported no state for present pid 78954; UNKNOWN, not live
# is_live_non_zombie: ps reported no state for present pid 78954; UNKNOWN, not live
# is_live_non_zombie: ps reported no state for present pid 78954; UNKNOWN, not live
# is_live_non_zombie: ps reported no state for present pid 78954; UNKNOWN, not live
# is_live_non_zombie: ps reported no state for present pid 78954; UNKNOWN, not live
# is_live_non_zombie: ps reported no state for present pid 78954; UNKNOWN, not live
# is_live_non_zombie: ps reported no state for present pid 78954; UNKNOWN, not live
# is_live_non_zombie: ps reported no state for present pid 78954; UNKNOWN, not live
# is_live_non_zombie: ps reported no state for present pid 78954; UNKNOWN, not live
# is_live_non_zombie: ps reported no state for present pid 78954; UNKNOWN, not live
# is_live_non_zombie: ps reported no state for present pid 78954; UNKNOWN, not live
# is_live_non_zombie: ps reported no state for present pid 78954; UNKNOWN, not live
# is_live_non_zombie: ps reported no state for present pid 78954; UNKNOWN, not live
# is_live_non_zombie: ps reported no state for present pid 78954; UNKNOWN, not live
# is_live_non_zombie: ps reported no state for present pid 78954; UNKNOWN, not live
# is_live_non_zombie: ps reported no state for present pid 78954; UNKNOWN, not live
# is_live_non_zombie: ps reported no state for present pid 78954; UNKNOWN, not live
# is_live_non_zombie: ps reported no state for present pid 78954; UNKNOWN, not live
# is_live_non_zombie: ps reported no state for present pid 78954; UNKNOWN, not live
# is_live_non_zombie: ps reported no state for present pid 78954; UNKNOWN, not live
# is_live_non_zombie: ps reported no state for present pid 78954; UNKNOWN, not live
# is_live_non_zombie: ps reported no state for present pid 78954; UNKNOWN, not live
# is_live_non_zombie: ps reported no state for present pid 78954; UNKNOWN, not live
# is_live_non_zombie: ps reported no state for present pid 78954; UNKNOWN, not live
# is_live_non_zombie: ps reported no state for present pid 78954; UNKNOWN, not live
# is_live_non_zombie: ps reported no state for present pid 78954; UNKNOWN, not live
# is_live_non_zombie: ps reported no state for present pid 78954; UNKNOWN, not live
# is_live_non_zombie: ps reported no state for present pid 78954; UNKNOWN, not live
# is_live_non_zombie: ps reported no state for present pid 78954; UNKNOWN, not live
# is_live_non_zombie: ps reported no state for present pid 78954; UNKNOWN, not live
# is_live_non_zombie: ps reported no state for present pid 78954; UNKNOWN, not live
# is_live_non_zombie: ps reported no state for present pid 78954; UNKNOWN, not live
# is_live_non_zombie: ps reported no state for present pid 78954; UNKNOWN, not live
# is_live_non_zombie: ps reported no state for present pid 78954; UNKNOWN, not live
# is_live_non_zombie: ps reported no state for present pid 78954; UNKNOWN, not live
# is_live_non_zombie: ps reported no state for present pid 78954; UNKNOWN, not live
# is_live_non_zombie: ps reported no state for present pid 78954; UNKNOWN, not live
# is_live_non_zombie: ps reported no state for present pid 78954; UNKNOWN, not live
# is_live_non_zombie: ps reported no state for present pid 78954; UNKNOWN, not live
# is_live_non_zombie: ps reported no state for present pid 78954; UNKNOWN, not live
# is_live_non_zombie: ps reported no state for present pid 78954; UNKNOWN, not live
# is_live_non_zombie: ps reported no state for present pid 78954; UNKNOWN, not live
# is_live_non_zombie: ps reported no state for present pid 78954; UNKNOWN, not live
# is_live_non_zombie: ps reported no state for present pid 78954; UNKNOWN, not live
# is_live_non_zombie: ps reported no state for present pid 78954; UNKNOWN, not live
# is_live_non_zombie: ps reported no state for present pid 78954; UNKNOWN, not live
# is_live_non_zombie: ps reported no state for present pid 78954; UNKNOWN, not live
# is_live_non_zombie: ps reported no state for present pid 78954; UNKNOWN, not live
# is_live_non_zombie: ps reported no state for present pid 78954; UNKNOWN, not live
# is_live_non_zombie: ps reported no state for present pid 78954; UNKNOWN, not live
# is_live_non_zombie: ps reported no state for present pid 78954; UNKNOWN, not live
# is_live_non_zombie: ps reported no state for present pid 78954; UNKNOWN, not live
# is_live_non_zombie: ps reported no state for present pid 78954; UNKNOWN, not live
# is_live_non_zombie: ps reported no state for present pid 78954; UNKNOWN, not live
# is_live_non_zombie: ps reported no state for present pid 78954; UNKNOWN, not live
# is_live_non_zombie: ps reported no state for present pid 78954; UNKNOWN, not live
# is_live_non_zombie: ps reported no state for present pid 78954; UNKNOWN, not live
# is_live_non_zombie: ps reported no state for present pid 78954; UNKNOWN, not live
# is_live_non_zombie: ps reported no state for present pid 78954; UNKNOWN, not live
# is_live_non_zombie: ps reported no state for present pid 78954; UNKNOWN, not live
# is_live_non_zombie: ps reported no state for present pid 78954; UNKNOWN, not live
# is_live_non_zombie: ps reported no state for present pid 78954; UNKNOWN, not live
# is_live_non_zombie: ps reported no state for present pid 78954; UNKNOWN, not live
# is_live_non_zombie: ps reported no state for present pid 78954; UNKNOWN, not live
# is_live_non_zombie: ps reported no state for present pid 78954; UNKNOWN, not live
# is_live_non_zombie: ps reported no state for present pid 78954; UNKNOWN, not live
# is_live_non_zombie: ps reported no state for present pid 78954; UNKNOWN, not live
# is_live_non_zombie: ps reported no state for present pid 78954; UNKNOWN, not live
# is_live_non_zombie: ps reported no state for present pid 78954; UNKNOWN, not live
# is_live_non_zombie: ps reported no state for present pid 78954; UNKNOWN, not live
# is_live_non_zombie: ps reported no state for present pid 78954; UNKNOWN, not live
# is_live_non_zombie: ps reported no state for present pid 78954; UNKNOWN, not live
# is_live_non_zombie: ps reported no state for present pid 78954; UNKNOWN, not live
# is_live_non_zombie: ps reported no state for present pid 78954; UNKNOWN, not live
# is_live_non_zombie: ps reported no state for present pid 78954; UNKNOWN, not live
# is_live_non_zombie: ps reported no state for present pid 78954; UNKNOWN, not live
# is_live_non_zombie: ps reported no state for present pid 78954; UNKNOWN, not live
# is_live_non_zombie: ps reported no state for present pid 78954; UNKNOWN, not live
# is_live_non_zombie: ps reported no state for present pid 78954; UNKNOWN, not live
# is_live_non_zombie: ps reported no state for present pid 78954; UNKNOWN, not live
# is_live_non_zombie: ps reported no state for present pid 78954; UNKNOWN, not live
# is_live_non_zombie: ps reported no state for present pid 78954; UNKNOWN, not live
# is_live_non_zombie: ps reported no state for present pid 78954; UNKNOWN, not live
# is_live_non_zombie: ps reported no state for present pid 78954; UNKNOWN, not live
# is_live_non_zombie: ps reported no state for present pid 78954; UNKNOWN, not live
# is_live_non_zombie: ps reported no state for present pid 78954; UNKNOWN, not live
# is_live_non_zombie: ps reported no state for present pid 78954; UNKNOWN, not live
# is_live_non_zombie: ps reported no state for present pid 78954; UNKNOWN, not live
# is_live_non_zombie: ps reported no state for present pid 78954; UNKNOWN, not live
# is_live_non_zombie: ps reported no state for present pid 78954; UNKNOWN, not live
# is_live_non_zombie: ps reported no state for present pid 78954; UNKNOWN, not live
# is_live_non_zombie: ps reported no state for present pid 78954; UNKNOWN, not live
# is_live_non_zombie: ps reported no state for present pid 78954; UNKNOWN, not live
# is_live_non_zombie: ps reported no state for present pid 78954; UNKNOWN, not live
# is_live_non_zombie: ps reported no state for present pid 78954; UNKNOWN, not live
# is_live_non_zombie: ps reported no state for present pid 78954; UNKNOWN, not live
# is_live_non_zombie: ps reported no state for present pid 78954; UNKNOWN, not live
# is_live_non_zombie: ps reported no state for present pid 78954; UNKNOWN, not live
# is_live_non_zombie: ps reported no state for present pid 78954; UNKNOWN, not live
# is_live_non_zombie: ps reported no state for present pid 78954; UNKNOWN, not live
# is_live_non_zombie: ps reported no state for present pid 78954; UNKNOWN, not live
# is_live_non_zombie: ps reported no state for present pid 78954; UNKNOWN, not live
# is_live_non_zombie: ps reported no state for present pid 78954; UNKNOWN, not live
# is_live_non_zombie: ps reported no state for present pid 78954; UNKNOWN, not live
# is_live_non_zombie: ps reported no state for present pid 78954; UNKNOWN, not live
# is_live_non_zombie: ps reported no state for present pid 78954; UNKNOWN, not live
# is_live_non_zombie: ps reported no state for present pid 78954; UNKNOWN, not live
# is_live_non_zombie: ps reported no state for present pid 78954; UNKNOWN, not live
# is_live_non_zombie: ps reported no state for present pid 78954; UNKNOWN, not live
# is_live_non_zombie: ps reported no state for present pid 78954; UNKNOWN, not live
# is_live_non_zombie: ps reported no state for present pid 78954; UNKNOWN, not live
# is_live_non_zombie: ps reported no state for present pid 78954; UNKNOWN, not live
# is_live_non_zombie: ps reported no state for present pid 78954; UNKNOWN, not live
# is_live_non_zombie: ps reported no state for present pid 78954; UNKNOWN, not live
# is_live_non_zombie: ps reported no state for present pid 78954; UNKNOWN, not live
# is_live_non_zombie: ps reported no state for present pid 78954; UNKNOWN, not live
# is_live_non_zombie: ps reported no state for present pid 78954; UNKNOWN, not live
# is_live_non_zombie: ps reported no state for present pid 78954; UNKNOWN, not live
# is_live_non_zombie: ps reported no state for present pid 78954; UNKNOWN, not live
# is_live_non_zombie: ps reported no state for present pid 78954; UNKNOWN, not live
# is_live_non_zombie: ps reported no state for present pid 78954; UNKNOWN, not live
# is_live_non_zombie: ps reported no state for present pid 78954; UNKNOWN, not live
# is_live_non_zombie: ps reported no state for present pid 78954; UNKNOWN, not live
# is_live_non_zombie: ps reported no state for present pid 78954; UNKNOWN, not live
# is_live_non_zombie: ps reported no state for present pid 78954; UNKNOWN, not live
# is_live_non_zombie: ps reported no state for present pid 78954; UNKNOWN, not live
# is_live_non_zombie: ps reported no state for present pid 78954; UNKNOWN, not live
# is_live_non_zombie: ps reported no state for present pid 78954; UNKNOWN, not live
# is_live_non_zombie: ps reported no state for present pid 78954; UNKNOWN, not live
# is_live_non_zombie: ps reported no state for present pid 78954; UNKNOWN, not live
# is_live_non_zombie: ps reported no state for present pid 78954; UNKNOWN, not live
# is_live_non_zombie: ps reported no state for present pid 78954; UNKNOWN, not live
# is_live_non_zombie: ps reported no state for present pid 78954; UNKNOWN, not live
# is_live_non_zombie: ps reported no state for present pid 78954; UNKNOWN, not live
# fallback-timeout watcher still unreadable 14s after TERM (150 polls); state below
# descendant tree (watcher pid 78954; recorded child pid 79421): pid ppid pgid stat wchan args
78954 78854 74288 T    -      bash /Users/mremond/.no-mistakes/worktrees/acf4a767348a/01M2JEJPE43XFXJCGYM3KFAX75/bin/fm-watch.sh
79421     1 79416 S    -      perl -e $SIG{TERM}="IGNORE"; my $g=fork; die $! unless defined $g; if (!$g) {sleep 60; exit} open my $gf, ">", $ENV{NM_GRANDCHILD} or die $!; print {$gf} "$g\n"; close $gf; open my $ready, ">", $ENV{FM_TEST_DESCENDANT_READY} or die $!; print {$ready} "ready\n"; close $ready; sleep 60
  79423 79421 79416 S    -      perl -e $SIG{TERM}="IGNORE"; my $g=fork; die $! unless defined $g; if (!$g) {sleep 60; exit} open my $gf, ">", $ENV{NM_GRANDCHILD} or die $!; print {$gf} "$g\n"; close $gf; open my $ready, ">", $ENV{FM_TEST_DESCENDANT_READY} or die $!; print {$ready} "ready\n"; close $ready; sleep 60
# fallback-timeout watcher stderr tail:
not ok - fallback-timeout watcher liveness was unreadable after the direct check returned
