  % Total    % Received % Xferd  Average Speed   Time    Time     Time  Current
                                 Dload  Upload   Total   Spent    Left  Speed
  0     0    0     0    0     0      0      0 --:--:-- --:--:-- --:--:--     0  2 5990k    2  124k    0     0   157k      0  0:00:38 --:--:--  0:00:38  157k 58 5990k   58 3515k    0     0  2012k      0  0:00:02  0:00:01  0:00:01 2012k100 5990k  100 5990k    0     0  2512k      0  0:00:02  0:00:02 --:--:-- 2512k
configure: WARNING: unrecognized options: --without-gmp
checking for a BSD-compatible install... /usr/bin/install -c
checking whether build environment is sane... yes
checking for a race-free mkdir -p... mkdir -p
checking for gawk... no
checking for mawk... no
checking for nawk... no
checking for awk... awk
checking whether make sets $(MAKE)... yes
checking whether make supports nested variables... yes
checking whether make supports nested variables... (cached) yes
checking for gcc... gcc
checking whether the C compiler works... yes
checking for C compiler default output file name... a.out
checking for suffix of executables... 
checking whether we are cross compiling... no
checking for suffix of object files... o
checking whether the compiler supports GNU C... yes
checking whether gcc accepts -g... yes
checking for gcc option to enable C23 features... -std=gnu23
checking whether gcc -std=gnu23 understands -c and -o together... yes
checking whether the compiler is clang... yes
checking for compiler option needed when checking for declarations... -Werror=implicit-function-declaration
checking whether make supports the include directive... yes (GNU style)
checking dependency style of gcc -std=gnu23... gcc3
checking how to run the C preprocessor... gcc -std=gnu23 -E
checking for ranlib... ranlib
checking for grep that handles long lines and -e... /usr/bin/grep
checking for egrep... /usr/bin/grep -E
checking whether ln -s works... yes
checking for stdio.h... yes
checking for stdlib.h... yes
checking for string.h... yes
checking for inttypes.h... yes
checking for stdint.h... yes
checking for strings.h... yes
checking for sys/stat.h... yes
checking for sys/types.h... yes
checking for unistd.h... yes
checking for wchar.h... yes
checking for minix/config.h... no
checking for arpa/inet.h... yes
checking for features.h... no
checking for sys/socket.h... yes
checking for stdbool.h... yes
checking for byteswap.h... no
checking for xlocale.h... yes
checking for uchar.h... no
checking for sys/param.h... yes
checking for dirent.h... yes
checking for endian.h... no
checking for sys/endian.h... yes
checking for error.h... no
checking for linux/xattr.h... no
checking for selinux/selinux.h... no
checking for fnmatch.h... yes
checking for stdio_ext.h... no
checking for sys/vfs.h... no
checking for sys/fs_types.h... no
checking for netdb.h... yes
checking for netinet/in.h... yes
checking for getopt.h... yes
checking for sys/time.h... yes
checking for grp.h... yes
checking for threads.h... no
checking for iconv.h... yes
checking for limits.h... yes
checking for crtdefs.h... no
checking for wctype.h... yes
checking for langinfo.h... yes
checking for math.h... yes
checking for sys/mman.h... yes
checking for sys/statvfs.h... yes
checking for obstack.h... no
checking for priv.h... no
checking for sys/select.h... yes
checking for pthread.h... yes
checking for utmp.h... yes
checking for utmpx.h... yes
checking for OS.h... no
checking for malloc.h... no
checking for stdbit.h... no
checking for stdckdint.h... yes
checking for sys/ioctl.h... yes
checking for sys/random.h... yes
checking for sys/resource.h... yes
checking for sys/uio.h... yes
checking for sys/utsname.h... yes
checking for sys/wait.h... yes
checking for termios.h... yes
checking for utime.h... yes
checking for semaphore.h... yes
checking for sys/un.h... yes
checking for hurd.h... no
checking for linux/falloc.h... no
checking for linux/fs.h... no
checking for paths.h... yes
checking for stropts.h... no
checking for sys/mtio.h... no
checking for sys/systeminfo.h... no
checking for syslog.h... yes
checking for pwd.h... yes
checking for vfork.h... no
checking whether it is safe to define __EXTENSIONS__... yes
checking whether _XOPEN_SOURCE should be defined... no
checking build system type... aarch64-apple-darwin25.5.0
checking host system type... aarch64-apple-darwin25.5.0
checking for egrep -e... (cached) /usr/bin/grep -E
checking for Minix Amsterdam compiler... no
checking for ar... ar
checking for gcc -std=gnu23 option to support large files... none needed
checking for gcc -std=gnu23 option to support timestamps after 2038... none needed
configure: autobuild project... GNU coreutils
configure: autobuild revision... 9.6
configure: autobuild hostname... mac-mini
configure: autobuild timestamp... 20260914T090107Z
checking for lstat... yes
checking for fchmod... yes
checking for pathconf... yes
checking for btowc... yes
checking for mbrtowc... yes
checking for mbsinit... yes
checking for canonicalize_file_name... no
checking for realpath... yes
checking for chown... yes
checking for fchown... yes
checking for _set_invalid_parameter_handler... no
checking for fchdir... yes
checking for explicit_bzero... no
checking for posix_fadvise... no
checking for fchmodat... yes
checking for lchmod... yes
checking for fcntl... yes
checking for symlink... yes
checking for fdopendir... yes
checking for listxattr... yes
checking for fnmatch... yes
checking for mbsrtowcs... yes
checking for fpurge... yes
checking for __freadptr... no
checking for __freadptrinc... no
checking for fstatat... yes
checking for fsync... yes
checking for openat... yes
checking for fstatfs... yes
checking for getdtablesize... yes
checking for microuptime... no
checking for nanouptime... no
checking for getlogin... yes
checking for flockfile... yes
checking for funlockfile... yes
checking for getexecname... no
checking for gettimeofday... yes
checking for isblank... yes
checking for iswcntrl... yes
checking for link... yes
checking for readlink... yes
checking for mbrlen... yes
checking for mbslen... no
checking for isascii... yes
checking for mprotect... yes
checking for memset_s... yes
checking for getgrouplist... yes
checking for mkdirat... yes
checking for mknod... yes
checking for mkstemp... yes
checking for strftime_z... no
checking for pipe... yes
checking for pselect... yes
checking for pthread_sigmask... yes
checking for qsort_r... yes
checking for utmpname... no
checking for utmpxname... yes
checking for iswctype... yes
checking for renameat... yes
checking for fpathconf... yes
checking for secure_getenv... no
checking for getuid... yes
checking for geteuid... yes
checking for getgid... yes
checking for getegid... yes
checking for setenv... yes
checking for settimeofday... yes
checking for stime... no
checking for sigaction... yes
checking for sigaltstack... yes
checking for siginterrupt... yes
checking for snprintf... yes
checking for __xpg_strerror_r... no
checking for strtoimax... yes
checking for strtold... yes
checking for strtoumax... yes
checking for localtime_r... yes
checking for unlinkat... yes
checking for utimens... no
checking for lutimens... no
checking for vasnprintf... no
checking for wcrtomb... yes
checking for wcwidth... yes
checking for pause... yes
checking for getrusage... yes
checking for sleep... yes
checking for shutdown... yes
checking for usleep... yes
checking for mquery... no
checking for pstat_getprocvm... no
checking for wctob... yes
checking for directio... no
checking for nl_langinfo... yes
checking for setitimer... yes
checking for setrlimit... yes
checking for prctl... no
checking for endgrent... yes
checking for endpwent... yes
checking for fallocate... no
checking for setgroups... yes
checking for sethostname... yes
checking for sync... yes
checking for syncfs... no
checking for sysinfo... no
checking for tcgetpgrp... yes
checking for getgrgid_nomembers... no
checking for getgrnam_nomembers... no
checking for getgrent_nomembers... no
checking for fork... yes
checking for vfork... yes
checking for gcc -std=gnu23 options needed to detect all undeclared functions... none needed
checking for size_t... yes
checking for working alloca.h... yes
checking for alloca... yes
checking whether the preprocessor supports include_next... yes
checking whether source code line length is unlimited... yes
checking for d_ino member in directory struct... yes
checking for long file names... yes
checking for C/C++ restrict keyword... __restrict__
checking for wint_t... yes
checking whether wint_t is large enough... yes
checking whether <wchar.h> uses 'inline' correctly... yes
checking for nl_langinfo and CODESET... yes
checking for a traditional french locale... fr_FR.ISO8859-1
checking for uselocale... yes
checking whether uselocale works... yes
checking whether char8_t is correctly defined... no
checking whether char16_t is correctly defined... no
checking whether char32_t is correctly defined... no
checking whether the C++ compiler predefines the <uchar.h> types... no
checking whether the C++ compiler predefines the char8_t types... no
checking for bit size of wchar_t... 32
checking for mbstate_t... yes
checking for a traditional japanese locale... ja_JP.eucJP
checking for an english Unicode locale... en_US.UTF-8
checking for a transitional chinese locale... zh_CN.GB18030
checking whether mbrtowc handles incomplete characters... yes
checking whether mbrtowc works as well as mbtowc... yes
checking whether mbrtoc32 is declared... no
checking whether c32rtomb is declared... no
checking whether malloc is ptrdiff_t safe... yes
checking whether malloc, realloc, calloc set errno on failure... yes
checking whether lstat correctly handles trailing slash... yes
checking whether // is distinct from /... no
checking whether realpath works... no
checking for uid_t... yes
checking for gid_t... yes
checking for unistd.h... (cached) yes
checking for working chown... yes
checking whether chown dereferences symlinks... yes
checking whether chown honors trailing slash... yes
checking whether chown always updates ctime... yes
checking whether to enable CRC slice-by-8 algorithm... yes
checking if pclmul intrinsic exists... no
checking whether <sys/socket.h> is self-contained... yes
checking for shutdown... (cached) yes
checking whether <sys/socket.h> defines the SHUT_* macros... yes
checking for struct sockaddr_storage... yes
checking for sa_family_t... yes
checking for struct sockaddr_storage.ss_family... yes
checking for inline... inline
checking whether linux/if_alg.h has struct sockaddr_alg.... no
checking whether byte ordering is bigendian... no
checking if sys/endian.h defines stdint types... no
checking if sys/endian.h defines functions and macros... yes
checking if environ is properly declared... no
checking for complete errno.h... yes
checking for error... no
checking whether error_at_line is declared... no
checking whether strerror_r is declared... yes
checking whether strerror_r returns char *... no
checking type of array argument to getgroups... gid_t
checking whether ctype.h defines __header_inline... yes
checking whether fchdir is declared... yes
checking whether fflush works on input streams... no
checking for working fcntl.h... yes
checking for pid_t... yes
checking for mode_t... yes
checking for promoted mode_t type... int
checking whether fdatasync is declared... no
checking for library containing setfilecon... no
checking whether strmode is declared... yes
checking for mempcpy... no
checking whether fopen recognizes a trailing slash... yes
checking whether frexp() can be used without linking with libm... yes
checking whether alarm is declared... yes
checking whether long double and double are the same... yes
checking whether stdin defaults to large file offsets... yes
checking for off64_t... no
checking whether fseeko is declared... yes
checking for fseeko... yes
checking whether fflush works on input streams... (cached) no
checking whether stat file-mode macros are broken... no
checking for nlink_t... yes
checking whether ftello is declared... yes
checking whether ungetc works on arbitrary bytes... yes
checking for ftello... yes
checking whether ftello works... yes
checking for O_CLOEXEC... yes
checking for library containing gethostbyname... none required
checking for gethostbyname... yes
checking for library containing getservbyname... none required
checking for getservbyname... yes
checking for library containing inet_ntop... none required
checking whether inet_ntop is declared... yes
checking for IPv4 sockets... yes
checking for IPv6 sockets... yes
checking whether getcwd (NULL, 0) allocates memory for result... yes
checking for getcwd with POSIX signature... yes
checking whether getcwd is declared... yes
checking whether getdelim is declared... yes
checking whether getdtablesize is declared... yes
checking for arithmetic hrtime_t... no
checking whether getline is declared... yes
checking whether getlogin is declared... yes
checking for ssize_t... yes
checking for getopt.h... (cached) yes
checking for getopt_long_only... yes
checking whether getopt is POSIX compatible... no
checking for glibc-compatible sys/cdefs.h... no
checking whether timespec_get is declared... yes
checking for timespec_get... yes
checking for struct timeval... yes
checking for wide-enough struct timeval.tv_sec member... yes
checking for pthread.h... (cached) yes
checking for pthread_kill in -lpthread... yes
checking whether POSIX threads API is available... yes
checking whether setlocale (LC_ALL, NULL) is multithread-safe... no
checking whether setlocale (category, NULL) is multithread-safe... yes
checking whether imported symbols can be declared weak... no
checking for ld used by gcc -std=gnu23... /Applications/Xcode.app/Contents/Developer/Toolchains/XcodeDefault.xctoolchain/usr/bin/ld
checking if the linker (/Applications/Xcode.app/Contents/Developer/Toolchains/XcodeDefault.xctoolchain/usr/bin/ld) is GNU ld... no
checking for shared library run path origin... done
checking 32-bit host C ABI... no
checking for ELF binary format... no
checking for the common suffixes of directories in the library search path... lib,lib,lib
checking for iconv... yes
checking for working iconv... no
checking whether iconv is compatible with its POSIX signature... yes
checking for off_t... yes
checking whether limits.h has WORD_BIT, BOOL_WIDTH etc.... no
checking whether the compiler produces multi-arch binaries... no
checking whether stdint.h conforms to C99... yes
checking whether stdint.h works without ISO C predefines... yes
checking whether stdint.h has UINTMAX_WIDTH etc.... no
checking whether INT32_MAX < INTMAX_MAX... yes
checking whether INT64_MAX == LONG_MAX... yes
checking whether UINT32_MAX < UINTMAX_MAX... yes
checking whether UINT64_MAX == ULONG_MAX... yes
checking where to find the exponent in a 'double'... word 1 bit 20
checking where to find the exponent in a 'float'... word 0 bit 23
checking where to find the exponent in a 'long double'... word 1 bit 20
checking whether iswcntrl works... yes
checking for towlower... yes
checking for wctype_t... yes
checking for wctrans_t... yes
checking whether wctype supports the "blank" and "punct" character classes... yes
checking whether langinfo.h defines CODESET... yes
checking whether langinfo.h defines T_FMT_AMPM... yes
checking whether langinfo.h defines ALTMON_1... no
checking whether langinfo.h defines ERA... yes
checking whether langinfo.h defines YESEXPR... yes
checking for good max_align_t... yes
checking whether NULL can be used in arbitrary expressions... yes
checking for unreachable... yes
checking whether nullptr_t needs <stddef.h>... yes
checking for clean definition of __STDC_VERSION_STDDEF_H__... yes
checking whether locale.h defines locale_t... yes
checking whether locale.h conforms to POSIX:2001... yes
checking whether struct lconv is properly defined... yes
checking for LC_MESSAGES... yes
checking for uselocale... (cached) yes
checking whether uselocale works... (cached) yes
checking for fake locale system (OpenBSD)... no
checking for Solaris 11.4 locale system... no
checking for getlocalename_l... no
checking whether imported symbols can be declared weak... (cached) no
checking for multithread API to use... posix
checking for a sed that does not truncate output... /usr/bin/sed
checking whether malloc (0) returns nonnull... yes
checking whether NAN macro works... yes
checking whether HUGE_VAL works... yes
checking whether mbrtowc handles a NULL pwc argument... yes
checking whether mbrtowc handles a NULL string argument... yes
checking whether mbrtowc has a correct return value... yes
checking whether mbrtowc returns 0 when parsing a NUL character... yes
checking whether mbrtowc stores incomplete characters... no
checking whether mbrtowc works on empty input... yes
checking whether the C locale is free of encoding errors... yes
checking for mmap... yes
checking for MAP_ANONYMOUS... yes
checking whether memchr works... yes
checking whether memrchr is declared... no
checking whether <limits.h> defines MIN and MAX... no
checking whether <sys/param.h> defines MIN and MAX... yes
checking for compiler option needed when checking for future declarations... -Werror=unguarded-availability-new
checking whether time_t is signed... yes
checking for working mktime... no
checking for struct tm.tm_gmtoff... yes
checking for struct tm.tm_zone... yes
checking for compound literals... yes
checking for external symbol _system_configuration... no
checking for desired default level of POSIX conformance... none-specified
checking whether <sys/select.h> is self-contained... yes
checking for pthread_t... yes
checking for pthread_spinlock_t... no
checking for PTHREAD_CREATE_DETACHED... yes
checking for PTHREAD_MUTEX_RECURSIVE... yes
checking for PTHREAD_MUTEX_ROBUST... no
checking for PTHREAD_PROCESS_SHARED... yes
checking whether _putenv is declared... no
checking for sigset_t... yes
checking whether to use systemd APIs... no
checking whether endutent is declared... no
checking for struct utmpx.ut_user... yes
checking for struct utmp.ut_user... no
checking for struct utmpx.ut_name... no
checking for struct utmp.ut_name... yes
checking for struct utmpx.ut_type... yes
checking for struct utmp.ut_type... no
checking for struct utmpx.ut_pid... yes
checking for struct utmp.ut_pid... no
checking for struct utmp.ut_tv... no
checking for struct utmpx.ut_host... yes
checking for struct utmp.ut_host... yes
checking for struct utmpx.ut_id... yes
checking for struct utmp.ut_id... no
checking for struct utmpx.ut_session... no
checking for struct utmp.ut_session... no
checking for struct utmpx.ut_exit... no
checking for struct utmp.ut_exit... no
checking for struct utmpx.ut_exit.ut_exit... no
checking for struct utmpx.ut_exit.e_exit... no
checking for struct utmp.ut_exit.e_exit... no
checking for struct utmpx.ut_exit.ut_termination... no
checking for struct utmpx.ut_exit.e_termination... no
checking for struct utmp.ut_exit.e_termination... no
checking whether sysinfo is declared... no
checking for sys/sysctl.h... yes
checking for sysctl... yes
checking whether realloc should abort upon undefined behaviour... no
checking whether rmdir works... yes
checking whether unlink honors trailing slashes... yes
checking whether unlink of a parent directory fails as it should... yes
checking for sched.h... yes
checking for struct sched_param... yes
checking for library containing setsockopt... none needed
checking whether setenv is declared... yes
checking for search.h... yes
checking for tsearch... yes
checking for volatile sig_atomic_t... yes
checking for sighandler_t... no
checking whether snprintf returns a byte count as in C99... yes
checking whether printf supports POSIX/XSI format strings with positions... yes
checking whether snprintf is declared... yes
checking whether fcloseall is declared... no
checking whether getw is declared... yes
checking whether putw is declared... yes
checking which flavor of printf attribute matches inttypes macros... system
checking whether ecvt is declared... yes
checking whether fcvt is declared... yes
checking whether gcvt is declared... yes
checking whether MB_CUR_MAX is correct... yes
checking whether strdup is declared... yes
checking whether strerror(0) succeeds... no
checking for strerror_r... yes
checking whether strnlen is declared... yes
checking whether strsignal is declared... yes
checking whether ldexp() can be used without linking with libm... yes
checking whether strtoimax is declared... yes
checking whether strtoumax is declared... yes
checking whether <sys/ioctl.h> declares ioctl... yes
checking for struct utsname... yes
checking for struct winsize in <termios.h>... yes
checking for struct timespec in <time.h>... yes
checking for TIME_UTC in <time.h>... yes
checking whether execvpe is declared... no
checking whether clearerr_unlocked is declared... yes
checking whether feof_unlocked is declared... yes
checking whether ferror_unlocked is declared... yes
checking whether fflush_unlocked is declared... no
checking whether fgets_unlocked is declared... no
checking whether fputc_unlocked is declared... no
checking whether fputs_unlocked is declared... no
checking whether fread_unlocked is declared... no
checking whether fwrite_unlocked is declared... no
checking whether getc_unlocked is declared... yes
checking whether getchar_unlocked is declared... yes
checking whether putc_unlocked is declared... yes
checking whether putchar_unlocked is declared... yes
checking whether unsetenv is declared... yes
checking whether the utimes function works... yes
checking for inttypes.h... yes
checking for stdint.h... yes
checking for intmax_t... yes
checking whether snprintf truncates the result as in C99... yes
checking for wcslen... yes
checking for snprintf... (cached) yes
checking for strnlen... yes
checking for wcrtomb... (cached) yes
checking whether _snprintf is declared... no
checking whether printf supports size specifiers as in C99... yes
checking whether printf supports size specifiers as in C23... no
checking whether printf supports 'long double' arguments... yes
checking whether printf supports infinite 'double' arguments... yes
checking whether printf supports infinite 'long double' arguments... yes
checking whether printf supports the 'a' and 'A' directives... no
checking whether printf supports the 'b' directive... no
checking whether printf supports the 'F' directive... yes
checking whether printf supports the 'ls' directive... yes
checking whether printf supports the 'lc' directive correctly... yes
checking whether printf supports the grouping flag... yes
checking whether printf supports the left-adjust flag correctly... yes
checking whether printf supports the zero flag correctly... yes
checking whether printf supports the alternative flag with a zero precision... yes
checking whether printf supports large precisions... yes
checking whether printf survives out-of-memory conditions... guessing no
checking for vasprintf... yes
checking whether wcsdup is declared... yes
checking POSIX termios... yes
checking whether use of TIOCGWINSZ requires termios.h... yes
checking for strerrorname_np... no
checking for C compiler option to allow warnings... -Wno-error
checking for a french Unicode locale... fr_FR.UTF-8
checking for a turkish Unicode locale... none
checking for CFPreferencesCopyAppValue... yes
checking for CFLocaleCopyPreferredLanguages... yes
checking for library needed for semaphore functions... none
checking whether initstate is declared... yes
checking whether setstate is declared... yes
checking whether access honors trailing slash... yes
checking for posix_memalign... yes
checking for alignas and alignof... yes, keywords
checking for alloca as a compiler built-in... yes
checking whether to enable assertions... yes
checking for static_assert... yes, a keyword
checking for bool, true, false... yes
checking whether btowc(0) is correct... yes
checking whether btowc(EOF) is correct... yes
checking whether btowc is consistent with mbrtowc in the C locale... yes
checking whether the C locale is free of encoding errors... (cached) yes
checking for __builtin_expect... yes
checking for nl_langinfo... yes
checking for strtod_l... yes
checking for nl_langinfo... (cached) yes
checking for strtold_l... yes
checking whether calloc (0, n) and calloc (n, 0) return nonnull... yes
checking for faccessat... yes
checking for readlinkat... yes
checking whether this system supports file names of any length... no
checking whether chmod works... yes
checking for library containing clock_gettime... none required
checking for clock_getres... yes
checking for clock_gettime... yes
checking for clock_settime... yes
checking for closedir... yes
checking for copy_file_range... no
checking whether openssl is GPL compatible... no
checking whether openssl is GPL compatible... (cached) no
checking whether openssl is GPL compatible... (cached) no
checking whether openssl is GPL compatible... (cached) no
checking for d_ino member in directory struct... (cached) yes
checking for d_type member in directory struct... yes
checking for dirfd... yes
checking whether dirfd is declared... yes
checking whether dirfd is a macro... no
checking whether // is distinct from /... (cached) no
checking whether dup works... yes
checking whether dup2 works... yes
checking for euidaccess... no
checking for faccessat... (cached) yes
checking for libgen.h... yes
checking for getgroups... yes
checking for working getgroups... yes
checking for library containing eaccess... no
checking for eaccess... no
checking for faccessat... (cached) yes
checking whether fchmodat works... yes
checking for fchownat... yes
checking whether fchownat works with AT_SYMLINK_NOFOLLOW... yes
checking whether fchownat works with an empty file name... yes
checking whether fcntl handles F_DUPFD correctly... yes
checking whether fcntl understands F_DUPFD_CLOEXEC... yes
checking for fdatasync... yes
checking whether fdopen sets errno... yes
checking whether fdopendir is declared... yes
checking whether fdopendir works... yes
checking whether fflush works on input streams... (cached) no
checking for struct stat.st_blocks... yes
checking for mempcpy... (cached) no
checking for flexible array member... yes
checking whether float.h conforms to ISO C23... no
checking whether conversion from 'int' to 'long double' works... yes
checking for working GNU fnmatch... no
checking whether fopen supports the mode character 'x'... yes
checking whether fopen supports the mode character 'e'... no
checking for __fpending... no
checking for __fpurge... no
checking whether fpurge is declared... yes
checking whether fpurge works... no
checking for __freadahead... no
checking for __freading... no
checking whether free is known to preserve errno... no
checking whether freopen works on closed fds... yes
checking whether frexp works... yes
checking whether frexpl is declared... yes
checking whether frexpl() can be used without linking with libm... yes
checking whether frexpl works... yes
checking for fseeko... (cached) yes
checking whether fflush works on input streams... (cached) no
checking for _fseeki64... no
checking for __fseterr... no
checking whether fstatat (..., 0) works... yes
checking for sys/mount.h... yes
checking for statvfs function (SVR4)... no
checking for two-argument statfs with statfs.f_frsize member... no
checking for 3-argument statfs function (DEC OSF/1)... no
checking for two-argument statfs with statfs.f_bsize member (AIX, 4.3BSD)... yes
checking for sys/fs/s5param.h... no
checking for sys/statfs.h... no
checking for statfs that truncates block counts... no
checking for ftello... (cached) yes
checking whether ftello works... (cached) yes
checking for strtof... yes
checking for ftruncate... yes
checking for fts_open... yes
checking for futimens... yes
checking whether futimens works... no
checking for library containing getaddrinfo... none required
checking for getaddrinfo... yes
checking whether gai_strerror is declared... yes
checking whether gai_strerrorA is declared... no
checking for gai_strerror with POSIX signature... yes
checking for struct sockaddr.sa_len... yes
checking whether getaddrinfo is declared... yes
checking whether freeaddrinfo is declared... yes
checking whether getnameinfo is declared... yes
checking for struct addrinfo... yes
checking whether getcwd handles long file names properly... yes
checking whether getcwd succeeds when 4k < cwd_length < 16k... yes
checking for getdelim... yes
checking for working getdelim function... no
checking for flockfile... (cached) yes
checking for funlockfile... (cached) yes
checking whether getc_unlocked is declared... (cached) yes
checking whether getdtablesize works... yes
checking for getgroups... (cached) yes
checking for working getgroups... (cached) yes
checking whether getgroups handles negative values... no
checking for gethostname... yes
checking for HOST_NAME_MAX... 256
checking whether gethrtime is declared... no
checking whether CLOCK_MONOTONIC or CLOCK_REALTIME is defined... yes
checking for getline... yes
checking for working getline function... yes
checking for getloadavg... yes
checking for sys/loadavg.h... no
checking whether getloadavg is declared... yes
checking for getpagesize... yes
checking whether getpagesize is declared... yes
checking for getprogname... yes
checking whether program_invocation_name is declared... no
checking for getrandom... no
checking for timespec_getres... no
checking for gettimeofday with POSIX signature... yes
checking for group_member... no
checking host operating system... Darwin
checking for library containing gethostbyname... (cached) none required
checking for gethostbyname... (cached) yes
checking for library containing inet_ntop... (cached) none required
checking whether inet_ntop is declared... (cached) yes
checking whether the compiler generally respects inline... yes
checking for isapipe... no
checking whether pipes are FIFOs (and for their link count)... yes (0)
checking whether isnan(double) can be used without linking with libm... yes
checking whether isnan(float) can be used without linking with libm... yes
checking whether isnan(float) works... yes
checking whether isnan(long double) can be used without linking with libm... yes
checking whether isnanl works... yes
checking for iswblank... yes
checking whether iswblank is declared... yes
checking whether iswdigit is ISO C compliant... yes
checking whether iswpunct is consistent with ispunct... yes
checking whether iswxdigit is ISO C compliant... yes
checking for lchown... yes
checking for C compiler flag to ignore unused libraries... none
checking whether the compiler supports the __inline keyword... yes
checking for gmp.h... no
checking for gmp/gmp.h... no
checking for gmp.h... (cached) no
checking for gmp/gmp.h... (cached) no
checking whether link obeys POSIX... yes
checking for __xpg4... no
checking whether link(2) dereferences a symlink... yes
checking for linkat... yes
checking whether linkat() can link symlinks... yes
checking whether linkat handles trailing slash correctly... yes
checking whether localeconv works... yes
checking for pthread_rwlock_t... yes
checking whether pthread_rwlock_rdlock prefers a writer to a reader... yes
checking whether lseek detects pipes... yes
checking whether SEEK_DATA works but is incompatible with GNU... no
checking whether mbrtowc handles a NULL pwc argument... (cached) yes
checking whether mbrtowc handles a NULL string argument... (cached) yes
checking whether mbrtowc has a correct return value... (cached) yes
checking whether mbrtowc returns 0 when parsing a NUL character... (cached) yes
checking whether mbrtowc stores incomplete characters... (cached) no
checking whether mbrtowc works on empty input... (cached) yes
checking whether the C locale is free of encoding errors... (cached) yes
checking whether mbsrtowcs works... yes
checking whether the C locale is free of encoding errors... (cached) yes
checking whether mbswidth is declared in <wchar.h>... no
checking for mbstate_t... (cached) yes
checking for mbtowc... yes
checking for mempcpy... (cached) no
checking for memrchr... no
checking for memset_explicit... no
checking for explicit_memset... no
checking for working memset_s... yes
checking whether mkdir handles trailing slash... yes
checking whether mkdir handles trailing dot... yes
checking for mkfifo... yes
checking whether mkfifo rejects trailing slashes... yes
checking for mknodat... yes
checking for mkfifoat... yes
checking whether mkfifoat rejects trailing slashes... yes
checking whether mknod can create fifo without root privileges... yes
checking for mkostemp... yes
checking for working mkstemp... yes
checking for __mktime_internal... no
checking for listmntent... no
checking for sys/ucred.h... yes
checking for sys/mount.h... (cached) yes
checking for mntent.h... no
checking for sys/fs_types.h... (cached) no
checking for struct fsstat.f_fstypename... no
checking for library containing getmntent... no
checking for getmntent... no
checking for mntctl function and struct vmount... no
checking for getfsstat function... no
checking for FIXME existence of three headers... no
checking for getmntinfo function... yes
checking whether getmntinfo returns statvfs structures... no
checking for sys/mntent.h... no
checking for sys/mkdev.h... no
checking for sys/sysmacros.h... no
checking for struct statfs.f_fstypename... yes
checking for library containing nanosleep... none required
checking for working nanosleep... no (mishandles large arguments)
checking whether <netinet/in.h> is self-contained... yes
checking for nl_langinfo... (cached) yes
checking whether YESEXPR works... yes
checking for sys/pstat.h... no
checking for sys/sysmp.h... no
checking for sys/param.h... (cached) yes
checking for sys/sysctl.h... (cached) yes
checking for sched_getaffinity_np... no
checking for pstat_getdynamic... no
checking for sysmp... no
checking for sysctl... (cached) yes
checking for sched_getaffinity... no
checking for C nullptr... yes
checking whether ptrdiff_t is at least as large as a pointer... yes
checking whether open recognizes a trailing slash... yes
checking for opendir... yes
checking for bison... bison
checking for bison 2.4 or newer... 2.3, bad
checking for Perl 5.005 or newer... perl
checking for sys/pstat.h... (cached) no
checking for sys/sysmp.h... (cached) no
checking for sys/sysinfo.h... no
checking for machine/hal_sysinfo.h... no
checking for sys/table.h... no
checking for sys/param.h... (cached) yes
checking for sys/systemcfg.h... no
checking for sys/sysctl.h... (cached) yes
checking for pstat_getstatic... no
checking for pstat_getdynamic... (cached) no
checking for sysmp... (cached) no
checking for getsysinfo... no
checking for sysctl... (cached) yes
checking for table... no
checking for sysinfo... (cached) no
checking for struct sysinfo.mem_unit... no
checking for pipe2... no
checking for a shell that conforms to POSIX... /bin/sh
checking for posix_memalign... (cached) yes
checking whether posix_memalign works for large alignment or zero size... no
checking whether frexp works... (cached) yes
checking whether ldexp can be used without linking with libm... (cached) yes
checking whether frexpl() can be used without linking with libm... (cached) yes
checking whether frexpl works... (cached) yes
checking whether frexpl is declared... (cached) yes
checking whether ldexpl() can be used without linking with libm... yes
checking whether ldexpl works... yes
checking whether ldexpl is declared... yes
checking for getppriv... no
checking whether program_invocation_name is declared... (cached) no
checking whether program_invocation_short_name is declared... no
checking whether signature of pselect conforms to POSIX... yes
checking whether pselect detects invalid fds... yes
checking for PTHREAD_CREATE_DETACHED... (cached) yes
checking for PTHREAD_MUTEX_RECURSIVE... (cached) yes
checking for PTHREAD_MUTEX_ROBUST... (cached) no
checking for PTHREAD_PROCESS_SHARED... (cached) yes
checking for pthread_mutexattr_getrobust... no
checking whether pthread_once works... yes
checking whether pthread_create exists as a global function... yes
checking whether pthread_mutex_timedlock is declared... no
checking whether pthread_sigmask is a macro... no
checking whether pthread_sigmask works without -lpthread... yes
checking whether pthread_sigmask returns error numbers... yes
checking whether pthread_sigmask unblocks signals correctly... guessing yes
checking for putenv compatible with GNU and SVID... no
checking for qsort_r signature... BSD
checking for raise... yes
checking for sigprocmask... yes
checking for rawmemchr... no
checking for readdir... yes
checking whether readlink signature is correct... yes
checking whether readlink handles trailing slash correctly... yes
checking whether readlink truncates results correctly... yes
checking for readlinkat... (cached) yes
checking whether readlinkat signature is correct... yes
checking whether realloc (..., 0) returns nonnull... yes
checking for reallocarray... no
checking for working re_compile_pattern... no
checking for libintl.h... no
checking whether isblank is declared... yes
checking whether remove handles directories... yes
checking whether rename honors trailing slash on destination... yes
checking whether rename honors trailing slash on source... yes
checking whether rename manages hard links correctly... yes
checking whether rename manages existing destinations correctly... yes
checking for linux/fs.h... (cached) no
checking for renameat2... no
checking for linux/fs.h... (cached) no
checking for renameat2... (cached) no
checking for rewinddir... yes
checking whether rmdir works... (cached) yes
checking for rpmatch... yes
checking for __secure_getenv... no
checking for issetugid... yes
checking whether select supports a 0 argument... yes
checking whether select detects invalid fds... yes
checking for selinux/flask.h... no
checking for library containing getservbyname... (cached) none required
checking for getservbyname... (cached) yes
checking whether setenv validates arguments... yes
checking whether setlocale (LC_ALL, NULL) is multithread-safe... (cached) no
checking whether setlocale (category, NULL) is multithread-safe... (cached) yes
checking whether imported symbols can be declared weak... (cached) no
checking whether the -Werror option is usable... yes
checking for simple visibility declarations... yes
checking for sig2str... no
checking for str2sig... no
checking for struct sigaction.sa_sigaction... yes
checking for signbit macro... yes
checking for signbit compiler built-ins... yes
checking for sigprocmask... (cached) yes
checking for stdint.h... (cached) yes
checking for SIZE_MAX... yes
checking for smack_new_label_from_self in -lsmack... no
checking for snprintf... (cached) yes
checking whether snprintf respects a size of 1... yes
checking for socklen_t... yes
checking for ssize_t... (cached) yes
checking whether stat handles trailing slashes on files... yes
checking for struct stat.st_atim.tv_nsec... no
checking for struct stat.st_atimespec.tv_nsec... yes
checking for struct stat.st_birthtimespec.tv_nsec... yes
checking for va_copy... yes
checking for stpcpy... yes
checking for working strnlen... yes
checking for strsignal... yes
checking whether strsignal always returns a string... yes
checking whether strstr works... yes
checking whether strtod obeys C99... yes
checking whether strtoimax works... yes
checking whether strtold obeys POSIX... yes
checking for strtoll... yes
checking whether strtoll works... no
checking for strtoull... yes
checking whether strtoull works... no
checking whether symlink handles trailing slash correctly... yes
checking for symlinkat... yes
checking whether symlinkat handles trailing slash correctly... yes
checking whether time() works... guessing yes
checking whether localtime_r is declared... yes
checking whether localtime_r is compatible with its POSIX signature... yes
checking whether localtime works even near extrema... yes
checking for timezone_t... no
checking for tzalloc... no
checking for timegm... yes
checking whether timer_settime is declared... no
checking for uname... yes
checking whether unlink honors trailing slashes... (cached) yes
checking whether unlink of a parent directory fails as it should... (cached) yes
checking whether a running program can be unlinked... yes
checking for unsetenv... yes
checking for unsetenv() return type... int
checking whether unsetenv obeys POSIX... yes
checking for utime... yes
checking whether utime handles trailing slashes on files... yes
checking for futimes... yes
checking for futimesat... no
checking for lutimes... yes
checking for futimens... (cached) yes
checking for utimensat... yes
checking for utimensat... (cached) yes
checking whether utimensat works... no
checking for variable-length arrays... yes
checking for ptrdiff_t... yes
checking for vasprintf... (cached) yes
checking for nl_langinfo... (cached) yes
checking for ptrdiff_t... (cached) yes
checking for nl_langinfo... (cached) yes
checking for nl_langinfo... (cached) yes
checking whether wcrtomb works in the C locale... yes
checking whether wcrtomb return value is correct... yes
checking whether wcwidth is declared... yes
checking whether wcwidth works reasonably in UTF-8 locales... yes
checking whether use of TIOCGWINSZ requires sys/ioctl.h... no
checking whether use of TIOCGWINSZ requires termios.h... (cached) yes
checking whether use of struct winsize requires sys/ptem.h... no
checking for wmemchr... yes
checking for wmempcpy... no
checking for stdint.h... (cached) yes
checking for atoll... yes
checking whether open recognizes a trailing slash... (cached) yes
checking for duplocale... yes
checking whether htons is declared... yes
checking whether htonl is declared... yes
checking whether ntohs is declared... yes
checking whether ntohl is declared... yes
checking whether byte ordering is bigendian... (cached) no
checking for library containing inet_pton... none required
checking whether inet_pton is declared... yes
checking whether byte ordering is bigendian... (cached) no
checking for ioctl... yes
checking for ioctl with POSIX signature... no
checking for newlocale... yes
checking for newlocale... (cached) yes
checking for newlocale... (cached) yes
checking for duplocale... (cached) yes
checking for freelocale... yes
checking for uselocale... (cached) yes
checking whether uselocale works... (cached) yes
checking whether perror matches strerror... yes
checking for pthread_rwlock_init... yes
checking whether pthread_rwlock_timedrdlock is declared... no
checking for reasonable pthread_rwlock wait queue handling... guessing yes
checking for random... yes
checking for initstate... yes
checking for setstate... yes
checking for random.h... no
checking for struct random_data... no
checking for random_r... no
checking whether sched_yield is declared... yes
checking whether setlocale supports the C locale... yes
checking whether sleep is declared... yes
checking for working sleep... yes
checking for catgets... yes
checking for IPv4 sockets... (cached) yes
checking for IPv6 sockets... (cached) yes
checking for UNIX domain sockets... yes
checking for pthread_atfork... yes
checking for sys/single_threaded.h... no
checking for struct tm.tm_gmtoff... (cached) yes
checking for struct tm.tm_zone... (cached) yes
checking whether tmpfile works... yes
checking for useconds_t... yes
checking whether usleep allows large arguments... yes
checking whether wctob works... yes
checking whether wctob is declared... yes
checking for working volatile... yes
checking for unsigned long long int... yes
checking for sys/sysctl.h... (cached) yes
checking whether geteuid is declared... yes
checking whether getuid is declared... yes
checking whether getgrgid is declared... yes
checking whether getpwuid is declared... yes
checking whether ttyname is declared... yes
checking whether setregid is declared... yes
checking for declarations of fseeko and ftello... yes
checking for struct stat.st_author... no
checking for ino_t... yes
checking for major_t... no
checking for minor_t... no
checking for mode_to_security_class... no
checking for inotify_init... no
checking for nfs/vfs.h... no
checking for struct statfs.f_namelen... no
checking for struct statfs.f_namemax... no
checking for struct statfs.f_type... yes
checking for struct statfs.f_frsize... no
checking for cap_get_file in -lcap... no
configure: WARNING: libcap library was not found or not usable.
configure: WARNING: GNU coreutils will be built without capability support.
checking whether C compiler handles -Werror -Wunknown-warning-option... yes
checking whether C compiler handles -Wno-format-extra-args... yes
checking whether C compiler handles -Wno-implicit-const-int-float-conversion... yes
checking whether C compiler handles -Wno-tautological-constant-out-of-range-compare... yes
checking for working fork... yes
checking for working vfork... (cached) yes
checking for chroot... yes
checking for gethostid... yes
checking for sigsuspend... yes
checking whether use of struct winsize requires sys/ptem.h... (cached) no
checking whether localtime caches TZ... no
checking for library containing dlopen... none required
checking for fclonefileat... yes
checking for getattrat... no
checking for statx... no
checking for initgroups... yes
checking for syslog... yes
checking for 3-argument setpriority function... yes
checking POSIX termios... (cached) yes
checking whether use of TIOCGWINSZ requires sys/ioctl.h... (cached) no
checking whether termios.h needs _XOPEN_SOURCE... no
checking c_line in struct termios... no
checking whether use of struct winsize requires sys/ptem.h... (cached) no
checking whether use of TIOCGWINSZ requires termios.h... (cached) yes
checking whether C compiler handles -Werror... yes
checking whether C compiler handles -errwarn... no
checking whether this system supports stdbuf... yes
checking IEEE 16 bit floating point... yes
checking Brain 16 bit floating point... yes
checking if vmull intrinsic exists... no
checking if pclmul intrinsic exists... no
checking if avx2 pclmul intrinsic exists... no
checking if avx512 pclmul intrinsic exists... no
checking for avx2 intrinsics... no
checking whether NLS is requested... no
checking for msgfmt... /opt/homebrew/bin/msgfmt
checking for gmsgfmt... /opt/homebrew/bin/msgfmt
checking for xgettext... /opt/homebrew/bin/xgettext
checking for msgmerge... /opt/homebrew/bin/msgmerge
checking for CFPreferencesCopyAppValue... (cached) yes
checking for CFLocaleCopyPreferredLanguages... (cached) yes
checking whether to use NLS... no
checking that generated files are newer than configure... done
configure: creating ./config.status
config.status: creating Makefile
config.status: creating po/Makefile.in
config.status: creating gnulib-tests/Makefile
config.status: creating lib/config.h
config.status: executing depfiles commands
config.status: executing po-directories commands
config.status: creating po/POTFILES
config.status: creating po/Makefile
configure: WARNING: unrecognized options: --without-gmp
  GEN      src/version.c
  CC       lib/libcoreutils_a-group-member.o
  CC       lib/libcoreutils_a-hard-locale.o
lib/hard-locale.c:30:15: error: use of undeclared identifier 'SETLOCALE_NULL_MAX'
   30 |   char locale[SETLOCALE_NULL_MAX];
      |               ^~~~~~~~~~~~~~~~~~
lib/hard-locale.c:32:7: error: use of undeclared identifier 'setlocale_null_r'
   32 |   if (setlocale_null_r (category, locale, sizeof (locale)))
      |       ^~~~~~~~~~~~~~~~
2 errors generated.
make: *** [lib/libcoreutils_a-hard-locale.o] Error 1
make: *** Waiting for unfinished jobs....
