FM_TEST_BEGIN 2026-09-16T17:34:13Z tests/fm-pr-check-security.test.sh family=pr-forge expected_gate_skip=none
ok - raw-byte parser accepts canonical URLs and rejects the complete adversarial matrix
ok - GitLab merge requests are followed on any instance and never wake falsely
ok - validated merged polls notify once and retire before the next watcher cycle
ok - a repeat identical merged poll for an already-notified task is absorbed, never queued as a main-blocking row
ok - a failed upward merge report keeps its poll armed for repair and retry
ok - staged self-merge and poll interleavings are never silent
ok - queued merges retain yolo and away-grant after captain return
ok - poll distinguishes attended authorization from external landing
ok - accepted merge authority refuses rebound task metadata
ok - accepted merge authority persists under the lifecycle lock
ok - teardown cannot race merged-poll authority consumption
ok - poll retirement preserves a replacement authority record
ok - a merge detected by the poll is reported upward from a secondmate home exactly once
ok - a different merged PR for the same task gets its own first notification
ok - merged poll retirement preserves every persistent secondmate lifecycle artifact
ok - queue, receipt, and every fixed-path removal crash point recover without loss or repeated execution
ok - open/red, closed-unmerged, malformed, and forge errors remain armed until an exact merged transition
ok - replacement, nonterminal, tampered, and custom results receive no deletion authority
ok - queue failure and untrusted receipts preserve canonical poll evidence
not ok - GitLab merged retirement watcher failed: 
FM_TEST_END 2026-09-16T17:38:07Z tests/fm-pr-check-security.test.sh exit=1 duration_ms=233957 gate_skip=false
FM_TEST_SUMMARY total=1 failed=1 skipped_gate=0 duration_ms=234236
FM_TEST_SUMMARY_FAMILY family=pr-forge count=1 duration_ms=233957 failed=1
FM_TEST_SLOWEST rank=1 script=tests/fm-pr-check-security.test.sh duration_ms=233957
