FM_TEST_BEGIN 2026-09-08T14:24:27Z tests/fm-test-run.test.sh family=pure-contract-unit expected_gate_skip=none
ok - exact suite coverage: --all lists every tests/*.test.sh once
ok - family selection returns a proper subset of the suite
ok - single-script selection lists exactly that path
ok - changed-file selection stays conservative (never silent full suite)
ok - a task marker refuses execution in the primary checkout and leaves worktrees and inspection alone
ok - runner and its documentation surfaces select their curated family, not just their contract owners
ok - shell line-ending policy selects runner coverage
fm-test-run: no tests selected for changes vs HEAD (map is conservative; use --all for the complete suite)
ok - changed selection covers dependents, fails closed for live unmapped source, and accepts retired unconsumed source
ok - a bin reference selects the referencing scripts, and consumers still select their curated families
ok - changed defaults to bounded automatic scheduling with serial override
ok - Windows emulation exempts only synthetic POSIX modes
ok - a plain script list defaults to bounded automatic concurrency without an automatic timeout
ok - family proofs run concurrently only within separate family phases
ok - empty changed selection emits deterministic text and JSON summaries
ok - timing markers and JSON artifact are valid
ok - aggregate exit reflects any script failure
ok - gate-skip accounting is honest and non-failing
ok - a gate skip records why it skipped
ok - a script that actually ran records no skip reason
ok - live guards are recorded as a capability class, not a bare env opt-in
ok - fail-on-gate-skip converts herdr-not-found into a hard failure
ok - exclude-family drops the named primary family after selection
ok - portable shard union, disjointness, and coverage guard hold
ok - portable serial shards are a deterministic disjoint cover of the serial lane
ok - coverage guard reports and bounds the unmeasured portable serial share
ok - portable serial shard lanes refuse mismatched, out-of-range, and countless names
ok - --jobs refuses non-proven / stateful selections
ok - --jobs admits and schedules a family with a recorded concurrent proof
ok - an unclassified new test stays serial while the proven residual family runs concurrently
ok - a concurrent run starts the longest-hint script first
ok - --per-script-timeout-secs turns a hung script into a bounded failure
ok - --max-wall-ms fails an over-budget run and refuses a malformed budget
ok - jobs scheduler runs proven scripts; failure propagates; non-proven refused
ok - Herdr CI family-run step times out at 20 min under a 75 min job backstop
ok - aggregate-json merges lane timing artifacts
ok - shard balance guard passes healthy shards and reports the cap it used
ok - shard balance guard measures the shard's recorded wall time
ok - shard balance guard fails when a shard loses its job-cap headroom
ok - shard balance guard reports missing timing artifacts
ok - the portable serial job cap agrees between ci.yml and the runner
FM_TEST_END 2026-09-08T14:37:05Z tests/fm-test-run.test.sh exit=0 duration_ms=758254 gate_skip=false
FM_TEST_SUMMARY total=1 failed=0 skipped_gate=0 duration_ms=758704
FM_TEST_SUMMARY_FAMILY family=pure-contract-unit count=1 duration_ms=758254 failed=0
FM_TEST_SLOWEST rank=1 script=tests/fm-test-run.test.sh duration_ms=758254
fm-test-run: wrote timing artifact: /Users/mremond/.no-mistakes/evidence/01M20P1RQF711N8XQS8YPKN43T/focused-runner-timing.json
