+ set -u
+ . /Users/mremond/.no-mistakes/worktrees/acf4a767348a/01M22JMZFHHKDEBP264VCZFC1C/tests/lib.sh
++ '[' -n '' ']'
++ FM_TEST_LIB_SOURCED=1
++ umask 022
++ export FM_GATE_REFUSE_BYPASS=1
++ FM_GATE_REFUSE_BYPASS=1
++ unset FM_TASK_ID
++++ dirname /Users/mremond/.no-mistakes/worktrees/acf4a767348a/01M22JMZFHHKDEBP264VCZFC1C/tests/lib.sh
+++ cd /Users/mremond/.no-mistakes/worktrees/acf4a767348a/01M22JMZFHHKDEBP264VCZFC1C/tests/..
+++ pwd
++ ROOT=/Users/mremond/.no-mistakes/worktrees/acf4a767348a/01M22JMZFHHKDEBP264VCZFC1C
++ FM_TEST_CLEANUP_DIRS=()
+++ mktemp /Users/mremond/.no-mistakes/worktrees/acf4a767348a/01M22JMZFHHKDEBP264VCZFC1C/.local-procevent-validation/tmp/.fm-test-cleanup.29564.XXXXXX
++ FM_TEST_CLEANUP_REGISTRY=/Users/mremond/.no-mistakes/worktrees/acf4a767348a/01M22JMZFHHKDEBP264VCZFC1C/.local-procevent-validation/tmp/.fm-test-cleanup.29564.ot6ZJA
+++ fm_test_pid_identity 29564
+++ local pid=29564
+++ FM_STATE_OVERRIDE=/Users/mremond/.no-mistakes/worktrees/acf4a767348a/01M22JMZFHHKDEBP264VCZFC1C/.local-procevent-validation/tmp
+++ bash -c '. "$1"; fm_pid_identity "$2"' _ /Users/mremond/.no-mistakes/worktrees/acf4a767348a/01M22JMZFHHKDEBP264VCZFC1C/bin/fm-wake-lib.sh 29564
++ FM_TEST_OWNER_IDENTITY='Wed Sep  9 10:06:09 2026     bash -x /Users/mremond/.no-mistakes/evidence/01M22JMZFHHKDEBP264VCZFC1C/selected-healthy.sh'
+++ mktemp /Users/mremond/.no-mistakes/worktrees/acf4a767348a/01M22JMZFHHKDEBP264VCZFC1C/.local-procevent-validation/tmp/.fm-test-procevent.29564.XXXXXX
++ FM_TEST_PROCEVENT_REGISTRY=/Users/mremond/.no-mistakes/worktrees/acf4a767348a/01M22JMZFHHKDEBP264VCZFC1C/.local-procevent-validation/tmp/.fm-test-procevent.29564.C9dIaT
++ FM_TEST_STUB_MAX_BLOCK_SECONDS=120
++ export FM_TEST_STUB_MAX_BLOCK_SECONDS
++ trap fm_test_cleanup EXIT
++ trap 'fm_test_cleanup; exit 130' INT
++ trap 'fm_test_cleanup; exit 143' TERM
++ trap 'fm_test_cleanup; exit 129' HUP
++ trap 'fm_test_cleanup; exit 131' QUIT
++ FM_TEST_ORPHAN_MAX_AGE_SECONDS=3600
++ '[' 0 '!=' 1 ']'
++ fm_test_reap_orphans
++ local marker dir mtime now owner_pid owner_identity current_identity
+++ date +%s
++ now=1788941171
++ for marker in "${TMPDIR:-/tmp}"/fm-*/.fm-test-fixture
++ '[' -e /Users/mremond/.no-mistakes/worktrees/acf4a767348a/01M22JMZFHHKDEBP264VCZFC1C/.local-procevent-validation/tmp/fm-procevent-tests.hCGi6D/.fm-test-fixture ']'
+++ sed -n 1p /Users/mremond/.no-mistakes/worktrees/acf4a767348a/01M22JMZFHHKDEBP264VCZFC1C/.local-procevent-validation/tmp/fm-procevent-tests.hCGi6D/.fm-test-fixture
++ owner_pid=17438
+++ sed -n '2,$p' /Users/mremond/.no-mistakes/worktrees/acf4a767348a/01M22JMZFHHKDEBP264VCZFC1C/.local-procevent-validation/tmp/fm-procevent-tests.hCGi6D/.fm-test-fixture
++ owner_identity='Wed Sep  9 10:03:59 2026     bash -x /Users/mremond/.no-mistakes/evidence/01M22JMZFHHKDEBP264VCZFC1C/selected-core.sh'
++ case "$owner_pid" in
+++ fm_test_pid_identity 17438
++ current_identity='Wed Sep  9 10:03:59 2026     bash -x /Users/mremond/.no-mistakes/evidence/01M22JMZFHHKDEBP264VCZFC1C/selected-core.sh'
++ '[' -n 'Wed Sep  9 10:03:59 2026     bash -x /Users/mremond/.no-mistakes/evidence/01M22JMZFHHKDEBP264VCZFC1C/selected-core.sh' ']'
++ '[' 'Wed Sep  9 10:03:59 2026     bash -x /Users/mremond/.no-mistakes/evidence/01M22JMZFHHKDEBP264VCZFC1C/selected-core.sh' = 'Wed Sep  9 10:03:59 2026     bash -x /Users/mremond/.no-mistakes/evidence/01M22JMZFHHKDEBP264VCZFC1C/selected-core.sh' ']'
++ continue
+ ROOT=/Users/mremond/.no-mistakes/worktrees/acf4a767348a/01M22JMZFHHKDEBP264VCZFC1C/.local-procevent-validation/baseline
++ fm_test_tmproot fm-procevent-tests
++ local prefix=fm-procevent-tests root tmp_base
++ tmp_base=/Users/mremond/.no-mistakes/worktrees/acf4a767348a/01M22JMZFHHKDEBP264VCZFC1C/.local-procevent-validation/tmp
++ tmp_base=/Users/mremond/.no-mistakes/worktrees/acf4a767348a/01M22JMZFHHKDEBP264VCZFC1C/.local-procevent-validation/tmp
+++ mktemp -d /Users/mremond/.no-mistakes/worktrees/acf4a767348a/01M22JMZFHHKDEBP264VCZFC1C/.local-procevent-validation/tmp/fm-procevent-tests.XXXXXX
++ root=/Users/mremond/.no-mistakes/worktrees/acf4a767348a/01M22JMZFHHKDEBP264VCZFC1C/.local-procevent-validation/tmp/fm-procevent-tests.YuOJgc
+++ cd -P -- /Users/mremond/.no-mistakes/worktrees/acf4a767348a/01M22JMZFHHKDEBP264VCZFC1C/.local-procevent-validation/tmp/fm-procevent-tests.YuOJgc
+++ pwd -P
++ root=/Users/mremond/.no-mistakes/worktrees/acf4a767348a/01M22JMZFHHKDEBP264VCZFC1C/.local-procevent-validation/tmp/fm-procevent-tests.YuOJgc
++ printf '%s\n%s\n' 29564 'Wed Sep  9 10:06:09 2026     bash -x /Users/mremond/.no-mistakes/evidence/01M22JMZFHHKDEBP264VCZFC1C/selected-healthy.sh'
++ printf '%s\n' /Users/mremond/.no-mistakes/worktrees/acf4a767348a/01M22JMZFHHKDEBP264VCZFC1C/.local-procevent-validation/tmp/fm-procevent-tests.YuOJgc
++ printf '%s\n' /Users/mremond/.no-mistakes/worktrees/acf4a767348a/01M22JMZFHHKDEBP264VCZFC1C/.local-procevent-validation/tmp/fm-procevent-tests.YuOJgc
+ TMP_ROOT=/Users/mremond/.no-mistakes/worktrees/acf4a767348a/01M22JMZFHHKDEBP264VCZFC1C/.local-procevent-validation/tmp/fm-procevent-tests.YuOJgc
+ export FM_PROCEVENT_CLAIM_ROOT=/Users/mremond/.no-mistakes/worktrees/acf4a767348a/01M22JMZFHHKDEBP264VCZFC1C/.local-procevent-validation/tmp/fm-procevent-tests.YuOJgc/claims
+ FM_PROCEVENT_CLAIM_ROOT=/Users/mremond/.no-mistakes/worktrees/acf4a767348a/01M22JMZFHHKDEBP264VCZFC1C/.local-procevent-validation/tmp/fm-procevent-tests.YuOJgc/claims
+ BLOCKER=/Users/mremond/.no-mistakes/worktrees/acf4a767348a/01M22JMZFHHKDEBP264VCZFC1C/.local-procevent-validation/tmp/fm-procevent-tests.YuOJgc/blocker.sh
+ cat
+ chmod +x /Users/mremond/.no-mistakes/worktrees/acf4a767348a/01M22JMZFHHKDEBP264VCZFC1C/.local-procevent-validation/tmp/fm-procevent-tests.YuOJgc/blocker.sh
+ QUIET_STUB=/Users/mremond/.no-mistakes/worktrees/acf4a767348a/01M22JMZFHHKDEBP264VCZFC1C/.local-procevent-validation/tmp/fm-procevent-tests.YuOJgc/quiet-stub.sh
+ cat
+ chmod +x /Users/mremond/.no-mistakes/worktrees/acf4a767348a/01M22JMZFHHKDEBP264VCZFC1C/.local-procevent-validation/tmp/fm-procevent-tests.YuOJgc/quiet-stub.sh
+ PROOF_LEASE_SECONDS=2
+ PROOF_CHECK_SECONDS=1
+ HPROMPT=/Users/mremond/.no-mistakes/worktrees/acf4a767348a/01M22JMZFHHKDEBP264VCZFC1C/.local-procevent-validation/tmp/fm-procevent-tests.YuOJgc/prompt-stop
+ new_home /Users/mremond/.no-mistakes/worktrees/acf4a767348a/01M22JMZFHHKDEBP264VCZFC1C/.local-procevent-validation/tmp/fm-procevent-tests.YuOJgc/prompt-stop
+ mkdir -p /Users/mremond/.no-mistakes/worktrees/acf4a767348a/01M22JMZFHHKDEBP264VCZFC1C/.local-procevent-validation/tmp/fm-procevent-tests.YuOJgc/prompt-stop/state
+ pe_register /Users/mremond/.no-mistakes/worktrees/acf4a767348a/01M22JMZFHHKDEBP264VCZFC1C/.local-procevent-validation/tmp/fm-procevent-tests.YuOJgc/prompt-stop lavish prompt-src -- /Users/mremond/.no-mistakes/worktrees/acf4a767348a/01M22JMZFHHKDEBP264VCZFC1C/.local-procevent-validation/tmp/fm-procevent-tests.YuOJgc/quiet-stub.sh /Users/mremond/.no-mistakes/worktrees/acf4a767348a/01M22JMZFHHKDEBP264VCZFC1C/.local-procevent-validation/tmp/fm-procevent-tests.YuOJgc/prompt-stop
+ local home=/Users/mremond/.no-mistakes/worktrees/acf4a767348a/01M22JMZFHHKDEBP264VCZFC1C/.local-procevent-validation/tmp/fm-procevent-tests.YuOJgc/prompt-stop adapter=lavish id=prompt-src
+ shift 3
+ fm_test_track_procevent_home /Users/mremond/.no-mistakes/worktrees/acf4a767348a/01M22JMZFHHKDEBP264VCZFC1C/.local-procevent-validation/tmp/fm-procevent-tests.YuOJgc/prompt-stop
+ '[' -n /Users/mremond/.no-mistakes/worktrees/acf4a767348a/01M22JMZFHHKDEBP264VCZFC1C/.local-procevent-validation/tmp/fm-procevent-tests.YuOJgc/prompt-stop ']'
+ printf '%s\t%s\n' /Users/mremond/.no-mistakes/worktrees/acf4a767348a/01M22JMZFHHKDEBP264VCZFC1C/.local-procevent-validation/tmp/fm-procevent-tests.YuOJgc/prompt-stop ''
+ pe /Users/mremond/.no-mistakes/worktrees/acf4a767348a/01M22JMZFHHKDEBP264VCZFC1C/.local-procevent-validation/tmp/fm-procevent-tests.YuOJgc/prompt-stop register lavish prompt-src -- /Users/mremond/.no-mistakes/worktrees/acf4a767348a/01M22JMZFHHKDEBP264VCZFC1C/.local-procevent-validation/tmp/fm-procevent-tests.YuOJgc/quiet-stub.sh /Users/mremond/.no-mistakes/worktrees/acf4a767348a/01M22JMZFHHKDEBP264VCZFC1C/.local-procevent-validation/tmp/fm-procevent-tests.YuOJgc/prompt-stop
+ FM_HOME=/Users/mremond/.no-mistakes/worktrees/acf4a767348a/01M22JMZFHHKDEBP264VCZFC1C/.local-procevent-validation/tmp/fm-procevent-tests.YuOJgc/prompt-stop
+ /Users/mremond/.no-mistakes/worktrees/acf4a767348a/01M22JMZFHHKDEBP264VCZFC1C/.local-procevent-validation/baseline/bin/fm-procevent.sh register lavish prompt-src -- /Users/mremond/.no-mistakes/worktrees/acf4a767348a/01M22JMZFHHKDEBP264VCZFC1C/.local-procevent-validation/tmp/fm-procevent-tests.YuOJgc/quiet-stub.sh /Users/mremond/.no-mistakes/worktrees/acf4a767348a/01M22JMZFHHKDEBP264VCZFC1C/.local-procevent-validation/tmp/fm-procevent-tests.YuOJgc/prompt-stop
+ PROMPT_START_PID=53272
+ wait_for /Users/mremond/.no-mistakes/worktrees/acf4a767348a/01M22JMZFHHKDEBP264VCZFC1C/.local-procevent-validation/tmp/fm-procevent-tests.YuOJgc/prompt-stop/state/procevent/prompt-src.runner
+ local f=/Users/mremond/.no-mistakes/worktrees/acf4a767348a/01M22JMZFHHKDEBP264VCZFC1C/.local-procevent-validation/tmp/fm-procevent-tests.YuOJgc/prompt-stop/state/procevent/prompt-src.runner n=100
++ seq 1 100
+ pe /Users/mremond/.no-mistakes/worktrees/acf4a767348a/01M22JMZFHHKDEBP264VCZFC1C/.local-procevent-validation/tmp/fm-procevent-tests.YuOJgc/prompt-stop start prompt-src
+ for _ in $(seq 1 "$n")
+ '[' -s /Users/mremond/.no-mistakes/worktrees/acf4a767348a/01M22JMZFHHKDEBP264VCZFC1C/.local-procevent-validation/tmp/fm-procevent-tests.YuOJgc/prompt-stop/state/procevent/prompt-src.runner ']'
+ sleep 0.1
+ for _ in $(seq 1 "$n")
+ '[' -s /Users/mremond/.no-mistakes/worktrees/acf4a767348a/01M22JMZFHHKDEBP264VCZFC1C/.local-procevent-validation/tmp/fm-procevent-tests.YuOJgc/prompt-stop/state/procevent/prompt-src.runner ']'
+ sleep 0.1
+ for _ in $(seq 1 "$n")
+ '[' -s /Users/mremond/.no-mistakes/worktrees/acf4a767348a/01M22JMZFHHKDEBP264VCZFC1C/.local-procevent-validation/tmp/fm-procevent-tests.YuOJgc/prompt-stop/state/procevent/prompt-src.runner ']'
+ sleep 0.1
+ for _ in $(seq 1 "$n")
+ '[' -s /Users/mremond/.no-mistakes/worktrees/acf4a767348a/01M22JMZFHHKDEBP264VCZFC1C/.local-procevent-validation/tmp/fm-procevent-tests.YuOJgc/prompt-stop/state/procevent/prompt-src.runner ']'
+ sleep 0.1
+ for _ in $(seq 1 "$n")
+ '[' -s /Users/mremond/.no-mistakes/worktrees/acf4a767348a/01M22JMZFHHKDEBP264VCZFC1C/.local-procevent-validation/tmp/fm-procevent-tests.YuOJgc/prompt-stop/state/procevent/prompt-src.runner ']'
+ sleep 0.1
+ for _ in $(seq 1 "$n")
+ '[' -s /Users/mremond/.no-mistakes/worktrees/acf4a767348a/01M22JMZFHHKDEBP264VCZFC1C/.local-procevent-validation/tmp/fm-procevent-tests.YuOJgc/prompt-stop/state/procevent/prompt-src.runner ']'
+ sleep 0.1
+ for _ in $(seq 1 "$n")
+ '[' -s /Users/mremond/.no-mistakes/worktrees/acf4a767348a/01M22JMZFHHKDEBP264VCZFC1C/.local-procevent-validation/tmp/fm-procevent-tests.YuOJgc/prompt-stop/state/procevent/prompt-src.runner ']'
+ sleep 0.1
+ for _ in $(seq 1 "$n")
+ '[' -s /Users/mremond/.no-mistakes/worktrees/acf4a767348a/01M22JMZFHHKDEBP264VCZFC1C/.local-procevent-validation/tmp/fm-procevent-tests.YuOJgc/prompt-stop/state/procevent/prompt-src.runner ']'
+ sleep 0.1
+ for _ in $(seq 1 "$n")
+ '[' -s /Users/mremond/.no-mistakes/worktrees/acf4a767348a/01M22JMZFHHKDEBP264VCZFC1C/.local-procevent-validation/tmp/fm-procevent-tests.YuOJgc/prompt-stop/state/procevent/prompt-src.runner ']'
+ sleep 0.1
+ for _ in $(seq 1 "$n")
+ '[' -s /Users/mremond/.no-mistakes/worktrees/acf4a767348a/01M22JMZFHHKDEBP264VCZFC1C/.local-procevent-validation/tmp/fm-procevent-tests.YuOJgc/prompt-stop/state/procevent/prompt-src.runner ']'
+ sleep 0.1
+ for _ in $(seq 1 "$n")
+ '[' -s /Users/mremond/.no-mistakes/worktrees/acf4a767348a/01M22JMZFHHKDEBP264VCZFC1C/.local-procevent-validation/tmp/fm-procevent-tests.YuOJgc/prompt-stop/state/procevent/prompt-src.runner ']'
+ sleep 0.1
+ for _ in $(seq 1 "$n")
+ '[' -s /Users/mremond/.no-mistakes/worktrees/acf4a767348a/01M22JMZFHHKDEBP264VCZFC1C/.local-procevent-validation/tmp/fm-procevent-tests.YuOJgc/prompt-stop/state/procevent/prompt-src.runner ']'
+ sleep 0.1
+ for _ in $(seq 1 "$n")
+ '[' -s /Users/mremond/.no-mistakes/worktrees/acf4a767348a/01M22JMZFHHKDEBP264VCZFC1C/.local-procevent-validation/tmp/fm-procevent-tests.YuOJgc/prompt-stop/state/procevent/prompt-src.runner ']'
+ sleep 0.1
+ for _ in $(seq 1 "$n")
+ '[' -s /Users/mremond/.no-mistakes/worktrees/acf4a767348a/01M22JMZFHHKDEBP264VCZFC1C/.local-procevent-validation/tmp/fm-procevent-tests.YuOJgc/prompt-stop/state/procevent/prompt-src.runner ']'
+ sleep 0.1
+ for _ in $(seq 1 "$n")
+ '[' -s /Users/mremond/.no-mistakes/worktrees/acf4a767348a/01M22JMZFHHKDEBP264VCZFC1C/.local-procevent-validation/tmp/fm-procevent-tests.YuOJgc/prompt-stop/state/procevent/prompt-src.runner ']'
+ sleep 0.1
+ for _ in $(seq 1 "$n")
+ '[' -s /Users/mremond/.no-mistakes/worktrees/acf4a767348a/01M22JMZFHHKDEBP264VCZFC1C/.local-procevent-validation/tmp/fm-procevent-tests.YuOJgc/prompt-stop/state/procevent/prompt-src.runner ']'
+ sleep 0.1
+ for _ in $(seq 1 "$n")
+ '[' -s /Users/mremond/.no-mistakes/worktrees/acf4a767348a/01M22JMZFHHKDEBP264VCZFC1C/.local-procevent-validation/tmp/fm-procevent-tests.YuOJgc/prompt-stop/state/procevent/prompt-src.runner ']'
+ sleep 0.1
+ for _ in $(seq 1 "$n")
+ '[' -s /Users/mremond/.no-mistakes/worktrees/acf4a767348a/01M22JMZFHHKDEBP264VCZFC1C/.local-procevent-validation/tmp/fm-procevent-tests.YuOJgc/prompt-stop/state/procevent/prompt-src.runner ']'
+ sleep 0.1
+ for _ in $(seq 1 "$n")
+ '[' -s /Users/mremond/.no-mistakes/worktrees/acf4a767348a/01M22JMZFHHKDEBP264VCZFC1C/.local-procevent-validation/tmp/fm-procevent-tests.YuOJgc/prompt-stop/state/procevent/prompt-src.runner ']'
+ sleep 0.1
+ for _ in $(seq 1 "$n")
+ '[' -s /Users/mremond/.no-mistakes/worktrees/acf4a767348a/01M22JMZFHHKDEBP264VCZFC1C/.local-procevent-validation/tmp/fm-procevent-tests.YuOJgc/prompt-stop/state/procevent/prompt-src.runner ']'
+ sleep 0.1
+ for _ in $(seq 1 "$n")
+ '[' -s /Users/mremond/.no-mistakes/worktrees/acf4a767348a/01M22JMZFHHKDEBP264VCZFC1C/.local-procevent-validation/tmp/fm-procevent-tests.YuOJgc/prompt-stop/state/procevent/prompt-src.runner ']'
+ sleep 0.1
+ for _ in $(seq 1 "$n")
+ '[' -s /Users/mremond/.no-mistakes/worktrees/acf4a767348a/01M22JMZFHHKDEBP264VCZFC1C/.local-procevent-validation/tmp/fm-procevent-tests.YuOJgc/prompt-stop/state/procevent/prompt-src.runner ']'
+ sleep 0.1
+ for _ in $(seq 1 "$n")
+ '[' -s /Users/mremond/.no-mistakes/worktrees/acf4a767348a/01M22JMZFHHKDEBP264VCZFC1C/.local-procevent-validation/tmp/fm-procevent-tests.YuOJgc/prompt-stop/state/procevent/prompt-src.runner ']'
+ sleep 0.1
+ for _ in $(seq 1 "$n")
+ '[' -s /Users/mremond/.no-mistakes/worktrees/acf4a767348a/01M22JMZFHHKDEBP264VCZFC1C/.local-procevent-validation/tmp/fm-procevent-tests.YuOJgc/prompt-stop/state/procevent/prompt-src.runner ']'
+ sleep 0.1
+ for _ in $(seq 1 "$n")
+ '[' -s /Users/mremond/.no-mistakes/worktrees/acf4a767348a/01M22JMZFHHKDEBP264VCZFC1C/.local-procevent-validation/tmp/fm-procevent-tests.YuOJgc/prompt-stop/state/procevent/prompt-src.runner ']'
+ sleep 0.1
+ for _ in $(seq 1 "$n")
+ '[' -s /Users/mremond/.no-mistakes/worktrees/acf4a767348a/01M22JMZFHHKDEBP264VCZFC1C/.local-procevent-validation/tmp/fm-procevent-tests.YuOJgc/prompt-stop/state/procevent/prompt-src.runner ']'
+ sleep 0.1
+ for _ in $(seq 1 "$n")
+ '[' -s /Users/mremond/.no-mistakes/worktrees/acf4a767348a/01M22JMZFHHKDEBP264VCZFC1C/.local-procevent-validation/tmp/fm-procevent-tests.YuOJgc/prompt-stop/state/procevent/prompt-src.runner ']'
+ sleep 0.1
+ for _ in $(seq 1 "$n")
+ '[' -s /Users/mremond/.no-mistakes/worktrees/acf4a767348a/01M22JMZFHHKDEBP264VCZFC1C/.local-procevent-validation/tmp/fm-procevent-tests.YuOJgc/prompt-stop/state/procevent/prompt-src.runner ']'
+ sleep 0.1
+ for _ in $(seq 1 "$n")
+ '[' -s /Users/mremond/.no-mistakes/worktrees/acf4a767348a/01M22JMZFHHKDEBP264VCZFC1C/.local-procevent-validation/tmp/fm-procevent-tests.YuOJgc/prompt-stop/state/procevent/prompt-src.runner ']'
+ sleep 0.1
+ for _ in $(seq 1 "$n")
+ '[' -s /Users/mremond/.no-mistakes/worktrees/acf4a767348a/01M22JMZFHHKDEBP264VCZFC1C/.local-procevent-validation/tmp/fm-procevent-tests.YuOJgc/prompt-stop/state/procevent/prompt-src.runner ']'
+ sleep 0.1
+ for _ in $(seq 1 "$n")
+ '[' -s /Users/mremond/.no-mistakes/worktrees/acf4a767348a/01M22JMZFHHKDEBP264VCZFC1C/.local-procevent-validation/tmp/fm-procevent-tests.YuOJgc/prompt-stop/state/procevent/prompt-src.runner ']'
+ sleep 0.1
+ for _ in $(seq 1 "$n")
+ '[' -s /Users/mremond/.no-mistakes/worktrees/acf4a767348a/01M22JMZFHHKDEBP264VCZFC1C/.local-procevent-validation/tmp/fm-procevent-tests.YuOJgc/prompt-stop/state/procevent/prompt-src.runner ']'
+ return 0
++ cat /Users/mremond/.no-mistakes/worktrees/acf4a767348a/01M22JMZFHHKDEBP264VCZFC1C/.local-procevent-validation/tmp/fm-procevent-tests.YuOJgc/prompt-stop/state/procevent/prompt-src.runner
+ PROMPT_PID=55633
+ wait_for /Users/mremond/.no-mistakes/worktrees/acf4a767348a/01M22JMZFHHKDEBP264VCZFC1C/.local-procevent-validation/tmp/fm-procevent-tests.YuOJgc/prompt-stop.descendant
+ local f=/Users/mremond/.no-mistakes/worktrees/acf4a767348a/01M22JMZFHHKDEBP264VCZFC1C/.local-procevent-validation/tmp/fm-procevent-tests.YuOJgc/prompt-stop.descendant n=100
++ seq 1 100
+ for _ in $(seq 1 "$n")
+ '[' -s /Users/mremond/.no-mistakes/worktrees/acf4a767348a/01M22JMZFHHKDEBP264VCZFC1C/.local-procevent-validation/tmp/fm-procevent-tests.YuOJgc/prompt-stop.descendant ']'
+ sleep 0.1
+ for _ in $(seq 1 "$n")
+ '[' -s /Users/mremond/.no-mistakes/worktrees/acf4a767348a/01M22JMZFHHKDEBP264VCZFC1C/.local-procevent-validation/tmp/fm-procevent-tests.YuOJgc/prompt-stop.descendant ']'
+ sleep 0.1
+ for _ in $(seq 1 "$n")
+ '[' -s /Users/mremond/.no-mistakes/worktrees/acf4a767348a/01M22JMZFHHKDEBP264VCZFC1C/.local-procevent-validation/tmp/fm-procevent-tests.YuOJgc/prompt-stop.descendant ']'
+ sleep 0.1
+ for _ in $(seq 1 "$n")
+ '[' -s /Users/mremond/.no-mistakes/worktrees/acf4a767348a/01M22JMZFHHKDEBP264VCZFC1C/.local-procevent-validation/tmp/fm-procevent-tests.YuOJgc/prompt-stop.descendant ']'
+ sleep 0.1
+ for _ in $(seq 1 "$n")
+ '[' -s /Users/mremond/.no-mistakes/worktrees/acf4a767348a/01M22JMZFHHKDEBP264VCZFC1C/.local-procevent-validation/tmp/fm-procevent-tests.YuOJgc/prompt-stop.descendant ']'
+ sleep 0.1
+ for _ in $(seq 1 "$n")
+ '[' -s /Users/mremond/.no-mistakes/worktrees/acf4a767348a/01M22JMZFHHKDEBP264VCZFC1C/.local-procevent-validation/tmp/fm-procevent-tests.YuOJgc/prompt-stop.descendant ']'
+ sleep 0.1
+ for _ in $(seq 1 "$n")
+ '[' -s /Users/mremond/.no-mistakes/worktrees/acf4a767348a/01M22JMZFHHKDEBP264VCZFC1C/.local-procevent-validation/tmp/fm-procevent-tests.YuOJgc/prompt-stop.descendant ']'
+ return 0
++ stop_window_ms
++ local from to
+++ now_ms
+++ perl -MTime::HiRes=time -e 'printf "%d\n", time * 1000'
++ from=1788941197676
+++ seq 1 20
++ for _ in $(seq 1 20)
++ sleep 0.1
++ for _ in $(seq 1 20)
++ sleep 0.1
++ for _ in $(seq 1 20)
++ sleep 0.1
++ for _ in $(seq 1 20)
++ sleep 0.1
++ for _ in $(seq 1 20)
++ sleep 0.1
++ for _ in $(seq 1 20)
++ sleep 0.1
++ for _ in $(seq 1 20)
++ sleep 0.1
++ for _ in $(seq 1 20)
++ sleep 0.1
++ for _ in $(seq 1 20)
++ sleep 0.1
++ for _ in $(seq 1 20)
++ sleep 0.1
++ for _ in $(seq 1 20)
++ sleep 0.1
++ for _ in $(seq 1 20)
++ sleep 0.1
++ for _ in $(seq 1 20)
++ sleep 0.1
++ for _ in $(seq 1 20)
++ sleep 0.1
++ for _ in $(seq 1 20)
++ sleep 0.1
++ for _ in $(seq 1 20)
++ sleep 0.1
++ for _ in $(seq 1 20)
++ sleep 0.1
++ for _ in $(seq 1 20)
++ sleep 0.1
++ for _ in $(seq 1 20)
++ sleep 0.1
++ for _ in $(seq 1 20)
++ sleep 0.1
+++ now_ms
+++ perl -MTime::HiRes=time -e 'printf "%d\n", time * 1000'
++ to=1788941202591
++ printf '%s\n' 4915
+ window_before=4915
++ now_ms
++ perl -MTime::HiRes=time -e 'printf "%d\n", time * 1000'
+ start=1788941202607
+ pe /Users/mremond/.no-mistakes/worktrees/acf4a767348a/01M22JMZFHHKDEBP264VCZFC1C/.local-procevent-validation/tmp/fm-procevent-tests.YuOJgc/prompt-stop retire prompt-src
+ FM_HOME=/Users/mremond/.no-mistakes/worktrees/acf4a767348a/01M22JMZFHHKDEBP264VCZFC1C/.local-procevent-validation/tmp/fm-procevent-tests.YuOJgc/prompt-stop
+ /Users/mremond/.no-mistakes/worktrees/acf4a767348a/01M22JMZFHHKDEBP264VCZFC1C/.local-procevent-validation/baseline/bin/fm-procevent.sh retire prompt-src
++ now_ms
++ perl -MTime::HiRes=time -e 'printf "%d\n", time * 1000'
+ elapsed=12404
++ stop_window_ms
++ local from to
+++ now_ms
+++ perl -MTime::HiRes=time -e 'printf "%d\n", time * 1000'
++ from=1788941215214
+++ seq 1 20
++ for _ in $(seq 1 20)
++ sleep 0.1
++ for _ in $(seq 1 20)
++ sleep 0.1
++ for _ in $(seq 1 20)
++ sleep 0.1
++ for _ in $(seq 1 20)
++ sleep 0.1
++ for _ in $(seq 1 20)
++ sleep 0.1
++ for _ in $(seq 1 20)
++ sleep 0.1
++ for _ in $(seq 1 20)
++ sleep 0.1
++ for _ in $(seq 1 20)
++ sleep 0.1
++ for _ in $(seq 1 20)
++ sleep 0.1
++ for _ in $(seq 1 20)
++ sleep 0.1
++ for _ in $(seq 1 20)
++ sleep 0.1
++ for _ in $(seq 1 20)
++ sleep 0.1
++ for _ in $(seq 1 20)
++ sleep 0.1
++ for _ in $(seq 1 20)
++ sleep 0.1
++ for _ in $(seq 1 20)
++ sleep 0.1
++ for _ in $(seq 1 20)
++ sleep 0.1
++ for _ in $(seq 1 20)
++ sleep 0.1
++ for _ in $(seq 1 20)
++ sleep 0.1
++ for _ in $(seq 1 20)
++ sleep 0.1
++ for _ in $(seq 1 20)
++ sleep 0.1
+++ now_ms
+++ perl -MTime::HiRes=time -e 'printf "%d\n", time * 1000'
++ to=1788941221895
++ printf '%s\n' 6681
+ window_after=6681
+ prompt_status=0
+ wait 53272
+ prompt_status=137
+ wait_gone -55633
+ local spec=-55633 n=160
++ seq 1 160
+ for _ in $(seq 1 "$n")
+ kill -0 -55633
+ return 0
+ '[' 137 -eq 143 ']'
+ fail 'the runner did not exit on TERM (start status=137, retirement=12404ms, sampled windows=4915/6681ms)'
+ printf 'not ok - %s\n' 'the runner did not exit on TERM (start status=137, retirement=12404ms, sampled windows=4915/6681ms)'
not ok - the runner did not exit on TERM (start status=137, retirement=12404ms, sampled windows=4915/6681ms)
+ exit 1
+ fm_test_cleanup
+ local d
+ fm_test_reap_procevent_homes
+ local home claim_root $'seen=\n'
+ '[' -f /Users/mremond/.no-mistakes/worktrees/acf4a767348a/01M22JMZFHHKDEBP264VCZFC1C/.local-procevent-validation/tmp/.fm-test-procevent.29564.C9dIaT ']'
+ IFS=$'\t'
+ read -r home claim_root
+ '[' -n /Users/mremond/.no-mistakes/worktrees/acf4a767348a/01M22JMZFHHKDEBP264VCZFC1C/.local-procevent-validation/tmp/fm-procevent-tests.YuOJgc/prompt-stop ']'
+ case "$seen" in
+ seen+=$'/Users/mremond/.no-mistakes/worktrees/acf4a767348a/01M22JMZFHHKDEBP264VCZFC1C/.local-procevent-validation/tmp/fm-procevent-tests.YuOJgc/prompt-stop\n'
+ '[' -d /Users/mremond/.no-mistakes/worktrees/acf4a767348a/01M22JMZFHHKDEBP264VCZFC1C/.local-procevent-validation/tmp/fm-procevent-tests.YuOJgc/prompt-stop/state/procevent ']'
+ '[' -n '' ']'
+ FM_HOME=/Users/mremond/.no-mistakes/worktrees/acf4a767348a/01M22JMZFHHKDEBP264VCZFC1C/.local-procevent-validation/tmp/fm-procevent-tests.YuOJgc/prompt-stop
+ FM_STATE_OVERRIDE=/Users/mremond/.no-mistakes/worktrees/acf4a767348a/01M22JMZFHHKDEBP264VCZFC1C/.local-procevent-validation/tmp/fm-procevent-tests.YuOJgc/prompt-stop/state
+ /Users/mremond/.no-mistakes/worktrees/acf4a767348a/01M22JMZFHHKDEBP264VCZFC1C/.local-procevent-validation/baseline/bin/fm-procevent.sh sweep-home
+ true
+ IFS=$'\t'
+ read -r home claim_root
+ rm -f /Users/mremond/.no-mistakes/worktrees/acf4a767348a/01M22JMZFHHKDEBP264VCZFC1C/.local-procevent-validation/tmp/.fm-test-procevent.29564.C9dIaT
+ for d in "${FM_TEST_CLEANUP_DIRS[@]:-}"
+ '[' -n '' ']'
+ '[' -f /Users/mremond/.no-mistakes/worktrees/acf4a767348a/01M22JMZFHHKDEBP264VCZFC1C/.local-procevent-validation/tmp/.fm-test-cleanup.29564.ot6ZJA ']'
+ IFS=
+ read -r d
+ '[' -n /Users/mremond/.no-mistakes/worktrees/acf4a767348a/01M22JMZFHHKDEBP264VCZFC1C/.local-procevent-validation/tmp/fm-procevent-tests.YuOJgc ']'
+ rm -rf /Users/mremond/.no-mistakes/worktrees/acf4a767348a/01M22JMZFHHKDEBP264VCZFC1C/.local-procevent-validation/tmp/fm-procevent-tests.YuOJgc
+ IFS=
+ read -r d
+ rm -f /Users/mremond/.no-mistakes/worktrees/acf4a767348a/01M22JMZFHHKDEBP264VCZFC1C/.local-procevent-validation/tmp/.fm-test-cleanup.29564.ot6ZJA
