+ set -u
+ . /Users/mremond/.no-mistakes/worktrees/acf4a767348a/01M22JMZFHHKDEBP264VCZFC1C/tests/lib.sh
++ '[' -n '' ']'
++ FM_TEST_LIB_SOURCED=1
++ umask 022
++ export FM_GATE_REFUSE_BYPASS=1
++ FM_GATE_REFUSE_BYPASS=1
++ unset FM_TASK_ID
++++ dirname /Users/mremond/.no-mistakes/worktrees/acf4a767348a/01M22JMZFHHKDEBP264VCZFC1C/tests/lib.sh
+++ cd /Users/mremond/.no-mistakes/worktrees/acf4a767348a/01M22JMZFHHKDEBP264VCZFC1C/tests/..
+++ pwd
++ ROOT=/Users/mremond/.no-mistakes/worktrees/acf4a767348a/01M22JMZFHHKDEBP264VCZFC1C
++ FM_TEST_CLEANUP_DIRS=()
+++ mktemp /Users/mremond/.no-mistakes/worktrees/acf4a767348a/01M22JMZFHHKDEBP264VCZFC1C/.local-procevent-validation/tmp/.fm-test-cleanup.53043.XXXXXX
++ FM_TEST_CLEANUP_REGISTRY=/Users/mremond/.no-mistakes/worktrees/acf4a767348a/01M22JMZFHHKDEBP264VCZFC1C/.local-procevent-validation/tmp/.fm-test-cleanup.53043.nUxpS7
+++ fm_test_pid_identity 53043
+++ local pid=53043
+++ FM_STATE_OVERRIDE=/Users/mremond/.no-mistakes/worktrees/acf4a767348a/01M22JMZFHHKDEBP264VCZFC1C/.local-procevent-validation/tmp
+++ bash -c '. "$1"; fm_pid_identity "$2"' _ /Users/mremond/.no-mistakes/worktrees/acf4a767348a/01M22JMZFHHKDEBP264VCZFC1C/bin/fm-wake-lib.sh 53043
++ FM_TEST_OWNER_IDENTITY='Wed Sep  9 10:12:47 2026     bash -x /Users/mremond/.no-mistakes/evidence/01M22JMZFHHKDEBP264VCZFC1C/selected-guard-15s.sh'
+++ mktemp /Users/mremond/.no-mistakes/worktrees/acf4a767348a/01M22JMZFHHKDEBP264VCZFC1C/.local-procevent-validation/tmp/.fm-test-procevent.53043.XXXXXX
++ FM_TEST_PROCEVENT_REGISTRY=/Users/mremond/.no-mistakes/worktrees/acf4a767348a/01M22JMZFHHKDEBP264VCZFC1C/.local-procevent-validation/tmp/.fm-test-procevent.53043.JbHZ9y
++ FM_TEST_STUB_MAX_BLOCK_SECONDS=300
++ export FM_TEST_STUB_MAX_BLOCK_SECONDS
++ trap fm_test_cleanup EXIT
++ trap 'fm_test_cleanup; exit 130' INT
++ trap 'fm_test_cleanup; exit 143' TERM
++ trap 'fm_test_cleanup; exit 129' HUP
++ trap 'fm_test_cleanup; exit 131' QUIT
++ FM_TEST_ORPHAN_MAX_AGE_SECONDS=3600
++ '[' 0 '!=' 1 ']'
++ fm_test_reap_orphans
++ local marker dir mtime now owner_pid owner_identity current_identity
+++ date +%s
++ now=1788941568
++ for marker in "${TMPDIR:-/tmp}"/fm-*/.fm-test-fixture
++ '[' -e '/Users/mremond/.no-mistakes/worktrees/acf4a767348a/01M22JMZFHHKDEBP264VCZFC1C/.local-procevent-validation/tmp/fm-*/.fm-test-fixture' ']'
++ continue
+ ROOT=/Users/mremond/.no-mistakes/worktrees/acf4a767348a/01M22JMZFHHKDEBP264VCZFC1C
++ fm_test_tmproot fm-procevent-tests
++ local prefix=fm-procevent-tests root tmp_base
++ tmp_base=/Users/mremond/.no-mistakes/worktrees/acf4a767348a/01M22JMZFHHKDEBP264VCZFC1C/.local-procevent-validation/tmp
++ tmp_base=/Users/mremond/.no-mistakes/worktrees/acf4a767348a/01M22JMZFHHKDEBP264VCZFC1C/.local-procevent-validation/tmp
+++ mktemp -d /Users/mremond/.no-mistakes/worktrees/acf4a767348a/01M22JMZFHHKDEBP264VCZFC1C/.local-procevent-validation/tmp/fm-procevent-tests.XXXXXX
++ root=/Users/mremond/.no-mistakes/worktrees/acf4a767348a/01M22JMZFHHKDEBP264VCZFC1C/.local-procevent-validation/tmp/fm-procevent-tests.Aes2TO
+++ cd -P -- /Users/mremond/.no-mistakes/worktrees/acf4a767348a/01M22JMZFHHKDEBP264VCZFC1C/.local-procevent-validation/tmp/fm-procevent-tests.Aes2TO
+++ pwd -P
++ root=/Users/mremond/.no-mistakes/worktrees/acf4a767348a/01M22JMZFHHKDEBP264VCZFC1C/.local-procevent-validation/tmp/fm-procevent-tests.Aes2TO
++ printf '%s\n%s\n' 53043 'Wed Sep  9 10:12:47 2026     bash -x /Users/mremond/.no-mistakes/evidence/01M22JMZFHHKDEBP264VCZFC1C/selected-guard-15s.sh'
++ printf '%s\n' /Users/mremond/.no-mistakes/worktrees/acf4a767348a/01M22JMZFHHKDEBP264VCZFC1C/.local-procevent-validation/tmp/fm-procevent-tests.Aes2TO
++ printf '%s\n' /Users/mremond/.no-mistakes/worktrees/acf4a767348a/01M22JMZFHHKDEBP264VCZFC1C/.local-procevent-validation/tmp/fm-procevent-tests.Aes2TO
+ TMP_ROOT=/Users/mremond/.no-mistakes/worktrees/acf4a767348a/01M22JMZFHHKDEBP264VCZFC1C/.local-procevent-validation/tmp/fm-procevent-tests.Aes2TO
+ export FM_PROCEVENT_CLAIM_ROOT=/Users/mremond/.no-mistakes/worktrees/acf4a767348a/01M22JMZFHHKDEBP264VCZFC1C/.local-procevent-validation/tmp/fm-procevent-tests.Aes2TO/claims
+ FM_PROCEVENT_CLAIM_ROOT=/Users/mremond/.no-mistakes/worktrees/acf4a767348a/01M22JMZFHHKDEBP264VCZFC1C/.local-procevent-validation/tmp/fm-procevent-tests.Aes2TO/claims
+ BLOCKER=/Users/mremond/.no-mistakes/worktrees/acf4a767348a/01M22JMZFHHKDEBP264VCZFC1C/.local-procevent-validation/tmp/fm-procevent-tests.Aes2TO/blocker.sh
+ cat
+ chmod +x /Users/mremond/.no-mistakes/worktrees/acf4a767348a/01M22JMZFHHKDEBP264VCZFC1C/.local-procevent-validation/tmp/fm-procevent-tests.Aes2TO/blocker.sh
+ QUIET_STUB=/Users/mremond/.no-mistakes/worktrees/acf4a767348a/01M22JMZFHHKDEBP264VCZFC1C/.local-procevent-validation/tmp/fm-procevent-tests.Aes2TO/quiet-stub.sh
+ cat
+ chmod +x /Users/mremond/.no-mistakes/worktrees/acf4a767348a/01M22JMZFHHKDEBP264VCZFC1C/.local-procevent-validation/tmp/fm-procevent-tests.Aes2TO/quiet-stub.sh
+ PROOF_LEASE_SECONDS=15
+ PROOF_CHECK_SECONDS=1
+ SIGNAL_PROOF_STUB=/Users/mremond/.no-mistakes/worktrees/acf4a767348a/01M22JMZFHHKDEBP264VCZFC1C/.local-procevent-validation/tmp/fm-procevent-tests.Aes2TO/signal-proof-stub.sh
+ cat
+ chmod +x /Users/mremond/.no-mistakes/worktrees/acf4a767348a/01M22JMZFHHKDEBP264VCZFC1C/.local-procevent-validation/tmp/fm-procevent-tests.Aes2TO/signal-proof-stub.sh
+ trap 'if [ -n "${GUARD_PID:-}" ]; then ps -o pid=,ppid=,pgid=,stat=,command= -g "$GUARD_PID"; kill -KILL -"$GUARD_PID" 2>/dev/null || true; fi; fm_test_cleanup' EXIT
+ HPGUARD=/Users/mremond/.no-mistakes/worktrees/acf4a767348a/01M22JMZFHHKDEBP264VCZFC1C/.local-procevent-validation/tmp/fm-procevent-tests.Aes2TO/signal-proof-guard
+ new_home /Users/mremond/.no-mistakes/worktrees/acf4a767348a/01M22JMZFHHKDEBP264VCZFC1C/.local-procevent-validation/tmp/fm-procevent-tests.Aes2TO/signal-proof-guard
+ mkdir -p /Users/mremond/.no-mistakes/worktrees/acf4a767348a/01M22JMZFHHKDEBP264VCZFC1C/.local-procevent-validation/tmp/fm-procevent-tests.Aes2TO/signal-proof-guard/state
+ fm_test_track_procevent_home /Users/mremond/.no-mistakes/worktrees/acf4a767348a/01M22JMZFHHKDEBP264VCZFC1C/.local-procevent-validation/tmp/fm-procevent-tests.Aes2TO/signal-proof-guard
+ '[' -n /Users/mremond/.no-mistakes/worktrees/acf4a767348a/01M22JMZFHHKDEBP264VCZFC1C/.local-procevent-validation/tmp/fm-procevent-tests.Aes2TO/signal-proof-guard ']'
+ printf '%s\t%s\n' /Users/mremond/.no-mistakes/worktrees/acf4a767348a/01M22JMZFHHKDEBP264VCZFC1C/.local-procevent-validation/tmp/fm-procevent-tests.Aes2TO/signal-proof-guard ''
+ orphan_pe /Users/mremond/.no-mistakes/worktrees/acf4a767348a/01M22JMZFHHKDEBP264VCZFC1C/.local-procevent-validation/tmp/fm-procevent-tests.Aes2TO/signal-proof-guard register lavish proof-guard-src -- /Users/mremond/.no-mistakes/worktrees/acf4a767348a/01M22JMZFHHKDEBP264VCZFC1C/.local-procevent-validation/tmp/fm-procevent-tests.Aes2TO/signal-proof-stub.sh /Users/mremond/.no-mistakes/worktrees/acf4a767348a/01M22JMZFHHKDEBP264VCZFC1C/.local-procevent-validation/tmp/fm-procevent-tests.Aes2TO/proof-guard
+ local home=/Users/mremond/.no-mistakes/worktrees/acf4a767348a/01M22JMZFHHKDEBP264VCZFC1C/.local-procevent-validation/tmp/fm-procevent-tests.Aes2TO/signal-proof-guard
+ shift
+ FM_PROCEVENT_OWNER_LEASE_SECONDS=15
+ FM_PROCEVENT_OWNER_CHECK_SECONDS=1
+ FM_HOME=/Users/mremond/.no-mistakes/worktrees/acf4a767348a/01M22JMZFHHKDEBP264VCZFC1C/.local-procevent-validation/tmp/fm-procevent-tests.Aes2TO/signal-proof-guard
+ /Users/mremond/.no-mistakes/worktrees/acf4a767348a/01M22JMZFHHKDEBP264VCZFC1C/bin/fm-procevent.sh register lavish proof-guard-src -- /Users/mremond/.no-mistakes/worktrees/acf4a767348a/01M22JMZFHHKDEBP264VCZFC1C/.local-procevent-validation/tmp/fm-procevent-tests.Aes2TO/signal-proof-stub.sh /Users/mremond/.no-mistakes/worktrees/acf4a767348a/01M22JMZFHHKDEBP264VCZFC1C/.local-procevent-validation/tmp/fm-procevent-tests.Aes2TO/proof-guard
+ orphan_pe /Users/mremond/.no-mistakes/worktrees/acf4a767348a/01M22JMZFHHKDEBP264VCZFC1C/.local-procevent-validation/tmp/fm-procevent-tests.Aes2TO/signal-proof-guard reconcile
+ local home=/Users/mremond/.no-mistakes/worktrees/acf4a767348a/01M22JMZFHHKDEBP264VCZFC1C/.local-procevent-validation/tmp/fm-procevent-tests.Aes2TO/signal-proof-guard
+ shift
+ FM_PROCEVENT_OWNER_LEASE_SECONDS=15
+ FM_PROCEVENT_OWNER_CHECK_SECONDS=1
+ FM_HOME=/Users/mremond/.no-mistakes/worktrees/acf4a767348a/01M22JMZFHHKDEBP264VCZFC1C/.local-procevent-validation/tmp/fm-procevent-tests.Aes2TO/signal-proof-guard
+ /Users/mremond/.no-mistakes/worktrees/acf4a767348a/01M22JMZFHHKDEBP264VCZFC1C/bin/fm-procevent.sh reconcile
+ deadline=63
+ '[' -s /Users/mremond/.no-mistakes/worktrees/acf4a767348a/01M22JMZFHHKDEBP264VCZFC1C/.local-procevent-validation/tmp/fm-procevent-tests.Aes2TO/signal-proof-guard/state/procevent/proof-guard-src.runner ']'
+ '[' 3 -lt 63 ']'
+ orphan_pe /Users/mremond/.no-mistakes/worktrees/acf4a767348a/01M22JMZFHHKDEBP264VCZFC1C/.local-procevent-validation/tmp/fm-procevent-tests.Aes2TO/signal-proof-guard reconcile
+ sleep 0.25
+ '[' -s /Users/mremond/.no-mistakes/worktrees/acf4a767348a/01M22JMZFHHKDEBP264VCZFC1C/.local-procevent-validation/tmp/fm-procevent-tests.Aes2TO/signal-proof-guard/state/procevent/proof-guard-src.runner ']'
+ '[' -s /Users/mremond/.no-mistakes/worktrees/acf4a767348a/01M22JMZFHHKDEBP264VCZFC1C/.local-procevent-validation/tmp/fm-procevent-tests.Aes2TO/proof-guard.child ']'
+ '[' 5 -lt 63 ']'
+ orphan_pe /Users/mremond/.no-mistakes/worktrees/acf4a767348a/01M22JMZFHHKDEBP264VCZFC1C/.local-procevent-validation/tmp/fm-procevent-tests.Aes2TO/signal-proof-guard reconcile
+ sleep 0.25
+ '[' -s /Users/mremond/.no-mistakes/worktrees/acf4a767348a/01M22JMZFHHKDEBP264VCZFC1C/.local-procevent-validation/tmp/fm-procevent-tests.Aes2TO/signal-proof-guard/state/procevent/proof-guard-src.runner ']'
+ '[' -s /Users/mremond/.no-mistakes/worktrees/acf4a767348a/01M22JMZFHHKDEBP264VCZFC1C/.local-procevent-validation/tmp/fm-procevent-tests.Aes2TO/proof-guard.child ']'
++ cat /Users/mremond/.no-mistakes/worktrees/acf4a767348a/01M22JMZFHHKDEBP264VCZFC1C/.local-procevent-validation/tmp/fm-procevent-tests.Aes2TO/signal-proof-guard/state/procevent/proof-guard-src.runner
+ GUARD_PID=57630
++ cat /Users/mremond/.no-mistakes/worktrees/acf4a767348a/01M22JMZFHHKDEBP264VCZFC1C/.local-procevent-validation/tmp/fm-procevent-tests.Aes2TO/proof-guard.child
+ GUARD_CHILD=61597
+ guard_bound=21
+ deadline=49
+ guard_started=7
+ kill -0 -57630
+ '[' 7 -lt 49 ']'
+ sleep 0.5
+ kill -0 -57630
+ '[' 7 -lt 49 ']'
+ sleep 0.5
+ kill -0 -57630
+ '[' 8 -lt 49 ']'
+ sleep 0.5
+ kill -0 -57630
+ '[' 9 -lt 49 ']'
+ sleep 0.5
+ kill -0 -57630
+ '[' 9 -lt 49 ']'
+ sleep 0.5
+ kill -0 -57630
+ '[' 10 -lt 49 ']'
+ sleep 0.5
+ kill -0 -57630
+ '[' 11 -lt 49 ']'
+ sleep 0.5
+ kill -0 -57630
+ '[' 11 -lt 49 ']'
+ sleep 0.5
+ kill -0 -57630
+ '[' 12 -lt 49 ']'
+ sleep 0.5
+ kill -0 -57630
+ '[' 13 -lt 49 ']'
+ sleep 0.5
+ kill -0 -57630
+ '[' 13 -lt 49 ']'
+ sleep 0.5
+ kill -0 -57630
+ '[' 14 -lt 49 ']'
+ sleep 0.5
+ kill -0 -57630
+ '[' 15 -lt 49 ']'
+ sleep 0.5
+ kill -0 -57630
+ '[' 15 -lt 49 ']'
+ sleep 0.5
+ kill -0 -57630
+ '[' 16 -lt 49 ']'
+ sleep 0.5
+ kill -0 -57630
+ '[' 17 -lt 49 ']'
+ sleep 0.5
+ kill -0 -57630
+ '[' 17 -lt 49 ']'
+ sleep 0.5
+ kill -0 -57630
+ '[' 18 -lt 49 ']'
+ sleep 0.5
+ kill -0 -57630
+ '[' 19 -lt 49 ']'
+ sleep 0.5
+ kill -0 -57630
+ '[' 20 -lt 49 ']'
+ sleep 0.5
+ kill -0 -57630
+ '[' 20 -lt 49 ']'
+ sleep 0.5
+ kill -0 -57630
+ '[' 21 -lt 49 ']'
+ sleep 0.5
+ kill -0 -57630
+ '[' 22 -lt 49 ']'
+ sleep 0.5
+ kill -0 -57630
+ '[' 22 -lt 49 ']'
+ sleep 0.5
+ kill -0 -57630
+ '[' 23 -lt 49 ']'
+ sleep 0.5
+ kill -0 -57630
+ '[' 24 -lt 49 ']'
+ sleep 0.5
+ kill -0 -57630
+ '[' 24 -lt 49 ']'
+ sleep 0.5
+ kill -0 -57630
+ '[' 25 -lt 49 ']'
+ sleep 0.5
+ kill -0 -57630
+ '[' 26 -lt 49 ']'
+ sleep 0.5
+ kill -0 -57630
+ '[' 26 -lt 49 ']'
+ sleep 0.5
+ kill -0 -57630
+ '[' 27 -lt 49 ']'
+ sleep 0.5
+ kill -0 -57630
+ '[' 28 -lt 49 ']'
+ sleep 0.5
+ kill -0 -57630
+ '[' 28 -lt 49 ']'
+ sleep 0.5
+ kill -0 -57630
+ wait_gone 61597
+ local spec=61597 n=160
++ seq 1 160
+ for _ in $(seq 1 "$n")
+ kill -0 61597
+ return 0
+ '[' -s /Users/mremond/.no-mistakes/worktrees/acf4a767348a/01M22JMZFHHKDEBP264VCZFC1C/.local-procevent-validation/tmp/fm-procevent-tests.Aes2TO/proof-guard.signals ']'
+ pass 'an expired runner'\''s guard escalates past a signal-proof child'
+ printf 'ok - %s\n' 'an expired runner'\''s guard escalates past a signal-proof child'
ok - an expired runner's guard escalates past a signal-proof child
+ '[' -n 57630 ']'
+ ps -o pid=,ppid=,pgid=,stat=,command= -g 57630
+ kill -KILL -57630
+ true
+ fm_test_cleanup
+ local d
+ fm_test_reap_procevent_homes
+ local home claim_root $'seen=\n'
+ '[' -f /Users/mremond/.no-mistakes/worktrees/acf4a767348a/01M22JMZFHHKDEBP264VCZFC1C/.local-procevent-validation/tmp/.fm-test-procevent.53043.JbHZ9y ']'
+ IFS=$'\t'
+ read -r home claim_root
+ '[' -n /Users/mremond/.no-mistakes/worktrees/acf4a767348a/01M22JMZFHHKDEBP264VCZFC1C/.local-procevent-validation/tmp/fm-procevent-tests.Aes2TO/signal-proof-guard ']'
+ case "$seen" in
+ seen+=$'/Users/mremond/.no-mistakes/worktrees/acf4a767348a/01M22JMZFHHKDEBP264VCZFC1C/.local-procevent-validation/tmp/fm-procevent-tests.Aes2TO/signal-proof-guard\n'
+ '[' -d /Users/mremond/.no-mistakes/worktrees/acf4a767348a/01M22JMZFHHKDEBP264VCZFC1C/.local-procevent-validation/tmp/fm-procevent-tests.Aes2TO/signal-proof-guard/state/procevent ']'
+ '[' -n '' ']'
+ FM_HOME=/Users/mremond/.no-mistakes/worktrees/acf4a767348a/01M22JMZFHHKDEBP264VCZFC1C/.local-procevent-validation/tmp/fm-procevent-tests.Aes2TO/signal-proof-guard
+ FM_STATE_OVERRIDE=/Users/mremond/.no-mistakes/worktrees/acf4a767348a/01M22JMZFHHKDEBP264VCZFC1C/.local-procevent-validation/tmp/fm-procevent-tests.Aes2TO/signal-proof-guard/state
+ /Users/mremond/.no-mistakes/worktrees/acf4a767348a/01M22JMZFHHKDEBP264VCZFC1C/bin/fm-procevent.sh sweep-home
+ IFS=$'\t'
+ read -r home claim_root
+ rm -f /Users/mremond/.no-mistakes/worktrees/acf4a767348a/01M22JMZFHHKDEBP264VCZFC1C/.local-procevent-validation/tmp/.fm-test-procevent.53043.JbHZ9y
+ for d in "${FM_TEST_CLEANUP_DIRS[@]:-}"
+ '[' -n '' ']'
+ '[' -f /Users/mremond/.no-mistakes/worktrees/acf4a767348a/01M22JMZFHHKDEBP264VCZFC1C/.local-procevent-validation/tmp/.fm-test-cleanup.53043.nUxpS7 ']'
+ IFS=
+ read -r d
+ '[' -n /Users/mremond/.no-mistakes/worktrees/acf4a767348a/01M22JMZFHHKDEBP264VCZFC1C/.local-procevent-validation/tmp/fm-procevent-tests.Aes2TO ']'
+ rm -rf /Users/mremond/.no-mistakes/worktrees/acf4a767348a/01M22JMZFHHKDEBP264VCZFC1C/.local-procevent-validation/tmp/fm-procevent-tests.Aes2TO
+ IFS=
+ read -r d
+ rm -f /Users/mremond/.no-mistakes/worktrees/acf4a767348a/01M22JMZFHHKDEBP264VCZFC1C/.local-procevent-validation/tmp/.fm-test-cleanup.53043.nUxpS7
