+ set -u
+ . /Users/mremond/.no-mistakes/worktrees/acf4a767348a/01M22JMZFHHKDEBP264VCZFC1C/tests/lib.sh
++ '[' -n '' ']'
++ FM_TEST_LIB_SOURCED=1
++ umask 022
++ export FM_GATE_REFUSE_BYPASS=1
++ FM_GATE_REFUSE_BYPASS=1
++ unset FM_TASK_ID
++++ dirname /Users/mremond/.no-mistakes/worktrees/acf4a767348a/01M22JMZFHHKDEBP264VCZFC1C/tests/lib.sh
+++ cd /Users/mremond/.no-mistakes/worktrees/acf4a767348a/01M22JMZFHHKDEBP264VCZFC1C/tests/..
+++ pwd
++ ROOT=/Users/mremond/.no-mistakes/worktrees/acf4a767348a/01M22JMZFHHKDEBP264VCZFC1C
++ FM_TEST_CLEANUP_DIRS=()
+++ mktemp /Users/mremond/.no-mistakes/worktrees/acf4a767348a/01M22JMZFHHKDEBP264VCZFC1C/.local-procevent-validation/tmp/.fm-test-cleanup.48399.XXXXXX
++ FM_TEST_CLEANUP_REGISTRY=/Users/mremond/.no-mistakes/worktrees/acf4a767348a/01M22JMZFHHKDEBP264VCZFC1C/.local-procevent-validation/tmp/.fm-test-cleanup.48399.YcXNHJ
+++ fm_test_pid_identity 48399
+++ local pid=48399
+++ FM_STATE_OVERRIDE=/Users/mremond/.no-mistakes/worktrees/acf4a767348a/01M22JMZFHHKDEBP264VCZFC1C/.local-procevent-validation/tmp
+++ bash -c '. "$1"; fm_pid_identity "$2"' _ /Users/mremond/.no-mistakes/worktrees/acf4a767348a/01M22JMZFHHKDEBP264VCZFC1C/bin/fm-wake-lib.sh 48399
++ FM_TEST_OWNER_IDENTITY='Wed Sep  9 10:15:25 2026     bash -x /Users/mremond/.no-mistakes/evidence/01M22JMZFHHKDEBP264VCZFC1C/selected-guard-15s.sh'
+++ mktemp /Users/mremond/.no-mistakes/worktrees/acf4a767348a/01M22JMZFHHKDEBP264VCZFC1C/.local-procevent-validation/tmp/.fm-test-procevent.48399.XXXXXX
++ FM_TEST_PROCEVENT_REGISTRY=/Users/mremond/.no-mistakes/worktrees/acf4a767348a/01M22JMZFHHKDEBP264VCZFC1C/.local-procevent-validation/tmp/.fm-test-procevent.48399.2rWYWr
++ FM_TEST_STUB_MAX_BLOCK_SECONDS=300
++ export FM_TEST_STUB_MAX_BLOCK_SECONDS
++ trap fm_test_cleanup EXIT
++ trap 'fm_test_cleanup; exit 130' INT
++ trap 'fm_test_cleanup; exit 143' TERM
++ trap 'fm_test_cleanup; exit 129' HUP
++ trap 'fm_test_cleanup; exit 131' QUIT
++ FM_TEST_ORPHAN_MAX_AGE_SECONDS=3600
++ '[' 0 '!=' 1 ']'
++ fm_test_reap_orphans
++ local marker dir mtime now owner_pid owner_identity current_identity
+++ date +%s
++ now=1788941725
++ for marker in "${TMPDIR:-/tmp}"/fm-*/.fm-test-fixture
++ '[' -e '/Users/mremond/.no-mistakes/worktrees/acf4a767348a/01M22JMZFHHKDEBP264VCZFC1C/.local-procevent-validation/tmp/fm-*/.fm-test-fixture' ']'
++ continue
+ ROOT=/Users/mremond/.no-mistakes/worktrees/acf4a767348a/01M22JMZFHHKDEBP264VCZFC1C/.local-procevent-validation/baseline
++ fm_test_tmproot fm-procevent-tests
++ local prefix=fm-procevent-tests root tmp_base
++ tmp_base=/Users/mremond/.no-mistakes/worktrees/acf4a767348a/01M22JMZFHHKDEBP264VCZFC1C/.local-procevent-validation/tmp
++ tmp_base=/Users/mremond/.no-mistakes/worktrees/acf4a767348a/01M22JMZFHHKDEBP264VCZFC1C/.local-procevent-validation/tmp
+++ mktemp -d /Users/mremond/.no-mistakes/worktrees/acf4a767348a/01M22JMZFHHKDEBP264VCZFC1C/.local-procevent-validation/tmp/fm-procevent-tests.XXXXXX
++ root=/Users/mremond/.no-mistakes/worktrees/acf4a767348a/01M22JMZFHHKDEBP264VCZFC1C/.local-procevent-validation/tmp/fm-procevent-tests.VatGp9
+++ cd -P -- /Users/mremond/.no-mistakes/worktrees/acf4a767348a/01M22JMZFHHKDEBP264VCZFC1C/.local-procevent-validation/tmp/fm-procevent-tests.VatGp9
+++ pwd -P
++ root=/Users/mremond/.no-mistakes/worktrees/acf4a767348a/01M22JMZFHHKDEBP264VCZFC1C/.local-procevent-validation/tmp/fm-procevent-tests.VatGp9
++ printf '%s\n%s\n' 48399 'Wed Sep  9 10:15:25 2026     bash -x /Users/mremond/.no-mistakes/evidence/01M22JMZFHHKDEBP264VCZFC1C/selected-guard-15s.sh'
++ printf '%s\n' /Users/mremond/.no-mistakes/worktrees/acf4a767348a/01M22JMZFHHKDEBP264VCZFC1C/.local-procevent-validation/tmp/fm-procevent-tests.VatGp9
++ printf '%s\n' /Users/mremond/.no-mistakes/worktrees/acf4a767348a/01M22JMZFHHKDEBP264VCZFC1C/.local-procevent-validation/tmp/fm-procevent-tests.VatGp9
+ TMP_ROOT=/Users/mremond/.no-mistakes/worktrees/acf4a767348a/01M22JMZFHHKDEBP264VCZFC1C/.local-procevent-validation/tmp/fm-procevent-tests.VatGp9
+ export FM_PROCEVENT_CLAIM_ROOT=/Users/mremond/.no-mistakes/worktrees/acf4a767348a/01M22JMZFHHKDEBP264VCZFC1C/.local-procevent-validation/tmp/fm-procevent-tests.VatGp9/claims
+ FM_PROCEVENT_CLAIM_ROOT=/Users/mremond/.no-mistakes/worktrees/acf4a767348a/01M22JMZFHHKDEBP264VCZFC1C/.local-procevent-validation/tmp/fm-procevent-tests.VatGp9/claims
+ BLOCKER=/Users/mremond/.no-mistakes/worktrees/acf4a767348a/01M22JMZFHHKDEBP264VCZFC1C/.local-procevent-validation/tmp/fm-procevent-tests.VatGp9/blocker.sh
+ cat
+ chmod +x /Users/mremond/.no-mistakes/worktrees/acf4a767348a/01M22JMZFHHKDEBP264VCZFC1C/.local-procevent-validation/tmp/fm-procevent-tests.VatGp9/blocker.sh
+ QUIET_STUB=/Users/mremond/.no-mistakes/worktrees/acf4a767348a/01M22JMZFHHKDEBP264VCZFC1C/.local-procevent-validation/tmp/fm-procevent-tests.VatGp9/quiet-stub.sh
+ cat
+ chmod +x /Users/mremond/.no-mistakes/worktrees/acf4a767348a/01M22JMZFHHKDEBP264VCZFC1C/.local-procevent-validation/tmp/fm-procevent-tests.VatGp9/quiet-stub.sh
+ PROOF_LEASE_SECONDS=15
+ PROOF_CHECK_SECONDS=1
+ SIGNAL_PROOF_STUB=/Users/mremond/.no-mistakes/worktrees/acf4a767348a/01M22JMZFHHKDEBP264VCZFC1C/.local-procevent-validation/tmp/fm-procevent-tests.VatGp9/signal-proof-stub.sh
+ cat
+ chmod +x /Users/mremond/.no-mistakes/worktrees/acf4a767348a/01M22JMZFHHKDEBP264VCZFC1C/.local-procevent-validation/tmp/fm-procevent-tests.VatGp9/signal-proof-stub.sh
+ trap 'if [ -n "${GUARD_PID:-}" ]; then ps -o pid=,ppid=,pgid=,stat=,command= -g "$GUARD_PID"; kill -KILL -"$GUARD_PID" 2>/dev/null || true; fi; fm_test_cleanup' EXIT
+ HPGUARD=/Users/mremond/.no-mistakes/worktrees/acf4a767348a/01M22JMZFHHKDEBP264VCZFC1C/.local-procevent-validation/tmp/fm-procevent-tests.VatGp9/signal-proof-guard
+ new_home /Users/mremond/.no-mistakes/worktrees/acf4a767348a/01M22JMZFHHKDEBP264VCZFC1C/.local-procevent-validation/tmp/fm-procevent-tests.VatGp9/signal-proof-guard
+ mkdir -p /Users/mremond/.no-mistakes/worktrees/acf4a767348a/01M22JMZFHHKDEBP264VCZFC1C/.local-procevent-validation/tmp/fm-procevent-tests.VatGp9/signal-proof-guard/state
+ fm_test_track_procevent_home /Users/mremond/.no-mistakes/worktrees/acf4a767348a/01M22JMZFHHKDEBP264VCZFC1C/.local-procevent-validation/tmp/fm-procevent-tests.VatGp9/signal-proof-guard
+ '[' -n /Users/mremond/.no-mistakes/worktrees/acf4a767348a/01M22JMZFHHKDEBP264VCZFC1C/.local-procevent-validation/tmp/fm-procevent-tests.VatGp9/signal-proof-guard ']'
+ printf '%s\t%s\n' /Users/mremond/.no-mistakes/worktrees/acf4a767348a/01M22JMZFHHKDEBP264VCZFC1C/.local-procevent-validation/tmp/fm-procevent-tests.VatGp9/signal-proof-guard ''
+ orphan_pe /Users/mremond/.no-mistakes/worktrees/acf4a767348a/01M22JMZFHHKDEBP264VCZFC1C/.local-procevent-validation/tmp/fm-procevent-tests.VatGp9/signal-proof-guard register lavish proof-guard-src -- /Users/mremond/.no-mistakes/worktrees/acf4a767348a/01M22JMZFHHKDEBP264VCZFC1C/.local-procevent-validation/tmp/fm-procevent-tests.VatGp9/signal-proof-stub.sh /Users/mremond/.no-mistakes/worktrees/acf4a767348a/01M22JMZFHHKDEBP264VCZFC1C/.local-procevent-validation/tmp/fm-procevent-tests.VatGp9/proof-guard
+ local home=/Users/mremond/.no-mistakes/worktrees/acf4a767348a/01M22JMZFHHKDEBP264VCZFC1C/.local-procevent-validation/tmp/fm-procevent-tests.VatGp9/signal-proof-guard
+ shift
+ FM_PROCEVENT_OWNER_LEASE_SECONDS=15
+ FM_PROCEVENT_OWNER_CHECK_SECONDS=1
+ FM_HOME=/Users/mremond/.no-mistakes/worktrees/acf4a767348a/01M22JMZFHHKDEBP264VCZFC1C/.local-procevent-validation/tmp/fm-procevent-tests.VatGp9/signal-proof-guard
+ /Users/mremond/.no-mistakes/worktrees/acf4a767348a/01M22JMZFHHKDEBP264VCZFC1C/.local-procevent-validation/baseline/bin/fm-procevent.sh register lavish proof-guard-src -- /Users/mremond/.no-mistakes/worktrees/acf4a767348a/01M22JMZFHHKDEBP264VCZFC1C/.local-procevent-validation/tmp/fm-procevent-tests.VatGp9/signal-proof-stub.sh /Users/mremond/.no-mistakes/worktrees/acf4a767348a/01M22JMZFHHKDEBP264VCZFC1C/.local-procevent-validation/tmp/fm-procevent-tests.VatGp9/proof-guard
+ orphan_pe /Users/mremond/.no-mistakes/worktrees/acf4a767348a/01M22JMZFHHKDEBP264VCZFC1C/.local-procevent-validation/tmp/fm-procevent-tests.VatGp9/signal-proof-guard reconcile
+ local home=/Users/mremond/.no-mistakes/worktrees/acf4a767348a/01M22JMZFHHKDEBP264VCZFC1C/.local-procevent-validation/tmp/fm-procevent-tests.VatGp9/signal-proof-guard
+ shift
+ FM_PROCEVENT_OWNER_LEASE_SECONDS=15
+ FM_PROCEVENT_OWNER_CHECK_SECONDS=1
+ FM_HOME=/Users/mremond/.no-mistakes/worktrees/acf4a767348a/01M22JMZFHHKDEBP264VCZFC1C/.local-procevent-validation/tmp/fm-procevent-tests.VatGp9/signal-proof-guard
+ /Users/mremond/.no-mistakes/worktrees/acf4a767348a/01M22JMZFHHKDEBP264VCZFC1C/.local-procevent-validation/baseline/bin/fm-procevent.sh reconcile
+ deadline=64
+ '[' -s /Users/mremond/.no-mistakes/worktrees/acf4a767348a/01M22JMZFHHKDEBP264VCZFC1C/.local-procevent-validation/tmp/fm-procevent-tests.VatGp9/signal-proof-guard/state/procevent/proof-guard-src.runner ']'
+ '[' 4 -lt 64 ']'
+ orphan_pe /Users/mremond/.no-mistakes/worktrees/acf4a767348a/01M22JMZFHHKDEBP264VCZFC1C/.local-procevent-validation/tmp/fm-procevent-tests.VatGp9/signal-proof-guard reconcile
+ sleep 0.25
+ '[' -s /Users/mremond/.no-mistakes/worktrees/acf4a767348a/01M22JMZFHHKDEBP264VCZFC1C/.local-procevent-validation/tmp/fm-procevent-tests.VatGp9/signal-proof-guard/state/procevent/proof-guard-src.runner ']'
+ '[' 7 -lt 64 ']'
+ orphan_pe /Users/mremond/.no-mistakes/worktrees/acf4a767348a/01M22JMZFHHKDEBP264VCZFC1C/.local-procevent-validation/tmp/fm-procevent-tests.VatGp9/signal-proof-guard reconcile
+ sleep 0.25
+ '[' -s /Users/mremond/.no-mistakes/worktrees/acf4a767348a/01M22JMZFHHKDEBP264VCZFC1C/.local-procevent-validation/tmp/fm-procevent-tests.VatGp9/signal-proof-guard/state/procevent/proof-guard-src.runner ']'
+ '[' -s /Users/mremond/.no-mistakes/worktrees/acf4a767348a/01M22JMZFHHKDEBP264VCZFC1C/.local-procevent-validation/tmp/fm-procevent-tests.VatGp9/proof-guard.child ']'
++ cat /Users/mremond/.no-mistakes/worktrees/acf4a767348a/01M22JMZFHHKDEBP264VCZFC1C/.local-procevent-validation/tmp/fm-procevent-tests.VatGp9/signal-proof-guard/state/procevent/proof-guard-src.runner
+ GUARD_PID=55959
++ cat /Users/mremond/.no-mistakes/worktrees/acf4a767348a/01M22JMZFHHKDEBP264VCZFC1C/.local-procevent-validation/tmp/fm-procevent-tests.VatGp9/proof-guard.child
+ GUARD_CHILD=62058
+ guard_bound=21
+ deadline=52
+ guard_started=10
+ kill -0 -55959
+ '[' 10 -lt 52 ']'
+ sleep 0.5
+ kill -0 -55959
+ '[' 11 -lt 52 ']'
+ sleep 0.5
+ kill -0 -55959
+ '[' 12 -lt 52 ']'
+ sleep 0.5
+ kill -0 -55959
+ '[' 12 -lt 52 ']'
+ sleep 0.5
+ kill -0 -55959
+ '[' 13 -lt 52 ']'
+ sleep 0.5
+ kill -0 -55959
+ '[' 14 -lt 52 ']'
+ sleep 0.5
+ kill -0 -55959
+ '[' 14 -lt 52 ']'
+ sleep 0.5
+ kill -0 -55959
+ '[' 15 -lt 52 ']'
+ sleep 0.5
+ kill -0 -55959
+ '[' 16 -lt 52 ']'
+ sleep 0.5
+ kill -0 -55959
+ '[' 16 -lt 52 ']'
+ sleep 0.5
+ kill -0 -55959
+ '[' 17 -lt 52 ']'
+ sleep 0.5
+ kill -0 -55959
+ '[' 18 -lt 52 ']'
+ sleep 0.5
+ kill -0 -55959
+ '[' 18 -lt 52 ']'
+ sleep 0.5
+ kill -0 -55959
+ '[' 19 -lt 52 ']'
+ sleep 0.5
+ kill -0 -55959
+ '[' 20 -lt 52 ']'
+ sleep 0.5
+ kill -0 -55959
+ '[' 21 -lt 52 ']'
+ sleep 0.5
+ kill -0 -55959
+ '[' 21 -lt 52 ']'
+ sleep 0.5
+ kill -0 -55959
+ '[' 22 -lt 52 ']'
+ sleep 0.5
+ kill -0 -55959
+ '[' 23 -lt 52 ']'
+ sleep 0.5
+ kill -0 -55959
+ '[' 24 -lt 52 ']'
+ sleep 0.5
+ kill -0 -55959
+ '[' 25 -lt 52 ']'
+ sleep 0.5
+ kill -0 -55959
+ '[' 26 -lt 52 ']'
+ sleep 0.5
+ kill -0 -55959
+ '[' 26 -lt 52 ']'
+ sleep 0.5
+ kill -0 -55959
+ '[' 27 -lt 52 ']'
+ sleep 0.5
+ kill -0 -55959
+ '[' 28 -lt 52 ']'
+ sleep 0.5
+ kill -0 -55959
+ '[' 29 -lt 52 ']'
+ sleep 0.5
+ kill -0 -55959
+ '[' 29 -lt 52 ']'
+ sleep 0.5
+ kill -0 -55959
+ '[' 30 -lt 52 ']'
+ sleep 0.5
+ kill -0 -55959
+ '[' 31 -lt 52 ']'
+ sleep 0.5
+ kill -0 -55959
+ '[' 32 -lt 52 ']'
+ sleep 0.5
+ kill -0 -55959
+ '[' 33 -lt 52 ']'
+ sleep 0.5
+ kill -0 -55959
+ '[' 33 -lt 52 ']'
+ sleep 0.5
+ kill -0 -55959
+ '[' 34 -lt 52 ']'
+ sleep 0.5
+ kill -0 -55959
+ '[' 35 -lt 52 ']'
+ sleep 0.5
+ kill -0 -55959
+ '[' 35 -lt 52 ']'
+ sleep 0.5
+ kill -0 -55959
+ '[' 36 -lt 52 ']'
+ sleep 0.5
+ kill -0 -55959
+ '[' 37 -lt 52 ']'
+ sleep 0.5
+ kill -0 -55959
+ '[' 38 -lt 52 ']'
+ sleep 0.5
+ kill -0 -55959
+ '[' 39 -lt 52 ']'
+ sleep 0.5
+ kill -0 -55959
+ '[' 39 -lt 52 ']'
+ sleep 0.5
+ kill -0 -55959
+ '[' 40 -lt 52 ']'
+ sleep 0.5
+ kill -0 -55959
+ '[' 41 -lt 52 ']'
+ sleep 0.5
+ kill -0 -55959
+ '[' 41 -lt 52 ']'
+ sleep 0.5
+ kill -0 -55959
+ '[' 42 -lt 52 ']'
+ sleep 0.5
+ kill -0 -55959
+ '[' 43 -lt 52 ']'
+ sleep 0.5
+ kill -0 -55959
+ '[' 43 -lt 52 ']'
+ sleep 0.5
+ kill -0 -55959
+ '[' 44 -lt 52 ']'
+ sleep 0.5
+ kill -0 -55959
+ '[' 45 -lt 52 ']'
+ sleep 0.5
+ kill -0 -55959
+ '[' 45 -lt 52 ']'
+ sleep 0.5
+ kill -0 -55959
+ '[' 46 -lt 52 ']'
+ sleep 0.5
+ kill -0 -55959
+ '[' 47 -lt 52 ']'
+ sleep 0.5
+ kill -0 -55959
+ '[' 47 -lt 52 ']'
+ sleep 0.5
+ kill -0 -55959
+ '[' 48 -lt 52 ']'
+ sleep 0.5
+ kill -0 -55959
+ '[' 49 -lt 52 ']'
+ sleep 0.5
+ kill -0 -55959
+ '[' 49 -lt 52 ']'
+ sleep 0.5
+ kill -0 -55959
+ '[' 50 -lt 52 ']'
+ sleep 0.5
+ kill -0 -55959
+ '[' 51 -lt 52 ']'
+ sleep 0.5
+ kill -0 -55959
+ '[' 51 -lt 52 ']'
+ sleep 0.5
+ kill -0 -55959
+ '[' 52 -lt 52 ']'
+ fail 'the guard exceeded its bound: still holding the group after 42s, against a documented bound of 21s'
+ printf 'not ok - %s\n' 'the guard exceeded its bound: still holding the group after 42s, against a documented bound of 21s'
not ok - the guard exceeded its bound: still holding the group after 42s, against a documented bound of 21s
+ exit 1
+ '[' -n 55959 ']'
+ ps -o pid=,ppid=,pgid=,stat=,command= -g 55959
35907 62058 55959 S    sleep 0.1
62058     1 55959 S    bash /Users/mremond/.no-mistakes/worktrees/acf4a767348a/01M22JMZFHHKDEBP264VCZFC1C/.local-procevent-validation/tmp/fm-procevent-tests.VatGp9/signal-proof-stub.sh /Users/mremond/.no-mistakes/worktrees/acf4a767348a/01M22JMZFHHKDEBP264VCZFC1C/.local-procevent-validation/tmp/fm-procevent-tests.VatGp9/proof-guard
+ kill -KILL -55959
+ fm_test_cleanup
+ local d
+ fm_test_reap_procevent_homes
+ local home claim_root $'seen=\n'
+ '[' -f /Users/mremond/.no-mistakes/worktrees/acf4a767348a/01M22JMZFHHKDEBP264VCZFC1C/.local-procevent-validation/tmp/.fm-test-procevent.48399.2rWYWr ']'
+ IFS=$'\t'
+ read -r home claim_root
+ '[' -n /Users/mremond/.no-mistakes/worktrees/acf4a767348a/01M22JMZFHHKDEBP264VCZFC1C/.local-procevent-validation/tmp/fm-procevent-tests.VatGp9/signal-proof-guard ']'
+ case "$seen" in
+ seen+=$'/Users/mremond/.no-mistakes/worktrees/acf4a767348a/01M22JMZFHHKDEBP264VCZFC1C/.local-procevent-validation/tmp/fm-procevent-tests.VatGp9/signal-proof-guard\n'
+ '[' -d /Users/mremond/.no-mistakes/worktrees/acf4a767348a/01M22JMZFHHKDEBP264VCZFC1C/.local-procevent-validation/tmp/fm-procevent-tests.VatGp9/signal-proof-guard/state/procevent ']'
+ '[' -n '' ']'
+ FM_HOME=/Users/mremond/.no-mistakes/worktrees/acf4a767348a/01M22JMZFHHKDEBP264VCZFC1C/.local-procevent-validation/tmp/fm-procevent-tests.VatGp9/signal-proof-guard
+ FM_STATE_OVERRIDE=/Users/mremond/.no-mistakes/worktrees/acf4a767348a/01M22JMZFHHKDEBP264VCZFC1C/.local-procevent-validation/tmp/fm-procevent-tests.VatGp9/signal-proof-guard/state
+ /Users/mremond/.no-mistakes/worktrees/acf4a767348a/01M22JMZFHHKDEBP264VCZFC1C/.local-procevent-validation/baseline/bin/fm-procevent.sh sweep-home
+ true
+ IFS=$'\t'
+ read -r home claim_root
+ rm -f /Users/mremond/.no-mistakes/worktrees/acf4a767348a/01M22JMZFHHKDEBP264VCZFC1C/.local-procevent-validation/tmp/.fm-test-procevent.48399.2rWYWr
+ for d in "${FM_TEST_CLEANUP_DIRS[@]:-}"
+ '[' -n '' ']'
+ '[' -f /Users/mremond/.no-mistakes/worktrees/acf4a767348a/01M22JMZFHHKDEBP264VCZFC1C/.local-procevent-validation/tmp/.fm-test-cleanup.48399.YcXNHJ ']'
+ IFS=
+ read -r d
+ '[' -n /Users/mremond/.no-mistakes/worktrees/acf4a767348a/01M22JMZFHHKDEBP264VCZFC1C/.local-procevent-validation/tmp/fm-procevent-tests.VatGp9 ']'
+ rm -rf /Users/mremond/.no-mistakes/worktrees/acf4a767348a/01M22JMZFHHKDEBP264VCZFC1C/.local-procevent-validation/tmp/fm-procevent-tests.VatGp9
+ IFS=
+ read -r d
+ rm -f /Users/mremond/.no-mistakes/worktrees/acf4a767348a/01M22JMZFHHKDEBP264VCZFC1C/.local-procevent-validation/tmp/.fm-test-cleanup.48399.YcXNHJ
