+ set -u
+ . /Users/mremond/.no-mistakes/worktrees/acf4a767348a/01M22JMZFHHKDEBP264VCZFC1C/tests/lib.sh
++ '[' -n '' ']'
++ FM_TEST_LIB_SOURCED=1
++ umask 022
++ export FM_GATE_REFUSE_BYPASS=1
++ FM_GATE_REFUSE_BYPASS=1
++ unset FM_TASK_ID
++++ dirname /Users/mremond/.no-mistakes/worktrees/acf4a767348a/01M22JMZFHHKDEBP264VCZFC1C/tests/lib.sh
+++ cd /Users/mremond/.no-mistakes/worktrees/acf4a767348a/01M22JMZFHHKDEBP264VCZFC1C/tests/..
+++ pwd
++ ROOT=/Users/mremond/.no-mistakes/worktrees/acf4a767348a/01M22JMZFHHKDEBP264VCZFC1C
++ FM_TEST_CLEANUP_DIRS=()
+++ mktemp /Users/mremond/.no-mistakes/worktrees/acf4a767348a/01M22JMZFHHKDEBP264VCZFC1C/.local-procevent-validation/tmp/.fm-test-cleanup.8821.XXXXXX
++ FM_TEST_CLEANUP_REGISTRY=/Users/mremond/.no-mistakes/worktrees/acf4a767348a/01M22JMZFHHKDEBP264VCZFC1C/.local-procevent-validation/tmp/.fm-test-cleanup.8821.kKXpCk
+++ fm_test_pid_identity 8821
+++ local pid=8821
+++ FM_STATE_OVERRIDE=/Users/mremond/.no-mistakes/worktrees/acf4a767348a/01M22JMZFHHKDEBP264VCZFC1C/.local-procevent-validation/tmp
+++ bash -c '. "$1"; fm_pid_identity "$2"' _ /Users/mremond/.no-mistakes/worktrees/acf4a767348a/01M22JMZFHHKDEBP264VCZFC1C/bin/fm-wake-lib.sh 8821
++ FM_TEST_OWNER_IDENTITY='Wed Sep  9 10:14:10 2026     bash -x /Users/mremond/.no-mistakes/evidence/01M22JMZFHHKDEBP264VCZFC1C/selected-guard-15s.sh'
+++ mktemp /Users/mremond/.no-mistakes/worktrees/acf4a767348a/01M22JMZFHHKDEBP264VCZFC1C/.local-procevent-validation/tmp/.fm-test-procevent.8821.XXXXXX
++ FM_TEST_PROCEVENT_REGISTRY=/Users/mremond/.no-mistakes/worktrees/acf4a767348a/01M22JMZFHHKDEBP264VCZFC1C/.local-procevent-validation/tmp/.fm-test-procevent.8821.8DCVqc
++ FM_TEST_STUB_MAX_BLOCK_SECONDS=300
++ export FM_TEST_STUB_MAX_BLOCK_SECONDS
++ trap fm_test_cleanup EXIT
++ trap 'fm_test_cleanup; exit 130' INT
++ trap 'fm_test_cleanup; exit 143' TERM
++ trap 'fm_test_cleanup; exit 129' HUP
++ trap 'fm_test_cleanup; exit 131' QUIT
++ FM_TEST_ORPHAN_MAX_AGE_SECONDS=3600
++ '[' 0 '!=' 1 ']'
++ fm_test_reap_orphans
++ local marker dir mtime now owner_pid owner_identity current_identity
+++ date +%s
++ now=1788941650
++ for marker in "${TMPDIR:-/tmp}"/fm-*/.fm-test-fixture
++ '[' -e '/Users/mremond/.no-mistakes/worktrees/acf4a767348a/01M22JMZFHHKDEBP264VCZFC1C/.local-procevent-validation/tmp/fm-*/.fm-test-fixture' ']'
++ continue
+ ROOT=/Users/mremond/.no-mistakes/worktrees/acf4a767348a/01M22JMZFHHKDEBP264VCZFC1C/.local-procevent-validation/slow-guard
++ fm_test_tmproot fm-procevent-tests
++ local prefix=fm-procevent-tests root tmp_base
++ tmp_base=/Users/mremond/.no-mistakes/worktrees/acf4a767348a/01M22JMZFHHKDEBP264VCZFC1C/.local-procevent-validation/tmp
++ tmp_base=/Users/mremond/.no-mistakes/worktrees/acf4a767348a/01M22JMZFHHKDEBP264VCZFC1C/.local-procevent-validation/tmp
+++ mktemp -d /Users/mremond/.no-mistakes/worktrees/acf4a767348a/01M22JMZFHHKDEBP264VCZFC1C/.local-procevent-validation/tmp/fm-procevent-tests.XXXXXX
++ root=/Users/mremond/.no-mistakes/worktrees/acf4a767348a/01M22JMZFHHKDEBP264VCZFC1C/.local-procevent-validation/tmp/fm-procevent-tests.NLFBCd
+++ cd -P -- /Users/mremond/.no-mistakes/worktrees/acf4a767348a/01M22JMZFHHKDEBP264VCZFC1C/.local-procevent-validation/tmp/fm-procevent-tests.NLFBCd
+++ pwd -P
++ root=/Users/mremond/.no-mistakes/worktrees/acf4a767348a/01M22JMZFHHKDEBP264VCZFC1C/.local-procevent-validation/tmp/fm-procevent-tests.NLFBCd
++ printf '%s\n%s\n' 8821 'Wed Sep  9 10:14:10 2026     bash -x /Users/mremond/.no-mistakes/evidence/01M22JMZFHHKDEBP264VCZFC1C/selected-guard-15s.sh'
++ printf '%s\n' /Users/mremond/.no-mistakes/worktrees/acf4a767348a/01M22JMZFHHKDEBP264VCZFC1C/.local-procevent-validation/tmp/fm-procevent-tests.NLFBCd
++ printf '%s\n' /Users/mremond/.no-mistakes/worktrees/acf4a767348a/01M22JMZFHHKDEBP264VCZFC1C/.local-procevent-validation/tmp/fm-procevent-tests.NLFBCd
+ TMP_ROOT=/Users/mremond/.no-mistakes/worktrees/acf4a767348a/01M22JMZFHHKDEBP264VCZFC1C/.local-procevent-validation/tmp/fm-procevent-tests.NLFBCd
+ export FM_PROCEVENT_CLAIM_ROOT=/Users/mremond/.no-mistakes/worktrees/acf4a767348a/01M22JMZFHHKDEBP264VCZFC1C/.local-procevent-validation/tmp/fm-procevent-tests.NLFBCd/claims
+ FM_PROCEVENT_CLAIM_ROOT=/Users/mremond/.no-mistakes/worktrees/acf4a767348a/01M22JMZFHHKDEBP264VCZFC1C/.local-procevent-validation/tmp/fm-procevent-tests.NLFBCd/claims
+ BLOCKER=/Users/mremond/.no-mistakes/worktrees/acf4a767348a/01M22JMZFHHKDEBP264VCZFC1C/.local-procevent-validation/tmp/fm-procevent-tests.NLFBCd/blocker.sh
+ cat
+ chmod +x /Users/mremond/.no-mistakes/worktrees/acf4a767348a/01M22JMZFHHKDEBP264VCZFC1C/.local-procevent-validation/tmp/fm-procevent-tests.NLFBCd/blocker.sh
+ QUIET_STUB=/Users/mremond/.no-mistakes/worktrees/acf4a767348a/01M22JMZFHHKDEBP264VCZFC1C/.local-procevent-validation/tmp/fm-procevent-tests.NLFBCd/quiet-stub.sh
+ cat
+ chmod +x /Users/mremond/.no-mistakes/worktrees/acf4a767348a/01M22JMZFHHKDEBP264VCZFC1C/.local-procevent-validation/tmp/fm-procevent-tests.NLFBCd/quiet-stub.sh
+ PROOF_LEASE_SECONDS=15
+ PROOF_CHECK_SECONDS=1
+ SIGNAL_PROOF_STUB=/Users/mremond/.no-mistakes/worktrees/acf4a767348a/01M22JMZFHHKDEBP264VCZFC1C/.local-procevent-validation/tmp/fm-procevent-tests.NLFBCd/signal-proof-stub.sh
+ cat
+ chmod +x /Users/mremond/.no-mistakes/worktrees/acf4a767348a/01M22JMZFHHKDEBP264VCZFC1C/.local-procevent-validation/tmp/fm-procevent-tests.NLFBCd/signal-proof-stub.sh
+ trap 'if [ -n "${GUARD_PID:-}" ]; then ps -o pid=,ppid=,pgid=,stat=,command= -g "$GUARD_PID"; kill -KILL -"$GUARD_PID" 2>/dev/null || true; fi; fm_test_cleanup' EXIT
+ HPGUARD=/Users/mremond/.no-mistakes/worktrees/acf4a767348a/01M22JMZFHHKDEBP264VCZFC1C/.local-procevent-validation/tmp/fm-procevent-tests.NLFBCd/signal-proof-guard
+ new_home /Users/mremond/.no-mistakes/worktrees/acf4a767348a/01M22JMZFHHKDEBP264VCZFC1C/.local-procevent-validation/tmp/fm-procevent-tests.NLFBCd/signal-proof-guard
+ mkdir -p /Users/mremond/.no-mistakes/worktrees/acf4a767348a/01M22JMZFHHKDEBP264VCZFC1C/.local-procevent-validation/tmp/fm-procevent-tests.NLFBCd/signal-proof-guard/state
+ fm_test_track_procevent_home /Users/mremond/.no-mistakes/worktrees/acf4a767348a/01M22JMZFHHKDEBP264VCZFC1C/.local-procevent-validation/tmp/fm-procevent-tests.NLFBCd/signal-proof-guard
+ '[' -n /Users/mremond/.no-mistakes/worktrees/acf4a767348a/01M22JMZFHHKDEBP264VCZFC1C/.local-procevent-validation/tmp/fm-procevent-tests.NLFBCd/signal-proof-guard ']'
+ printf '%s\t%s\n' /Users/mremond/.no-mistakes/worktrees/acf4a767348a/01M22JMZFHHKDEBP264VCZFC1C/.local-procevent-validation/tmp/fm-procevent-tests.NLFBCd/signal-proof-guard ''
+ orphan_pe /Users/mremond/.no-mistakes/worktrees/acf4a767348a/01M22JMZFHHKDEBP264VCZFC1C/.local-procevent-validation/tmp/fm-procevent-tests.NLFBCd/signal-proof-guard register lavish proof-guard-src -- /Users/mremond/.no-mistakes/worktrees/acf4a767348a/01M22JMZFHHKDEBP264VCZFC1C/.local-procevent-validation/tmp/fm-procevent-tests.NLFBCd/signal-proof-stub.sh /Users/mremond/.no-mistakes/worktrees/acf4a767348a/01M22JMZFHHKDEBP264VCZFC1C/.local-procevent-validation/tmp/fm-procevent-tests.NLFBCd/proof-guard
+ local home=/Users/mremond/.no-mistakes/worktrees/acf4a767348a/01M22JMZFHHKDEBP264VCZFC1C/.local-procevent-validation/tmp/fm-procevent-tests.NLFBCd/signal-proof-guard
+ shift
+ FM_PROCEVENT_OWNER_LEASE_SECONDS=15
+ FM_PROCEVENT_OWNER_CHECK_SECONDS=1
+ FM_HOME=/Users/mremond/.no-mistakes/worktrees/acf4a767348a/01M22JMZFHHKDEBP264VCZFC1C/.local-procevent-validation/tmp/fm-procevent-tests.NLFBCd/signal-proof-guard
+ /Users/mremond/.no-mistakes/worktrees/acf4a767348a/01M22JMZFHHKDEBP264VCZFC1C/.local-procevent-validation/slow-guard/bin/fm-procevent.sh register lavish proof-guard-src -- /Users/mremond/.no-mistakes/worktrees/acf4a767348a/01M22JMZFHHKDEBP264VCZFC1C/.local-procevent-validation/tmp/fm-procevent-tests.NLFBCd/signal-proof-stub.sh /Users/mremond/.no-mistakes/worktrees/acf4a767348a/01M22JMZFHHKDEBP264VCZFC1C/.local-procevent-validation/tmp/fm-procevent-tests.NLFBCd/proof-guard
+ orphan_pe /Users/mremond/.no-mistakes/worktrees/acf4a767348a/01M22JMZFHHKDEBP264VCZFC1C/.local-procevent-validation/tmp/fm-procevent-tests.NLFBCd/signal-proof-guard reconcile
+ local home=/Users/mremond/.no-mistakes/worktrees/acf4a767348a/01M22JMZFHHKDEBP264VCZFC1C/.local-procevent-validation/tmp/fm-procevent-tests.NLFBCd/signal-proof-guard
+ shift
+ FM_PROCEVENT_OWNER_LEASE_SECONDS=15
+ FM_PROCEVENT_OWNER_CHECK_SECONDS=1
+ FM_HOME=/Users/mremond/.no-mistakes/worktrees/acf4a767348a/01M22JMZFHHKDEBP264VCZFC1C/.local-procevent-validation/tmp/fm-procevent-tests.NLFBCd/signal-proof-guard
+ /Users/mremond/.no-mistakes/worktrees/acf4a767348a/01M22JMZFHHKDEBP264VCZFC1C/.local-procevent-validation/slow-guard/bin/fm-procevent.sh reconcile
+ deadline=69
+ '[' -s /Users/mremond/.no-mistakes/worktrees/acf4a767348a/01M22JMZFHHKDEBP264VCZFC1C/.local-procevent-validation/tmp/fm-procevent-tests.NLFBCd/signal-proof-guard/state/procevent/proof-guard-src.runner ']'
+ '[' 9 -lt 69 ']'
+ orphan_pe /Users/mremond/.no-mistakes/worktrees/acf4a767348a/01M22JMZFHHKDEBP264VCZFC1C/.local-procevent-validation/tmp/fm-procevent-tests.NLFBCd/signal-proof-guard reconcile
+ sleep 0.25
+ '[' -s /Users/mremond/.no-mistakes/worktrees/acf4a767348a/01M22JMZFHHKDEBP264VCZFC1C/.local-procevent-validation/tmp/fm-procevent-tests.NLFBCd/signal-proof-guard/state/procevent/proof-guard-src.runner ']'
+ '[' 14 -lt 69 ']'
+ orphan_pe /Users/mremond/.no-mistakes/worktrees/acf4a767348a/01M22JMZFHHKDEBP264VCZFC1C/.local-procevent-validation/tmp/fm-procevent-tests.NLFBCd/signal-proof-guard reconcile
+ sleep 0.25
+ '[' -s /Users/mremond/.no-mistakes/worktrees/acf4a767348a/01M22JMZFHHKDEBP264VCZFC1C/.local-procevent-validation/tmp/fm-procevent-tests.NLFBCd/signal-proof-guard/state/procevent/proof-guard-src.runner ']'
+ '[' 22 -lt 69 ']'
+ orphan_pe /Users/mremond/.no-mistakes/worktrees/acf4a767348a/01M22JMZFHHKDEBP264VCZFC1C/.local-procevent-validation/tmp/fm-procevent-tests.NLFBCd/signal-proof-guard reconcile
+ sleep 0.25
+ '[' -s /Users/mremond/.no-mistakes/worktrees/acf4a767348a/01M22JMZFHHKDEBP264VCZFC1C/.local-procevent-validation/tmp/fm-procevent-tests.NLFBCd/signal-proof-guard/state/procevent/proof-guard-src.runner ']'
+ '[' -s /Users/mremond/.no-mistakes/worktrees/acf4a767348a/01M22JMZFHHKDEBP264VCZFC1C/.local-procevent-validation/tmp/fm-procevent-tests.NLFBCd/proof-guard.child ']'
++ cat /Users/mremond/.no-mistakes/worktrees/acf4a767348a/01M22JMZFHHKDEBP264VCZFC1C/.local-procevent-validation/tmp/fm-procevent-tests.NLFBCd/signal-proof-guard/state/procevent/proof-guard-src.runner
+ GUARD_PID=24407
++ cat /Users/mremond/.no-mistakes/worktrees/acf4a767348a/01M22JMZFHHKDEBP264VCZFC1C/.local-procevent-validation/tmp/fm-procevent-tests.NLFBCd/proof-guard.child
+ GUARD_CHILD=51809
+ guard_bound=21
+ deadline=68
+ guard_started=26
+ kill -0 -24407
+ '[' 26 -lt 68 ']'
+ sleep 0.5
+ kill -0 -24407
+ '[' 27 -lt 68 ']'
+ sleep 0.5
+ kill -0 -24407
+ '[' 28 -lt 68 ']'
+ sleep 0.5
+ kill -0 -24407
+ '[' 29 -lt 68 ']'
+ sleep 0.5
+ kill -0 -24407
+ '[' 29 -lt 68 ']'
+ sleep 0.5
+ kill -0 -24407
+ '[' 30 -lt 68 ']'
+ sleep 0.5
+ kill -0 -24407
+ '[' 31 -lt 68 ']'
+ sleep 0.5
+ kill -0 -24407
+ '[' 31 -lt 68 ']'
+ sleep 0.5
+ kill -0 -24407
+ '[' 32 -lt 68 ']'
+ sleep 0.5
+ kill -0 -24407
+ '[' 33 -lt 68 ']'
+ sleep 0.5
+ kill -0 -24407
+ '[' 33 -lt 68 ']'
+ sleep 0.5
+ kill -0 -24407
+ '[' 34 -lt 68 ']'
+ sleep 0.5
+ kill -0 -24407
+ '[' 35 -lt 68 ']'
+ sleep 0.5
+ kill -0 -24407
+ '[' 35 -lt 68 ']'
+ sleep 0.5
+ kill -0 -24407
+ '[' 36 -lt 68 ']'
+ sleep 0.5
+ kill -0 -24407
+ '[' 37 -lt 68 ']'
+ sleep 0.5
+ kill -0 -24407
+ '[' 38 -lt 68 ']'
+ sleep 0.5
+ kill -0 -24407
+ '[' 38 -lt 68 ']'
+ sleep 0.5
+ kill -0 -24407
+ '[' 39 -lt 68 ']'
+ sleep 0.5
+ kill -0 -24407
+ '[' 40 -lt 68 ']'
+ sleep 0.5
+ kill -0 -24407
+ '[' 41 -lt 68 ']'
+ sleep 0.5
+ kill -0 -24407
+ '[' 41 -lt 68 ']'
+ sleep 0.5
+ kill -0 -24407
+ '[' 42 -lt 68 ']'
+ sleep 0.5
+ kill -0 -24407
+ '[' 43 -lt 68 ']'
+ sleep 0.5
+ kill -0 -24407
+ '[' 43 -lt 68 ']'
+ sleep 0.5
+ kill -0 -24407
+ '[' 44 -lt 68 ']'
+ sleep 0.5
+ kill -0 -24407
+ '[' 45 -lt 68 ']'
+ sleep 0.5
+ kill -0 -24407
+ '[' 45 -lt 68 ']'
+ sleep 0.5
+ kill -0 -24407
+ '[' 46 -lt 68 ']'
+ sleep 0.5
+ kill -0 -24407
+ '[' 47 -lt 68 ']'
+ sleep 0.5
+ kill -0 -24407
+ '[' 47 -lt 68 ']'
+ sleep 0.5
+ kill -0 -24407
+ '[' 48 -lt 68 ']'
+ sleep 0.5
+ kill -0 -24407
+ '[' 49 -lt 68 ']'
+ sleep 0.5
+ kill -0 -24407
+ '[' 49 -lt 68 ']'
+ sleep 0.5
+ kill -0 -24407
+ '[' 50 -lt 68 ']'
+ sleep 0.5
+ kill -0 -24407
+ '[' 51 -lt 68 ']'
+ sleep 0.5
+ kill -0 -24407
+ '[' 52 -lt 68 ']'
+ sleep 0.5
+ kill -0 -24407
+ '[' 53 -lt 68 ']'
+ sleep 0.5
+ kill -0 -24407
+ '[' 53 -lt 68 ']'
+ sleep 0.5
+ kill -0 -24407
+ '[' 54 -lt 68 ']'
+ sleep 0.5
+ kill -0 -24407
+ '[' 55 -lt 68 ']'
+ sleep 0.5
+ kill -0 -24407
+ '[' 56 -lt 68 ']'
+ sleep 0.5
+ kill -0 -24407
+ '[' 56 -lt 68 ']'
+ sleep 0.5
+ kill -0 -24407
+ '[' 57 -lt 68 ']'
+ sleep 0.5
+ kill -0 -24407
+ '[' 58 -lt 68 ']'
+ sleep 0.5
+ kill -0 -24407
+ '[' 59 -lt 68 ']'
+ sleep 0.5
+ kill -0 -24407
+ '[' 60 -lt 68 ']'
+ sleep 0.5
+ kill -0 -24407
+ '[' 60 -lt 68 ']'
+ sleep 0.5
+ kill -0 -24407
+ '[' 61 -lt 68 ']'
+ sleep 0.5
+ kill -0 -24407
+ '[' 62 -lt 68 ']'
+ sleep 0.5
+ kill -0 -24407
+ '[' 63 -lt 68 ']'
+ sleep 0.5
+ kill -0 -24407
+ '[' 63 -lt 68 ']'
+ sleep 0.5
+ kill -0 -24407
+ '[' 64 -lt 68 ']'
+ sleep 0.5
+ kill -0 -24407
+ '[' 65 -lt 68 ']'
+ sleep 0.5
+ kill -0 -24407
+ '[' 66 -lt 68 ']'
+ sleep 0.5
+ kill -0 -24407
+ '[' 66 -lt 68 ']'
+ sleep 0.5
+ kill -0 -24407
+ '[' 67 -lt 68 ']'
+ sleep 0.5
+ kill -0 -24407
+ '[' 68 -lt 68 ']'
+ fail 'the guard exceeded its bound: still holding the group after 42s, against a documented bound of 21s'
+ printf 'not ok - %s\n' 'the guard exceeded its bound: still holding the group after 42s, against a documented bound of 21s'
not ok - the guard exceeded its bound: still holding the group after 42s, against a documented bound of 21s
+ exit 1
+ '[' -n 24407 ']'
+ ps -o pid=,ppid=,pgid=,stat=,command= -g 24407
24407     1 24407 S    bash /Users/mremond/.no-mistakes/worktrees/acf4a767348a/01M22JMZFHHKDEBP264VCZFC1C/.local-procevent-validation/slow-guard/bin/fm-procevent.sh _start proof-guard-src
34566 51809 24407 S    sleep 0.1
51809 24407 24407 S    bash /Users/mremond/.no-mistakes/worktrees/acf4a767348a/01M22JMZFHHKDEBP264VCZFC1C/.local-procevent-validation/tmp/fm-procevent-tests.NLFBCd/signal-proof-stub.sh /Users/mremond/.no-mistakes/worktrees/acf4a767348a/01M22JMZFHHKDEBP264VCZFC1C/.local-procevent-validation/tmp/fm-procevent-tests.NLFBCd/proof-guard
53399 24407 24407 S    perl -e \012      use strict;\012      use warnings;\012      my $limit = shift;\012      my ($written, $truncated) = (0, 0);\012      while (1) {\012        my $count = sysread(STDIN, my $buffer, 65536);\012        exit 2 unless defined $count;\012        last if $count == 0;\012        my $take = $written < $limit ? $limit - $written : 0;\012        $take = $count if $take > $count;\012        if ($take > 0) {\012          my $offset = 0;\012          while ($offset < $take) {\012            my $count_written = syswrite(STDOUT, $buffer, $take - $offset, $offset);\012            exit 2 unless defined $count_written;\012            $offset += $count_written;\012          }\012          $written += $take;\012        }\012        $truncated = 1 if $take < $count;\012      }\012      exit($truncated ? 3 : 0);\012     1048576
+ kill -KILL -24407
+ fm_test_cleanup
+ local d
+ fm_test_reap_procevent_homes
+ local home claim_root $'seen=\n'
+ '[' -f /Users/mremond/.no-mistakes/worktrees/acf4a767348a/01M22JMZFHHKDEBP264VCZFC1C/.local-procevent-validation/tmp/.fm-test-procevent.8821.8DCVqc ']'
+ IFS=$'\t'
+ read -r home claim_root
+ '[' -n /Users/mremond/.no-mistakes/worktrees/acf4a767348a/01M22JMZFHHKDEBP264VCZFC1C/.local-procevent-validation/tmp/fm-procevent-tests.NLFBCd/signal-proof-guard ']'
+ case "$seen" in
+ seen+=$'/Users/mremond/.no-mistakes/worktrees/acf4a767348a/01M22JMZFHHKDEBP264VCZFC1C/.local-procevent-validation/tmp/fm-procevent-tests.NLFBCd/signal-proof-guard\n'
+ '[' -d /Users/mremond/.no-mistakes/worktrees/acf4a767348a/01M22JMZFHHKDEBP264VCZFC1C/.local-procevent-validation/tmp/fm-procevent-tests.NLFBCd/signal-proof-guard/state/procevent ']'
+ '[' -n '' ']'
+ FM_HOME=/Users/mremond/.no-mistakes/worktrees/acf4a767348a/01M22JMZFHHKDEBP264VCZFC1C/.local-procevent-validation/tmp/fm-procevent-tests.NLFBCd/signal-proof-guard
+ FM_STATE_OVERRIDE=/Users/mremond/.no-mistakes/worktrees/acf4a767348a/01M22JMZFHHKDEBP264VCZFC1C/.local-procevent-validation/tmp/fm-procevent-tests.NLFBCd/signal-proof-guard/state
+ /Users/mremond/.no-mistakes/worktrees/acf4a767348a/01M22JMZFHHKDEBP264VCZFC1C/.local-procevent-validation/slow-guard/bin/fm-procevent.sh sweep-home
+ true
+ IFS=$'\t'
+ read -r home claim_root
+ rm -f /Users/mremond/.no-mistakes/worktrees/acf4a767348a/01M22JMZFHHKDEBP264VCZFC1C/.local-procevent-validation/tmp/.fm-test-procevent.8821.8DCVqc
+ for d in "${FM_TEST_CLEANUP_DIRS[@]:-}"
+ '[' -n '' ']'
+ '[' -f /Users/mremond/.no-mistakes/worktrees/acf4a767348a/01M22JMZFHHKDEBP264VCZFC1C/.local-procevent-validation/tmp/.fm-test-cleanup.8821.kKXpCk ']'
+ IFS=
+ read -r d
+ '[' -n /Users/mremond/.no-mistakes/worktrees/acf4a767348a/01M22JMZFHHKDEBP264VCZFC1C/.local-procevent-validation/tmp/fm-procevent-tests.NLFBCd ']'
+ rm -rf /Users/mremond/.no-mistakes/worktrees/acf4a767348a/01M22JMZFHHKDEBP264VCZFC1C/.local-procevent-validation/tmp/fm-procevent-tests.NLFBCd
+ IFS=
+ read -r d
+ rm -f /Users/mremond/.no-mistakes/worktrees/acf4a767348a/01M22JMZFHHKDEBP264VCZFC1C/.local-procevent-validation/tmp/.fm-test-cleanup.8821.kKXpCk
