
SCENARIO: Expired blocked source is reaped by its owner guard
$ FM_HOME=blocked-expiry fm-procevent.sh register lavish live-blocked-expiry -- /Users/mremond/.no-mistakes/evidence/01M2414ECRE7T77CAXN49RSA2F/deferred-poll.sh /Users/mremond/.no-mistakes/worktrees/acf4a767348a/01M2414ECRE7T77CAXN49RSA2F/.test-phase-tmp/live-cli/blocked-expiry/poll /Users/mremond/.no-mistakes/worktrees/acf4a767348a/01M2414ECRE7T77CAXN49RSA2F/.test-phase-tmp/live-cli/follow.log
registered: live-blocked-expiry (lavish) [exit 0]
$ FM_HOME=blocked-expiry fm-procevent.sh reconcile
reconciled: published=0 started=1 stopped=0 uncertain=0 [exit 0]
Expired-owner test with genuinely blocked foreground child
(46757, 1, 46757, 'S', 'bash /Users/mremond/.no-mistakes/worktrees/acf4a767348a/01M2414ECRE7T77CAXN49RSA2F/bin/fm-procevent.sh _start live-blocked-expiry')
(48539, 1, 48539, 'S', 'bash /Users/mremond/.no-mistakes/worktrees/acf4a767348a/01M2414ECRE7T77CAXN49RSA2F/bin/fm-procevent.sh _owner-watchdog live-blocked-expiry 46757 Wed Sep  9 23:40:43 2026     bash /Users/mremond/.no-mistakes/worktrees/acf4a767348a/01M2414ECRE7T77CAXN49RSA2F/bin/fm-procevent.sh _start live-blocked-expiry /Users/mremond/.no-mistakes/worktrees/acf4a767348a/01M2414ECRE7T77CAXN49RSA2F/.test-phase-tmp/live-cli/blocked-expiry/state/procevent/.owner-guard-ready.t3iOGy 16777234 54005936')
(50279, 46757, 46757, 'S', '/bin/bash /Users/mremond/.no-mistakes/evidence/01M2414ECRE7T77CAXN49RSA2F/deferred-poll.sh /Users/mremond/.no-mistakes/worktrees/acf4a767348a/01M2414ECRE7T77CAXN49RSA2F/.test-phase-tmp/live-cli/blocked-expiry/poll /Users/mremond/.no-mistakes/worktrees/acf4a767348a/01M2414ECRE7T77CAXN49RSA2F/.test-phase-tmp/live-cli/follow.log')
(50376, 46757, 46757, 'S', 'perl -e \\012      use strict;\\012      use warnings;\\012      my $limit = shift;\\012      my ($written, $truncated) = (0, 0);\\012      while (1) {\\012        my $count = sysread(STDIN, my $buffer, 65536);\\012        exit 2 unless defined $count;\\012        last if $count == 0;\\012        my $take = $written < $limit ? $limit - $written : 0;\\012        $take = $count if $take > $count;\\012        if ($take > 0) {\\012          my $offset = 0;\\012          while ($offset < $take) {\\012            my $count_written = syswrite(STDOUT, $buffer, $take - $offset, $offset);\\012            exit 2 unless defined $count_written;\\012            $offset += $count_written;\\012          }\\012          $written += $take;\\012        }\\012        $truncated = 1 if $take < $count;\\012      }\\012      exit($truncated ? 3 : 0);\\012     1048576')
(50436, 50279, 46757, 'S', '/usr/bin/tail -f /Users/mremond/.no-mistakes/worktrees/acf4a767348a/01M2414ECRE7T77CAXN49RSA2F/.test-phase-tmp/live-cli/follow.log')
Guard TERM ended runner 46757, blocked tail 50436 still alive
Blocked orphan group gone 11.529s after last owner activity; bound=2+1+4+4=11s plus 2s additive slack
$ FM_HOME=blocked-expiry fm-procevent.sh retire live-blocked-expiry
retired: live-blocked-expiry [exit 0]
OBSERVED: Owner expiry triggered TERM then KILL; blocked child and group gone after 11.529s

SCENARIO: Reconcile stops blocked unregistered source before re-registration
$ FM_HOME=reconcile-stop fm-procevent.sh register lavish live-reconcile -- /Users/mremond/.no-mistakes/evidence/01M2414ECRE7T77CAXN49RSA2F/deferred-poll.sh /Users/mremond/.no-mistakes/worktrees/acf4a767348a/01M2414ECRE7T77CAXN49RSA2F/.test-phase-tmp/live-cli/reconcile-stop/poll /Users/mremond/.no-mistakes/worktrees/acf4a767348a/01M2414ECRE7T77CAXN49RSA2F/.test-phase-tmp/live-cli/follow.log
registered: live-reconcile (lavish) [exit 0]
$ FM_HOME=reconcile-stop fm-procevent.sh reconcile
reconciled: published=0 started=1 stopped=0 uncertain=0 [exit 0]
$ FM_HOME=reconcile-stop fm-procevent.sh reconcile
reconciled: published=0 started=0 stopped=1 uncertain=0 [exit 0]
$ FM_HOME=reconcile-stop fm-procevent.sh register lavish live-reconcile -- /usr/bin/tail -f /Users/mremond/.no-mistakes/worktrees/acf4a767348a/01M2414ECRE7T77CAXN49RSA2F/.test-phase-tmp/live-cli/follow.log
registered: live-reconcile (lavish) [exit 0]
$ FM_HOME=reconcile-stop fm-procevent.sh reconcile
reconciled: published=0 started=1 stopped=0 uncertain=0 [exit 0]
$ FM_HOME=reconcile-stop fm-procevent.sh retire live-reconcile
retired: live-reconcile [exit 0]
OBSERVED: Reconcile stopped blocked unregistered group in 5.153s; later re-registration started one new generation after old group extinction

SCENARIO: Unproved cold leaderless group is refused without signalling
$ FM_HOME=cold-leaderless fm-procevent.sh register lavish live-cold -- /usr/bin/tail -f /Users/mremond/.no-mistakes/worktrees/acf4a767348a/01M2414ECRE7T77CAXN49RSA2F/.test-phase-tmp/live-cli/follow.log
registered: live-cold (lavish) [exit 0]
$ FM_HOME=cold-leaderless fm-procevent.sh reconcile
reconciled: published=0 started=1 stopped=0 uncertain=0 [exit 0]
$ FM_HOME=cold-leaderless fm-procevent.sh retire live-cold
error: cannot confirm runner identity; source remains registered: live-cold [exit 1]
Unproved surviving group untouched after retirement refusal
(74625, 1, 74625, 'S', 'bash /Users/mremond/.no-mistakes/worktrees/acf4a767348a/01M2414ECRE7T77CAXN49RSA2F/bin/fm-procevent.sh _owner-watchdog live-cold 74251 Wed Sep  9 23:41:05 2026     bash /Users/mremond/.no-mistakes/worktrees/acf4a767348a/01M2414ECRE7T77CAXN49RSA2F/bin/fm-procevent.sh _start live-cold /Users/mremond/.no-mistakes/worktrees/acf4a767348a/01M2414ECRE7T77CAXN49RSA2F/.test-phase-tmp/live-cli/cold-leaderless/state/procevent/.owner-guard-ready.4O2ZP4 16777234 54006467')
(75203, 1, 74251, 'S', '/usr/bin/tail -f /Users/mremond/.no-mistakes/worktrees/acf4a767348a/01M2414ECRE7T77CAXN49RSA2F/.test-phase-tmp/live-cli/follow.log')
(75363, 1, 74251, 'S', 'perl -e \\012      use strict;\\012      use warnings;\\012      my $limit = shift;\\012      my ($written, $truncated) = (0, 0);\\012      while (1) {\\012        my $count = sysread(STDIN, my $buffer, 65536);\\012        exit 2 unless defined $count;\\012        last if $count == 0;\\012        my $take = $written < $limit ? $limit - $written : 0;\\012        $take = $count if $take > $count;\\012        if ($take > 0) {\\012          my $offset = 0;\\012          while ($offset < $take) {\\012            my $count_written = syswrite(STDOUT, $buffer, $take - $offset, $offset);\\012            exit 2 unless defined $count_written;\\012            $offset += $count_written;\\012          }\\012          $written += $take;\\012        }\\012        $truncated = 1 if $take < $count;\\012      }\\012      exit($truncated ? 3 : 0);\\012     1048576')
$ FM_HOME=cold-leaderless fm-procevent.sh retire live-cold
retired: live-cold [exit 0]
OBSERVED: Unrelated leader death refused retirement, preserved registration, and left the unproved group untouched; test owner then cleaned it up
Remaining processes referencing the isolated test home: []
