$ FM_HOME=/Users/mremond/.no-mistakes/worktrees/acf4a767348a/01M22JMZFHHKDEBP264VCZFC1C/.local-procevent-validation/manual-v3/mismatched-live fm-procevent.sh register lavish mismatched-live -- /bin/sleep 180
registered: mismatched-live (lavish)
[exit=0, elapsed=0.876s]
START mismatched-live 16260     1 16260 S    bash /Users/mremond/.no-mistakes/worktrees/acf4a767348a/01M22JMZFHHKDEBP264VCZFC1C/bin/fm-procevent.sh _start mismatched-live
$ FM_HOME=/Users/mremond/.no-mistakes/worktrees/acf4a767348a/01M22JMZFHHKDEBP264VCZFC1C/.local-procevent-validation/manual-v3/mismatched-live fm-procevent.sh retire mismatched-live
error: cannot confirm runner identity; source remains registered: mismatched-live
[exit=1, elapsed=71.152s]
Unproved first signal: group_alive=True, registration_exists=True, claim_unchanged=True
SCENARIO PASSED: mismatched-live
Traceback (most recent call last):
  File "/Users/mremond/.no-mistakes/evidence/01M22JMZFHHKDEBP264VCZFC1C/manual-cli-v3.py", line 11, in alive
    try: os.kill(pid,0); return True
         ~~~~~~~^^^^^^^
PermissionError: [Errno 1] Operation not permitted

During handling of the above exception, another exception occurred:

Traceback (most recent call last):
  File "/Users/mremond/.no-mistakes/evidence/01M22JMZFHHKDEBP264VCZFC1C/manual-cli-v3.py", line 114, in <module>
    if h: cleanup(h,pid,launch,log)
          ~~~~~~~^^^^^^^^^^^^^^^^^^
  File "/Users/mremond/.no-mistakes/evidence/01M22JMZFHHKDEBP264VCZFC1C/manual-cli-v3.py", line 59, in cleanup
    wait_for(lambda:not alive(-pid),20)
    ~~~~~~~~^^^^^^^^^^^^^^^^^^^^^^^^^^^
  File "/Users/mremond/.no-mistakes/evidence/01M22JMZFHHKDEBP264VCZFC1C/manual-cli-v3.py", line 21, in wait_for
    if f(): return
       ~^^
  File "/Users/mremond/.no-mistakes/evidence/01M22JMZFHHKDEBP264VCZFC1C/manual-cli-v3.py", line 59, in <lambda>
    wait_for(lambda:not alive(-pid),20)
                        ~~~~~^^^^^^
  File "/Users/mremond/.no-mistakes/evidence/01M22JMZFHHKDEBP264VCZFC1C/manual-cli-v3.py", line 15, in alive
    out=subprocess.check_output(['/bin/ps','-o','pid=','-g' if pid<0 else '-p',str(abs(pid))],text=True)
  File "/opt/homebrew/Cellar/python@3.14/3.14.4/Frameworks/Python.framework/Versions/3.14/lib/python3.14/subprocess.py", line 473, in check_output
    return run(*popenargs, stdout=PIPE, timeout=timeout, check=True,
           ~~~^^^^^^^^^^^^^^^^^^^^^^^^^^^^^^^^^^^^^^^^^^^^^^^^^^^^^^
               **kwargs).stdout
               ^^^^^^^^^
  File "/opt/homebrew/Cellar/python@3.14/3.14.4/Frameworks/Python.framework/Versions/3.14/lib/python3.14/subprocess.py", line 578, in run
    raise CalledProcessError(retcode, process.args,
                             output=stdout, stderr=stderr)
subprocess.CalledProcessError: Command '['/bin/ps', '-o', 'pid=', '-g', '16260']' returned non-zero exit status 1.
