+ set -u
+ . /Users/mremond/.no-mistakes/worktrees/acf4a767348a/01M22JMZFHHKDEBP264VCZFC1C/tests/lib.sh
++ '[' -n '' ']'
++ FM_TEST_LIB_SOURCED=1
++ umask 022
++ export FM_GATE_REFUSE_BYPASS=1
++ FM_GATE_REFUSE_BYPASS=1
++ unset FM_TASK_ID
++++ dirname /Users/mremond/.no-mistakes/worktrees/acf4a767348a/01M22JMZFHHKDEBP264VCZFC1C/tests/lib.sh
+++ cd /Users/mremond/.no-mistakes/worktrees/acf4a767348a/01M22JMZFHHKDEBP264VCZFC1C/tests/..
+++ pwd
++ ROOT=/Users/mremond/.no-mistakes/worktrees/acf4a767348a/01M22JMZFHHKDEBP264VCZFC1C
++ FM_TEST_CLEANUP_DIRS=()
+++ mktemp /Users/mremond/.no-mistakes/worktrees/acf4a767348a/01M22JMZFHHKDEBP264VCZFC1C/.local-procevent-validation/tmp/.fm-test-cleanup.32697.XXXXXX
++ FM_TEST_CLEANUP_REGISTRY=/Users/mremond/.no-mistakes/worktrees/acf4a767348a/01M22JMZFHHKDEBP264VCZFC1C/.local-procevent-validation/tmp/.fm-test-cleanup.32697.EiaCqW
+++ fm_test_pid_identity 32697
+++ local pid=32697
+++ FM_STATE_OVERRIDE=/Users/mremond/.no-mistakes/worktrees/acf4a767348a/01M22JMZFHHKDEBP264VCZFC1C/.local-procevent-validation/tmp
+++ bash -c '. "$1"; fm_pid_identity "$2"' _ /Users/mremond/.no-mistakes/worktrees/acf4a767348a/01M22JMZFHHKDEBP264VCZFC1C/bin/fm-wake-lib.sh 32697
++ FM_TEST_OWNER_IDENTITY='Wed Sep  9 10:06:11 2026     bash -x /Users/mremond/.no-mistakes/evidence/01M22JMZFHHKDEBP264VCZFC1C/selected-guard.sh'
+++ mktemp /Users/mremond/.no-mistakes/worktrees/acf4a767348a/01M22JMZFHHKDEBP264VCZFC1C/.local-procevent-validation/tmp/.fm-test-procevent.32697.XXXXXX
++ FM_TEST_PROCEVENT_REGISTRY=/Users/mremond/.no-mistakes/worktrees/acf4a767348a/01M22JMZFHHKDEBP264VCZFC1C/.local-procevent-validation/tmp/.fm-test-procevent.32697.oWVS6e
++ FM_TEST_STUB_MAX_BLOCK_SECONDS=120
++ export FM_TEST_STUB_MAX_BLOCK_SECONDS
++ trap fm_test_cleanup EXIT
++ trap 'fm_test_cleanup; exit 130' INT
++ trap 'fm_test_cleanup; exit 143' TERM
++ trap 'fm_test_cleanup; exit 129' HUP
++ trap 'fm_test_cleanup; exit 131' QUIT
++ FM_TEST_ORPHAN_MAX_AGE_SECONDS=3600
++ '[' 0 '!=' 1 ']'
++ fm_test_reap_orphans
++ local marker dir mtime now owner_pid owner_identity current_identity
+++ date +%s
++ now=1788941176
++ for marker in "${TMPDIR:-/tmp}"/fm-*/.fm-test-fixture
++ '[' -e /Users/mremond/.no-mistakes/worktrees/acf4a767348a/01M22JMZFHHKDEBP264VCZFC1C/.local-procevent-validation/tmp/fm-procevent-tests.YuOJgc/.fm-test-fixture ']'
+++ sed -n 1p /Users/mremond/.no-mistakes/worktrees/acf4a767348a/01M22JMZFHHKDEBP264VCZFC1C/.local-procevent-validation/tmp/fm-procevent-tests.YuOJgc/.fm-test-fixture
++ owner_pid=29564
+++ sed -n '2,$p' /Users/mremond/.no-mistakes/worktrees/acf4a767348a/01M22JMZFHHKDEBP264VCZFC1C/.local-procevent-validation/tmp/fm-procevent-tests.YuOJgc/.fm-test-fixture
++ owner_identity='Wed Sep  9 10:06:09 2026     bash -x /Users/mremond/.no-mistakes/evidence/01M22JMZFHHKDEBP264VCZFC1C/selected-healthy.sh'
++ case "$owner_pid" in
+++ fm_test_pid_identity 29564
++ current_identity='Wed Sep  9 10:06:09 2026     bash -x /Users/mremond/.no-mistakes/evidence/01M22JMZFHHKDEBP264VCZFC1C/selected-healthy.sh'
++ '[' -n 'Wed Sep  9 10:06:09 2026     bash -x /Users/mremond/.no-mistakes/evidence/01M22JMZFHHKDEBP264VCZFC1C/selected-healthy.sh' ']'
++ '[' 'Wed Sep  9 10:06:09 2026     bash -x /Users/mremond/.no-mistakes/evidence/01M22JMZFHHKDEBP264VCZFC1C/selected-healthy.sh' = 'Wed Sep  9 10:06:09 2026     bash -x /Users/mremond/.no-mistakes/evidence/01M22JMZFHHKDEBP264VCZFC1C/selected-healthy.sh' ']'
++ continue
++ for marker in "${TMPDIR:-/tmp}"/fm-*/.fm-test-fixture
++ '[' -e /Users/mremond/.no-mistakes/worktrees/acf4a767348a/01M22JMZFHHKDEBP264VCZFC1C/.local-procevent-validation/tmp/fm-procevent-tests.hCGi6D/.fm-test-fixture ']'
+++ sed -n 1p /Users/mremond/.no-mistakes/worktrees/acf4a767348a/01M22JMZFHHKDEBP264VCZFC1C/.local-procevent-validation/tmp/fm-procevent-tests.hCGi6D/.fm-test-fixture
++ owner_pid=17438
+++ sed -n '2,$p' /Users/mremond/.no-mistakes/worktrees/acf4a767348a/01M22JMZFHHKDEBP264VCZFC1C/.local-procevent-validation/tmp/fm-procevent-tests.hCGi6D/.fm-test-fixture
++ owner_identity='Wed Sep  9 10:03:59 2026     bash -x /Users/mremond/.no-mistakes/evidence/01M22JMZFHHKDEBP264VCZFC1C/selected-core.sh'
++ case "$owner_pid" in
+++ fm_test_pid_identity 17438
++ current_identity='Wed Sep  9 10:03:59 2026     bash -x /Users/mremond/.no-mistakes/evidence/01M22JMZFHHKDEBP264VCZFC1C/selected-core.sh'
++ '[' -n 'Wed Sep  9 10:03:59 2026     bash -x /Users/mremond/.no-mistakes/evidence/01M22JMZFHHKDEBP264VCZFC1C/selected-core.sh' ']'
++ '[' 'Wed Sep  9 10:03:59 2026     bash -x /Users/mremond/.no-mistakes/evidence/01M22JMZFHHKDEBP264VCZFC1C/selected-core.sh' = 'Wed Sep  9 10:03:59 2026     bash -x /Users/mremond/.no-mistakes/evidence/01M22JMZFHHKDEBP264VCZFC1C/selected-core.sh' ']'
++ continue
+ ROOT=/Users/mremond/.no-mistakes/worktrees/acf4a767348a/01M22JMZFHHKDEBP264VCZFC1C/.local-procevent-validation/no-escalation
++ fm_test_tmproot fm-procevent-tests
++ local prefix=fm-procevent-tests root tmp_base
++ tmp_base=/Users/mremond/.no-mistakes/worktrees/acf4a767348a/01M22JMZFHHKDEBP264VCZFC1C/.local-procevent-validation/tmp
++ tmp_base=/Users/mremond/.no-mistakes/worktrees/acf4a767348a/01M22JMZFHHKDEBP264VCZFC1C/.local-procevent-validation/tmp
+++ mktemp -d /Users/mremond/.no-mistakes/worktrees/acf4a767348a/01M22JMZFHHKDEBP264VCZFC1C/.local-procevent-validation/tmp/fm-procevent-tests.XXXXXX
++ root=/Users/mremond/.no-mistakes/worktrees/acf4a767348a/01M22JMZFHHKDEBP264VCZFC1C/.local-procevent-validation/tmp/fm-procevent-tests.v9k8qf
+++ cd -P -- /Users/mremond/.no-mistakes/worktrees/acf4a767348a/01M22JMZFHHKDEBP264VCZFC1C/.local-procevent-validation/tmp/fm-procevent-tests.v9k8qf
+++ pwd -P
++ root=/Users/mremond/.no-mistakes/worktrees/acf4a767348a/01M22JMZFHHKDEBP264VCZFC1C/.local-procevent-validation/tmp/fm-procevent-tests.v9k8qf
++ printf '%s\n%s\n' 32697 'Wed Sep  9 10:06:11 2026     bash -x /Users/mremond/.no-mistakes/evidence/01M22JMZFHHKDEBP264VCZFC1C/selected-guard.sh'
++ printf '%s\n' /Users/mremond/.no-mistakes/worktrees/acf4a767348a/01M22JMZFHHKDEBP264VCZFC1C/.local-procevent-validation/tmp/fm-procevent-tests.v9k8qf
++ printf '%s\n' /Users/mremond/.no-mistakes/worktrees/acf4a767348a/01M22JMZFHHKDEBP264VCZFC1C/.local-procevent-validation/tmp/fm-procevent-tests.v9k8qf
+ TMP_ROOT=/Users/mremond/.no-mistakes/worktrees/acf4a767348a/01M22JMZFHHKDEBP264VCZFC1C/.local-procevent-validation/tmp/fm-procevent-tests.v9k8qf
+ export FM_PROCEVENT_CLAIM_ROOT=/Users/mremond/.no-mistakes/worktrees/acf4a767348a/01M22JMZFHHKDEBP264VCZFC1C/.local-procevent-validation/tmp/fm-procevent-tests.v9k8qf/claims
+ FM_PROCEVENT_CLAIM_ROOT=/Users/mremond/.no-mistakes/worktrees/acf4a767348a/01M22JMZFHHKDEBP264VCZFC1C/.local-procevent-validation/tmp/fm-procevent-tests.v9k8qf/claims
+ BLOCKER=/Users/mremond/.no-mistakes/worktrees/acf4a767348a/01M22JMZFHHKDEBP264VCZFC1C/.local-procevent-validation/tmp/fm-procevent-tests.v9k8qf/blocker.sh
+ cat
+ chmod +x /Users/mremond/.no-mistakes/worktrees/acf4a767348a/01M22JMZFHHKDEBP264VCZFC1C/.local-procevent-validation/tmp/fm-procevent-tests.v9k8qf/blocker.sh
+ QUIET_STUB=/Users/mremond/.no-mistakes/worktrees/acf4a767348a/01M22JMZFHHKDEBP264VCZFC1C/.local-procevent-validation/tmp/fm-procevent-tests.v9k8qf/quiet-stub.sh
+ cat
+ chmod +x /Users/mremond/.no-mistakes/worktrees/acf4a767348a/01M22JMZFHHKDEBP264VCZFC1C/.local-procevent-validation/tmp/fm-procevent-tests.v9k8qf/quiet-stub.sh
+ PROOF_LEASE_SECONDS=2
+ PROOF_CHECK_SECONDS=1
+ SIGNAL_PROOF_STUB=/Users/mremond/.no-mistakes/worktrees/acf4a767348a/01M22JMZFHHKDEBP264VCZFC1C/.local-procevent-validation/tmp/fm-procevent-tests.v9k8qf/signal-proof-stub.sh
+ cat
+ chmod +x /Users/mremond/.no-mistakes/worktrees/acf4a767348a/01M22JMZFHHKDEBP264VCZFC1C/.local-procevent-validation/tmp/fm-procevent-tests.v9k8qf/signal-proof-stub.sh
+ HPGUARD=/Users/mremond/.no-mistakes/worktrees/acf4a767348a/01M22JMZFHHKDEBP264VCZFC1C/.local-procevent-validation/tmp/fm-procevent-tests.v9k8qf/signal-proof-guard
+ new_home /Users/mremond/.no-mistakes/worktrees/acf4a767348a/01M22JMZFHHKDEBP264VCZFC1C/.local-procevent-validation/tmp/fm-procevent-tests.v9k8qf/signal-proof-guard
+ mkdir -p /Users/mremond/.no-mistakes/worktrees/acf4a767348a/01M22JMZFHHKDEBP264VCZFC1C/.local-procevent-validation/tmp/fm-procevent-tests.v9k8qf/signal-proof-guard/state
+ fm_test_track_procevent_home /Users/mremond/.no-mistakes/worktrees/acf4a767348a/01M22JMZFHHKDEBP264VCZFC1C/.local-procevent-validation/tmp/fm-procevent-tests.v9k8qf/signal-proof-guard
+ '[' -n /Users/mremond/.no-mistakes/worktrees/acf4a767348a/01M22JMZFHHKDEBP264VCZFC1C/.local-procevent-validation/tmp/fm-procevent-tests.v9k8qf/signal-proof-guard ']'
+ printf '%s\t%s\n' /Users/mremond/.no-mistakes/worktrees/acf4a767348a/01M22JMZFHHKDEBP264VCZFC1C/.local-procevent-validation/tmp/fm-procevent-tests.v9k8qf/signal-proof-guard ''
+ orphan_pe /Users/mremond/.no-mistakes/worktrees/acf4a767348a/01M22JMZFHHKDEBP264VCZFC1C/.local-procevent-validation/tmp/fm-procevent-tests.v9k8qf/signal-proof-guard register lavish proof-guard-src -- /Users/mremond/.no-mistakes/worktrees/acf4a767348a/01M22JMZFHHKDEBP264VCZFC1C/.local-procevent-validation/tmp/fm-procevent-tests.v9k8qf/signal-proof-stub.sh /Users/mremond/.no-mistakes/worktrees/acf4a767348a/01M22JMZFHHKDEBP264VCZFC1C/.local-procevent-validation/tmp/fm-procevent-tests.v9k8qf/proof-guard
+ local home=/Users/mremond/.no-mistakes/worktrees/acf4a767348a/01M22JMZFHHKDEBP264VCZFC1C/.local-procevent-validation/tmp/fm-procevent-tests.v9k8qf/signal-proof-guard
+ shift
+ FM_PROCEVENT_OWNER_LEASE_SECONDS=2
+ FM_PROCEVENT_OWNER_CHECK_SECONDS=1
+ FM_HOME=/Users/mremond/.no-mistakes/worktrees/acf4a767348a/01M22JMZFHHKDEBP264VCZFC1C/.local-procevent-validation/tmp/fm-procevent-tests.v9k8qf/signal-proof-guard
+ /Users/mremond/.no-mistakes/worktrees/acf4a767348a/01M22JMZFHHKDEBP264VCZFC1C/.local-procevent-validation/no-escalation/bin/fm-procevent.sh register lavish proof-guard-src -- /Users/mremond/.no-mistakes/worktrees/acf4a767348a/01M22JMZFHHKDEBP264VCZFC1C/.local-procevent-validation/tmp/fm-procevent-tests.v9k8qf/signal-proof-stub.sh /Users/mremond/.no-mistakes/worktrees/acf4a767348a/01M22JMZFHHKDEBP264VCZFC1C/.local-procevent-validation/tmp/fm-procevent-tests.v9k8qf/proof-guard
+ orphan_pe /Users/mremond/.no-mistakes/worktrees/acf4a767348a/01M22JMZFHHKDEBP264VCZFC1C/.local-procevent-validation/tmp/fm-procevent-tests.v9k8qf/signal-proof-guard reconcile
+ local home=/Users/mremond/.no-mistakes/worktrees/acf4a767348a/01M22JMZFHHKDEBP264VCZFC1C/.local-procevent-validation/tmp/fm-procevent-tests.v9k8qf/signal-proof-guard
+ shift
+ FM_PROCEVENT_OWNER_LEASE_SECONDS=2
+ FM_PROCEVENT_OWNER_CHECK_SECONDS=1
+ FM_HOME=/Users/mremond/.no-mistakes/worktrees/acf4a767348a/01M22JMZFHHKDEBP264VCZFC1C/.local-procevent-validation/tmp/fm-procevent-tests.v9k8qf/signal-proof-guard
+ /Users/mremond/.no-mistakes/worktrees/acf4a767348a/01M22JMZFHHKDEBP264VCZFC1C/.local-procevent-validation/no-escalation/bin/fm-procevent.sh reconcile
+ deadline=82
+ '[' -s /Users/mremond/.no-mistakes/worktrees/acf4a767348a/01M22JMZFHHKDEBP264VCZFC1C/.local-procevent-validation/tmp/fm-procevent-tests.v9k8qf/signal-proof-guard/state/procevent/proof-guard-src.runner ']'
+ '[' 22 -lt 82 ']'
+ orphan_pe /Users/mremond/.no-mistakes/worktrees/acf4a767348a/01M22JMZFHHKDEBP264VCZFC1C/.local-procevent-validation/tmp/fm-procevent-tests.v9k8qf/signal-proof-guard reconcile
+ sleep 0.25
+ '[' -s /Users/mremond/.no-mistakes/worktrees/acf4a767348a/01M22JMZFHHKDEBP264VCZFC1C/.local-procevent-validation/tmp/fm-procevent-tests.v9k8qf/signal-proof-guard/state/procevent/proof-guard-src.runner ']'
+ '[' 26 -lt 82 ']'
+ orphan_pe /Users/mremond/.no-mistakes/worktrees/acf4a767348a/01M22JMZFHHKDEBP264VCZFC1C/.local-procevent-validation/tmp/fm-procevent-tests.v9k8qf/signal-proof-guard reconcile
+ sleep 0.25
+ '[' -s /Users/mremond/.no-mistakes/worktrees/acf4a767348a/01M22JMZFHHKDEBP264VCZFC1C/.local-procevent-validation/tmp/fm-procevent-tests.v9k8qf/signal-proof-guard/state/procevent/proof-guard-src.runner ']'
+ '[' 29 -lt 82 ']'
+ orphan_pe /Users/mremond/.no-mistakes/worktrees/acf4a767348a/01M22JMZFHHKDEBP264VCZFC1C/.local-procevent-validation/tmp/fm-procevent-tests.v9k8qf/signal-proof-guard reconcile
+ sleep 0.25
+ '[' -s /Users/mremond/.no-mistakes/worktrees/acf4a767348a/01M22JMZFHHKDEBP264VCZFC1C/.local-procevent-validation/tmp/fm-procevent-tests.v9k8qf/signal-proof-guard/state/procevent/proof-guard-src.runner ']'
+ '[' 34 -lt 82 ']'
+ orphan_pe /Users/mremond/.no-mistakes/worktrees/acf4a767348a/01M22JMZFHHKDEBP264VCZFC1C/.local-procevent-validation/tmp/fm-procevent-tests.v9k8qf/signal-proof-guard reconcile
+ sleep 0.25
+ '[' -s /Users/mremond/.no-mistakes/worktrees/acf4a767348a/01M22JMZFHHKDEBP264VCZFC1C/.local-procevent-validation/tmp/fm-procevent-tests.v9k8qf/signal-proof-guard/state/procevent/proof-guard-src.runner ']'
+ '[' 40 -lt 82 ']'
+ orphan_pe /Users/mremond/.no-mistakes/worktrees/acf4a767348a/01M22JMZFHHKDEBP264VCZFC1C/.local-procevent-validation/tmp/fm-procevent-tests.v9k8qf/signal-proof-guard reconcile
+ sleep 0.25
+ '[' -s /Users/mremond/.no-mistakes/worktrees/acf4a767348a/01M22JMZFHHKDEBP264VCZFC1C/.local-procevent-validation/tmp/fm-procevent-tests.v9k8qf/signal-proof-guard/state/procevent/proof-guard-src.runner ']'
+ '[' 45 -lt 82 ']'
+ orphan_pe /Users/mremond/.no-mistakes/worktrees/acf4a767348a/01M22JMZFHHKDEBP264VCZFC1C/.local-procevent-validation/tmp/fm-procevent-tests.v9k8qf/signal-proof-guard reconcile
+ sleep 0.25
+ '[' -s /Users/mremond/.no-mistakes/worktrees/acf4a767348a/01M22JMZFHHKDEBP264VCZFC1C/.local-procevent-validation/tmp/fm-procevent-tests.v9k8qf/signal-proof-guard/state/procevent/proof-guard-src.runner ']'
+ '[' 54 -lt 82 ']'
+ orphan_pe /Users/mremond/.no-mistakes/worktrees/acf4a767348a/01M22JMZFHHKDEBP264VCZFC1C/.local-procevent-validation/tmp/fm-procevent-tests.v9k8qf/signal-proof-guard reconcile
+ sleep 0.25
+ '[' -s /Users/mremond/.no-mistakes/worktrees/acf4a767348a/01M22JMZFHHKDEBP264VCZFC1C/.local-procevent-validation/tmp/fm-procevent-tests.v9k8qf/signal-proof-guard/state/procevent/proof-guard-src.runner ']'
+ '[' 72 -lt 82 ']'
+ orphan_pe /Users/mremond/.no-mistakes/worktrees/acf4a767348a/01M22JMZFHHKDEBP264VCZFC1C/.local-procevent-validation/tmp/fm-procevent-tests.v9k8qf/signal-proof-guard reconcile
+ sleep 0.25
+ '[' -s /Users/mremond/.no-mistakes/worktrees/acf4a767348a/01M22JMZFHHKDEBP264VCZFC1C/.local-procevent-validation/tmp/fm-procevent-tests.v9k8qf/signal-proof-guard/state/procevent/proof-guard-src.runner ']'
+ '[' 79 -lt 82 ']'
+ orphan_pe /Users/mremond/.no-mistakes/worktrees/acf4a767348a/01M22JMZFHHKDEBP264VCZFC1C/.local-procevent-validation/tmp/fm-procevent-tests.v9k8qf/signal-proof-guard reconcile
+ sleep 0.25
+ '[' -s /Users/mremond/.no-mistakes/worktrees/acf4a767348a/01M22JMZFHHKDEBP264VCZFC1C/.local-procevent-validation/tmp/fm-procevent-tests.v9k8qf/signal-proof-guard/state/procevent/proof-guard-src.runner ']'
+ '[' 87 -lt 82 ']'
+ fail 'the guarded signal-proof listener never started'
+ printf 'not ok - %s\n' 'the guarded signal-proof listener never started'
not ok - the guarded signal-proof listener never started
+ exit 1
+ fm_test_cleanup
+ local d
+ fm_test_reap_procevent_homes
+ local home claim_root $'seen=\n'
+ '[' -f /Users/mremond/.no-mistakes/worktrees/acf4a767348a/01M22JMZFHHKDEBP264VCZFC1C/.local-procevent-validation/tmp/.fm-test-procevent.32697.oWVS6e ']'
+ IFS=$'\t'
+ read -r home claim_root
+ '[' -n /Users/mremond/.no-mistakes/worktrees/acf4a767348a/01M22JMZFHHKDEBP264VCZFC1C/.local-procevent-validation/tmp/fm-procevent-tests.v9k8qf/signal-proof-guard ']'
+ case "$seen" in
+ seen+=$'/Users/mremond/.no-mistakes/worktrees/acf4a767348a/01M22JMZFHHKDEBP264VCZFC1C/.local-procevent-validation/tmp/fm-procevent-tests.v9k8qf/signal-proof-guard\n'
+ '[' -d /Users/mremond/.no-mistakes/worktrees/acf4a767348a/01M22JMZFHHKDEBP264VCZFC1C/.local-procevent-validation/tmp/fm-procevent-tests.v9k8qf/signal-proof-guard/state/procevent ']'
+ '[' -n '' ']'
+ FM_HOME=/Users/mremond/.no-mistakes/worktrees/acf4a767348a/01M22JMZFHHKDEBP264VCZFC1C/.local-procevent-validation/tmp/fm-procevent-tests.v9k8qf/signal-proof-guard
+ FM_STATE_OVERRIDE=/Users/mremond/.no-mistakes/worktrees/acf4a767348a/01M22JMZFHHKDEBP264VCZFC1C/.local-procevent-validation/tmp/fm-procevent-tests.v9k8qf/signal-proof-guard/state
+ /Users/mremond/.no-mistakes/worktrees/acf4a767348a/01M22JMZFHHKDEBP264VCZFC1C/.local-procevent-validation/no-escalation/bin/fm-procevent.sh sweep-home
+ true
+ IFS=$'\t'
+ read -r home claim_root
+ rm -f /Users/mremond/.no-mistakes/worktrees/acf4a767348a/01M22JMZFHHKDEBP264VCZFC1C/.local-procevent-validation/tmp/.fm-test-procevent.32697.oWVS6e
+ for d in "${FM_TEST_CLEANUP_DIRS[@]:-}"
+ '[' -n '' ']'
+ '[' -f /Users/mremond/.no-mistakes/worktrees/acf4a767348a/01M22JMZFHHKDEBP264VCZFC1C/.local-procevent-validation/tmp/.fm-test-cleanup.32697.EiaCqW ']'
+ IFS=
+ read -r d
+ '[' -n /Users/mremond/.no-mistakes/worktrees/acf4a767348a/01M22JMZFHHKDEBP264VCZFC1C/.local-procevent-validation/tmp/fm-procevent-tests.v9k8qf ']'
+ rm -rf /Users/mremond/.no-mistakes/worktrees/acf4a767348a/01M22JMZFHHKDEBP264VCZFC1C/.local-procevent-validation/tmp/fm-procevent-tests.v9k8qf
+ IFS=
+ read -r d
+ rm -f /Users/mremond/.no-mistakes/worktrees/acf4a767348a/01M22JMZFHHKDEBP264VCZFC1C/.local-procevent-validation/tmp/.fm-test-cleanup.32697.EiaCqW
