FM_TEST_BEGIN 2026-09-09T09:25:19Z tests/fm-procevent.test.sh family=standalone expected_gate_skip=none
ok - no configured source means no generated state and no process
ok - one blocking completion yields exactly one bounded normalized event
ok - a home reached through a symlinked ancestor runs its sources normally
not-autohandled: direct-src (left for the handler; still unacknowledged)
ok - public start owns the process group recorded by its claim
ok - public start never claims an inherited caller process group
ok - an unhandled result survives restart and repeat drains, and only explicit acknowledgement stops its re-announcement
ok - publication cannot race a handled acknowledgement
ok - handled acknowledgement creation is private and fails safely
ok - automatic application waits for durable publication and failed publication remains recoverable
ok - a self-announcing adapter applies quietly and still publishes what it could not apply
not-autohandled: ends-src (left for the handler; still unacknowledged)
ok - an adapter-classified terminal result is captured once, announced, and retires its source automatically
not-autohandled: open-src (left for the handler; still unacknowledged)
ok - a source stays armed unless its own adapter classifies the result terminal
not-autohandled: replace-src (left for the handler; still unacknowledged)
ok - terminal retirement preserves and releases a concurrently replaced registration
ok - failed terminal retirement is fail-closed and idempotently recoverable
FM_TEST_END 2026-09-09T09:31:00Z tests/fm-procevent.test.sh exit=143 duration_ms=340329 gate_skip=false
FM_TEST_SUMMARY total=1 failed=1 skipped_gate=0 duration_ms=341544
FM_TEST_SUMMARY_FAMILY family=standalone count=1 duration_ms=340329 failed=1
FM_TEST_SLOWEST rank=1 script=tests/fm-procevent.test.sh duration_ms=340329
