pane_current_command: bash
== 0. declare the wait: paused: waiting on validation run one
  -> SURFACED (watcher exited): stale: live:fm-noted (paused 502s, awaiting external - declared pause, rechecked on a long cadence not a wedge; confirm the wait still holds)
     stale wakes queued=1
== 1. note: under the live wait (expect ABSORBED, 0 new stale wakes)
  status += note: CI queue is long today, nothing to do yet
  -> SURFACED (watcher exited): stale: live:fm-noted
     stale wakes queued=1
== 2. cadence elapses (backdate .paused-resurfaced) -> expect one recheck, age >= 500s
  -> SURFACED (watcher exited): stale: live:fm-noted
     stale wakes queued=2
stale: live:fm-noted
== 3. changed declaration followed by a note: -> expect SURFACED at once
  status += paused: waiting on validation run two
  status += note: the release call replaced the routing call
  -> SURFACED (watcher exited): stale: live:fm-noted
     stale wakes queued=1
== 4. worker leaves the wait (working:), then a note: -> expect SURFACED as before
  status += working: validation finished, back on the task
  status += note: picking the next step
  -> SURFACED (watcher exited): stale: live:fm-noted
     stale wakes queued=1
   pause tracking marker present? no
== wake queue
1789720320	5	stale	live:fm-noted	stale: live:fm-noted
