ok - remote ledgers collect concurrently under one budget, reuse aged cache, and cancel wedged collectors
not ok - kindless v1 fresh artifacts were lost: {
  "schema": "fm-bearings.v1",
  "home": "fm-bearings.SpTbUT/kindless-v1-reports",
  "generated": "2026-09-01T22:00:00Z",
  "prs": "not_requested (run: /bearings include PRs)",
  "in_flight": [],
  "secondmates": [
    {
      "id": "ledger-1",
      "state": "unknown",
      "doing": "structured home ledger collection timed out and no valid cached copy is available",
      "provenance": "unknown",
      "freshness": "unknown",
      "age_seconds": null,
      "contradiction": false,
      "reason": "structured home ledger collection timed out and no valid cached copy is available"
    }
  ],
  "secondmate_reconcile": [],
  "decisions_open": [],
  "landed": [],
  "gates": [],
  "reports": [],
  "recorded_prs": [],
  "omitted": [
    {
      "surface": "backlog item bodies",
      "reveal": "--fields bodies"
    },
    {
      "surface": "task paths",
      "reveal": "--fields paths"
    },
    {
      "surface": "watch/steer actions",
      "reveal": "--fields actions"
    },
    {
      "surface": "healthy endpoint detail",
      "reveal": "--fields endpoints"
    },
    {
      "surface": "full scout-report inventory",
      "reveal": "--all-reports"
    },
    {
      "surface": "secondmate home(s) with unreadable structured state: 1",
      "reveal": "inspect the listed secondmate home ledgers"
    },
    {
      "surface": "live PR discovery + checks",
      "reveal": "--include-prs"
    }
  ]
}
