ok - teardown ends the task's Lavish boards by path, retiring their sources first and touching no other session
ok - a refused teardown leaves every Lavish session and source untouched
ok - a Lavish end failure is reported visibly and teardown still completes
ok - a task still held for the captain keeps its Lavish boards and sources with automatic backlog updates
ok - a task still held for the captain keeps its Lavish boards and sources with manual backlog updates
ok - an open captain call in the task's inventory keeps its Lavish boards
ok - a board whose source belongs to another task is left alone
ok - registered external boards end while ended and unlisted sessions only retire their sources
ok - manual backlog mode respects exact captain-call inventory
ok - manual backlog mode respects legacy captain-call inventory
ok - manual backlog mode respects missing captain-call inventory
ok - manual backlog mode respects answered captain-call inventory
ok - teardown respects notes migrated captain-call resolution
ok - teardown respects prefix migrated captain-call resolution
ok - teardown respects ambiguous migrated captain-call resolution
ok - teardown respects scan-error migrated captain-call resolution
ok - teardown respects answered migrated captain-call resolution
actionable: task child-b is held for the captain in this home but that did not reach the parent channel (rc=3)
not ok - lavish-child-return: forced teardown should succeed: ●━━━━━━━━━━━━━━━━━━━━━━━━━━━━━━━━━━━━━━━━━━━━━━━━━━━━━━━━━━━━━━━━━━━━━━━
●  WATCHER DOWN - SUPERVISION IS OFF
●  1 task(s) in flight, but no live watcher process holds this home lock (last beat: 3s ago).
●  Trust the emitted supervision protocol for this harness; do not use shell & for watcher repair.
●  This is a supervision warning only; the guarded operation WILL still run.
●  repair missing watcher supervision with a foreground checkpoint: bin/fm-watch-checkpoint.sh --seconds 180.
●━━━━━━━━━━━━━━━━━━━━━━━━━━━━━━━━━━━━━━━━━━━━━━━━━━━━━━━━━━━━━━━━━━━━━━━
REFUSED: unsafe secondmate home removal target /Users/mremond/.no-mistakes/worktrees/acf4a767348a/01M3RP354ZWC7R9HH16YWXQDGZ/.gate-test-runtime/tmp/fm-teardown-tests.5hC5eL/lavish-child-return/secondmate-home is inside the active firstmate home: expected exit 0, got 1
